Archive member included to satisfy reference by file (symbol)

f:/2023-12-29desktop/github/ml307a/tools/toolchain/gcc-arm-none-eabi/bin/../lib/gcc/arm-none-eabi/8.3.1/thumb/v7/nofp\libgcc.a(_arm_addsubdf3.o)
                              out/build/third-party/cJSONFiles/cJSON/cJSON.o (__aeabi_dsub)
f:/2023-12-29desktop/github/ml307a/tools/toolchain/gcc-arm-none-eabi/bin/../lib/gcc/arm-none-eabi/8.3.1/thumb/v7/nofp\libgcc.a(_arm_muldivdf3.o)
                              out/build/src/cm_lib/modem/cm_modem.o (__aeabi_dmul)
f:/2023-12-29desktop/github/ml307a/tools/toolchain/gcc-arm-none-eabi/bin/../lib/gcc/arm-none-eabi/8.3.1/thumb/v7/nofp\libgcc.a(_arm_cmpdf2.o)
                              out/build/third-party/cJSONFiles/cJSON/cJSON.o (__aeabi_dcmpeq)
f:/2023-12-29desktop/github/ml307a/tools/toolchain/gcc-arm-none-eabi/bin/../lib/gcc/arm-none-eabi/8.3.1/thumb/v7/nofp\libgcc.a(_arm_fixdfsi.o)
                              out/build/third-party/cJSONFiles/cJSON/cJSON.o (__aeabi_d2iz)
f:/2023-12-29desktop/github/ml307a/tools/toolchain/gcc-arm-none-eabi/bin/../lib/gcc/arm-none-eabi/8.3.1/thumb/v7/nofp\libgcc.a(_arm_fixunsdfsi.o)
                              out/build/src/cm_lib/modem/cm_modem.o (__aeabi_d2uiz)
f:/2023-12-29desktop/github/ml307a/tools/toolchain/gcc-arm-none-eabi/bin/../lib/gcc/arm-none-eabi/8.3.1/thumb/v7/nofp\libgcc.a(_arm_truncdfsf2.o)
                              out/build/custom/custom_main/src/nema.o (__aeabi_d2f)
f:/2023-12-29desktop/github/ml307a/tools/toolchain/gcc-arm-none-eabi/bin/../lib/gcc/arm-none-eabi/8.3.1/thumb/v7/nofp\libgcc.a(_aeabi_ldivmod.o)
                              out/build/third-party/aliyun/LinkSDK/core/utils/core_string.o (__aeabi_ldivmod)
f:/2023-12-29desktop/github/ml307a/tools/toolchain/gcc-arm-none-eabi/bin/../lib/gcc/arm-none-eabi/8.3.1/thumb/v7/nofp\libgcc.a(_aeabi_uldivmod.o)
                              out/build/third-party/aliyun/LinkSDK/core/utils/core_string.o (__aeabi_uldivmod)
f:/2023-12-29desktop/github/ml307a/tools/toolchain/gcc-arm-none-eabi/bin/../lib/gcc/arm-none-eabi/8.3.1/thumb/v7/nofp\libgcc.a(_udivmoddi4.o)
                              f:/2023-12-29desktop/github/ml307a/tools/toolchain/gcc-arm-none-eabi/bin/../lib/gcc/arm-none-eabi/8.3.1/thumb/v7/nofp\libgcc.a(_aeabi_ldivmod.o) (__udivmoddi4)
f:/2023-12-29desktop/github/ml307a/tools/toolchain/gcc-arm-none-eabi/bin/../lib/gcc/arm-none-eabi/8.3.1/thumb/v7/nofp\libgcc.a(_dvmd_tls.o)
                              f:/2023-12-29desktop/github/ml307a/tools/toolchain/gcc-arm-none-eabi/bin/../lib/gcc/arm-none-eabi/8.3.1/thumb/v7/nofp\libgcc.a(_aeabi_ldivmod.o) (__aeabi_ldiv0)
prebuild/libs/cm_local_tts.a(cm_local_tts.o)
                              out/build/src/cm_lib/cm_tts_play/cm_tts_play.o (cm_local_tts_synth)
prebuild/libs/lib_tts.a(ivTTS_Ctrl.o)
                              prebuild/libs/cm_local_tts.a(cm_local_tts.o) (ivTTS_SetParam)
prebuild/libs/lib_tts.a(ivTTS_Input0.o)
                              prebuild/libs/lib_tts.a(ivTTS_Ctrl.o) (SYMDF7657E19C574E4D0895F94992888B45)
prebuild/libs/lib_tts.a(ivTTS_Inst.o)
                              prebuild/libs/cm_local_tts.a(cm_local_tts.o) (ivTTS_CreateG)
prebuild/libs/lib_tts.a(ivTTS_Main.o)
                              prebuild/libs/cm_local_tts.a(cm_local_tts.o) (ivTTS_SynthText)
prebuild/libs/lib_tts.a(ivTTS_Output.o)
                              prebuild/libs/lib_tts.a(ivTTS_Inst.o) (SYMAD8ABC69A1FA4E3118A6FB42F576FE88)
prebuild/libs/lib_tts.a(PureEnglish.o)
                              prebuild/libs/lib_tts.a(ivTTS_Inst.o) (SYM70E2982AF8664C14A5A16EBB91984187)
prebuild/libs/lib_tts.a(Dictionary.o)
                              prebuild/libs/lib_tts.a(PureEnglish.o) (SYM43DCC876983F47FD9C9F51E647AD4A55)
prebuild/libs/lib_tts.a(FrontDefine.o)
                              prebuild/libs/lib_tts.a(PureEnglish.o) (SYM81696C26915142ACF7A6A11B9602C89B)
prebuild/libs/lib_tts.a(IsCEEngine.o)
                              prebuild/libs/lib_tts.a(ivTTS_Inst.o) (SYM86CFBCCF741B4536D584E453454C9035)
prebuild/libs/lib_tts.a(IsCEFront_ChsSymbol.o)
                              prebuild/libs/lib_tts.a(IsCEEngine.o) (SYM009975B9106F40D1098FAED2A4BA938B)
prebuild/libs/lib_tts.a(IsCEFront_CtnSymbol.o)
                              prebuild/libs/lib_tts.a(IsCEEngine.o) (SYMF9646ABA97FA4CC0BE99F5BFFD8FDE64)
prebuild/libs/lib_tts.a(IsCEFront_EngSplitWord.o)
                              prebuild/libs/lib_tts.a(IsCEEngine.o) (SYM7DC56E38271948425BA035DBB6668DB6)
prebuild/libs/lib_tts.a(IsCEFront.o)
                              prebuild/libs/lib_tts.a(IsCEEngine.o) (SYM9BB80FDCCE9F44F311B6FA065FA5459A)
prebuild/libs/lib_tts.a(IsCEFront_PartOfSpeech.o)
                              prebuild/libs/lib_tts.a(IsCEFront.o) (SYM8A8AE973E70A41520487FDC30F69E0CB)
prebuild/libs/lib_tts.a(IsCEFront_PhoneProp.o)
                              prebuild/libs/lib_tts.a(IsCEEngine.o) (SYM3C0D552A02E5459115BAE0D5FD61A018)
prebuild/libs/lib_tts.a(IsCEFront_PhoneSet.o)
[...]
Memory Configuration

Name             Origin             Length             Attributes
ram              0x7e380000         0x00080000         xrw
flash            0x805f8000         0x00100000         xrw
*default*        0x00000000         0xffffffff

Linker script and memory map

LOAD out/build/src/cm_lib/cm_async_dns_adapt/async_dns_adapt.o
LOAD out/build/src/cm_lib/modem/cm_modem.o
LOAD out/build/src/cm_lib/cm_tts_play/cm_tts_play.o
LOAD out/build/third-party/cJSONFiles/cJSON/cJSON.o
LOAD out/build/third-party/aliyun/LinkSDK/core/aiot_state_api.o
LOAD out/build/third-party/aliyun/LinkSDK/core/aiot_mqtt_api.o
LOAD out/build/third-party/aliyun/LinkSDK/core/sysdep/core_adapter.o
LOAD out/build/third-party/aliyun/LinkSDK/core/sysdep/core_sysdep.o
LOAD out/build/third-party/aliyun/LinkSDK/core/utils/core_auth.o
LOAD out/build/third-party/aliyun/LinkSDK/core/utils/core_diag.o
LOAD out/build/third-party/aliyun/LinkSDK/core/utils/core_global.o
LOAD out/build/third-party/aliyun/LinkSDK/core/utils/core_http.o
LOAD out/build/third-party/aliyun/LinkSDK/core/utils/core_log.o
LOAD out/build/third-party/aliyun/LinkSDK/core/utils/core_sha256.o
LOAD out/build/third-party/aliyun/LinkSDK/core/utils/core_string.o
LOAD out/build/third-party/aliyun/LinkSDK/external/ali_ca_cert.o
LOAD out/build/third-party/aliyun/LinkSDK/portfiles/aiot_port/freertos_port.o
LOAD out/build/third-party/aliyun/LinkSDK/external/mbedtls/library/aes.o
LOAD out/build/third-party/aliyun/LinkSDK/external/mbedtls/library/asn1parse.o
LOAD out/build/third-party/aliyun/LinkSDK/external/mbedtls/library/base64.o
LOAD out/build/third-party/aliyun/LinkSDK/external/mbedtls/library/bignum.o
LOAD out/build/third-party/aliyun/LinkSDK/external/mbedtls/library/cipher.o
LOAD out/build/third-party/aliyun/LinkSDK/external/mbedtls/library/cipher_wrap.o
LOAD out/build/third-party/aliyun/LinkSDK/external/mbedtls/library/ctr_drbg.o
LOAD out/build/third-party/aliyun/LinkSDK/external/mbedtls/library/debug.o
LOAD out/build/third-party/aliyun/LinkSDK/external/mbedtls/library/entropy.o
LOAD out/build/third-party/aliyun/LinkSDK/external/mbedtls/library/error.o
LOAD out/build/third-party/aliyun/LinkSDK/external/mbedtls/library/md.o
LOAD out/build/third-party/aliyun/LinkSDK/external/mbedtls/library/md_wrap.o
LOAD out/build/third-party/aliyun/LinkSDK/external/mbedtls/library/oid.o
LOAD out/build/third-party/aliyun/LinkSDK/external/mbedtls/library/pem.o
LOAD out/build/third-party/aliyun/LinkSDK/external/mbedtls/library/pk.o
LOAD out/build/third-party/aliyun/LinkSDK/external/mbedtls/library/pk_wrap.o
LOAD out/build/third-party/aliyun/LinkSDK/external/mbedtls/library/pkparse.o
LOAD out/build/third-party/aliyun/LinkSDK/external/mbedtls/library/platform.o
LOAD out/build/third-party/aliyun/LinkSDK/external/mbedtls/library/platform_util.o
LOAD out/build/third-party/aliyun/LinkSDK/external/mbedtls/library/rsa.o
LOAD out/build/third-party/aliyun/LinkSDK/external/mbedtls/library/rsa_internal.o
LOAD out/build/third-party/aliyun/LinkSDK/external/mbedtls/library/sha1.o
LOAD out/build/third-party/aliyun/LinkSDK/external/mbedtls/library/sha256.o
LOAD out/build/third-party/aliyun/LinkSDK/external/mbedtls/library/ssl_ciphersuites.o
LOAD out/build/third-party/aliyun/LinkSDK/external/mbedtls/library/ssl_cli.o
LOAD out/build/third-party/aliyun/LinkSDK/external/mbedtls/library/ssl_cookie.o
LOAD out/build/third-party/aliyun/LinkSDK/external/mbedtls/library/ssl_tls.o
LOAD out/build/third-party/aliyun/LinkSDK/external/mbedtls/library/x509.o
LOAD out/build/third-party/aliyun/LinkSDK/external/mbedtls/library/x509_crt.o
LOAD out/build/third-party/aliyun/LinkSDK/components/ota/aiot_ota_api.o
LOAD out/build/third-party/aliyun/LinkSDK/components/ota/ota_md5.o
LOAD out/build/custom/custom_main/src/custom_main.o
LOAD out/build/custom/custom_main/src/uart.o
LOAD out/build/custom/custom_main/src/cors.o
LOAD out/build/custom/custom_main/src/cors_socket.o
LOAD out/build/custom/custom_main/src/nema.o
LOAD out/build/custom/custom_main/src/mcu_uart.o
LOAD out/build/custom/custom_main/src/baidumap.o
LOAD out/build/custom/custom_main/src/coor_trans.o
LOAD f:/2023-12-29desktop/github/ml307a/tools/toolchain/gcc-arm-none-eabi/bin/../lib/gcc/arm-none-eabi/8.3.1/thumb/v7/nofp\libgcc.a
LOAD prebuild/objs/ML307A/DSLN/cm_stub_DSLN.o
START GROUP
LOAD prebuild/libs/cm_local_tts.a
LOAD prebuild/libs/lib_tts.a
LOAD prebuild/libs/cm_ftp.a
END GROUP
LOAD f:/2023-12-29desktop/github/ml307a/tools/toolchain/gcc-arm-none-eabi/bin/../lib/gcc/arm-none-eabi/8.3.1/../../../../arm-none-eabi/lib/thumb/v7/nofp\libstdc++.a
LOAD f:/2023-12-29desktop/github/ml307a/tools/toolchain/gcc-arm-none-eabi/bin/../lib/gcc/arm-none-eabi/8.3.1/../../../../arm-none-eabi/lib/thumb/v7/nofp\libm.a
LOAD f:/2023-12-29desktop/github/ml307a/tools/toolchain/gcc-arm-none-eabi/bin/../lib/gcc/arm-none-eabi/8.3.1/../../../../arm-none-eabi/lib/thumb/v7/nofp\libc.a
START GROUP
LOAD f:/2023-12-29desktop/github/ml307a/tools/toolchain/gcc-arm-none-eabi/bin/../lib/gcc/arm-none-eabi/8.3.1/thumb/v7/nofp\libgcc.a
LOAD f:/2023-12-29desktop/github/ml307a/tools/toolchain/gcc-arm-none-eabi/bin/../lib/gcc/arm-none-eabi/8.3.1/../../../../arm-none-eabi/lib/thumb/v7/nofp\libc.a
END GROUP
START GROUP
LOAD f:/2023-12-29desktop/github/ml307a/tools/toolchain/gcc-arm-none-eabi/bin/../lib/gcc/arm-none-eabi/8.3.1/thumb/v7/nofp\libgcc.a
LOAD f:/2023-12-29desktop/github/ml307a/tools/toolchain/gcc-arm-none-eabi/bin/../lib/gcc/arm-none-eabi/8.3.1/../../../../arm-none-eabi/lib/thumb/v7/nofp\libc.a
LOAD f:/2023-12-29desktop/github/ml307a/tools/toolchain/gcc-arm-none-eabi/bin/../lib/gcc/arm-none-eabi/8.3.1/../../../../arm-none-eabi/lib/thumb/v7/nofp\libnosys.a
END GROUP
                0x805f8000                . = ORIGIN (flash)
                0x805f8000                __flash_start = .

.image_header   0x805f8000       0x74
                0x805f8000        0x4 LONG 0x5a5aa5a5
                0x805f8004        0x4 LONG 0xc650 (__flash_end - __flash_start)
                0x805f8008        0x4 LONG 0x805f8000 __flash_start
                0x805f800c        0x4 LONG 0x7e380000 __ram_start
                0x805f8010        0x4 LONG 0x0
                0x805f8014        0x4 LONG 0x78 (__text_lma_start - __flash_start)
                0x805f8018        0x4 LONG 0x805f8078 __text_lma_start
                0x805f801c        0x4 LONG 0x805f8078 __text_vma_start
                0x805f8020        0x4 LONG 0xa7b8 (__text_vma_end - __text_vma_start)
                0x805f8024        0x4 LONG 0x1
                0x805f8028        0x4 LONG 0xa830 (__rodata_lma_start - __flash_start)
                0x805f802c        0x4 LONG 0x80602830 __rodata_lma_start
                0x805f8030        0x4 LONG 0x80602830 __rodata_vma_start
                0x805f8034        0x4 LONG 0xa2c (__rodata_vma_end - __rodata_vma_start)
                0x805f8038        0x4 LONG 0x2
                0x805f803c        0x4 LONG 0xbc98 (__data_lma_start - __flash_start)
                0x805f8040        0x4 LONG 0x80603c98 __data_lma_start
                0x805f8044        0x4 LONG 0x7e380a30 __data_vma_start
                0x805f8048        0x4 LONG 0x9b4 (__data_vma_end - __data_vma_start)
                0x805f804c        0x4 LONG 0x3
                0x805f8050        0x4 LONG 0xfdd893e8 (__bss_lma_start - __flash_start)
                0x805f8054        0x4 LONG 0x7e3813e8 __bss_lma_start
                0x805f8058        0x4 LONG 0x7e3813e8 __bss_vma_start
                0x805f805c        0x4 LONG 0x19d8 (__bss_vma_end - __bss_vma_start)
                0x805f8060        0x4 LONG 0x4
                0x805f8064        0x4 LONG 0xb268 (__sramtext_lma_start - __flash_start)
                0x805f8068        0x4 LONG 0x80603268 __sramtext_lma_start
                0x805f806c        0x4 LONG 0x7e380000 __sramtext_vma_start
                0x805f8070        0x4 LONG 0xa30 (__sramtext_vma_end - __sramtext_vma_start)

.text           0x805f8078     0xa7b8
                0x805f8078                __text_vma_start = .
 *(.text.cm_opencpu_entry)
 .text.cm_opencpu_entry
                0x805f8078       0x98 out/build/custom/custom_main/src/custom_main.o
                0x805f8078                cm_opencpu_entry
 EXCLUDE_FILE(*lib_tts.a: *.sram.o *cm_stub_DSLN.o) *(.text .text.* .gnu.linkonce.t.* .glue_7 .glue_7t .vfp11_veneer .v4_bx)
 .glue_7        0x805f8110        0x0 linker stubs
 .glue_7t       0x805f8110        0x0 linker stubs
 .vfp11_veneer  0x805f8110        0x0 linker stubs
 .v4_bx         0x805f8110        0x0 linker stubs
 .text.cb       0x805f8110       0x4c out/build/src/cm_lib/modem/cm_modem.o
 .text.cm_modem_get_pdp_state
                0x805f815c      0x2b0 out/build/src/cm_lib/modem/cm_modem.o
                0x805f815c                cm_modem_get_pdp_state
 .text.Delay    0x805f840c       0x38 out/build/custom/custom_main/src/custom_main.o
                0x805f840c                Delay
 .text.osThreadCreat
                0x805f8444       0x80 out/build/custom/custom_main/src/custom_main.o
                0x805f8444                osThreadCreat
 .text.u0_printf
                0x805f84c4       0x60 out/build/custom/custom_main/src/uart.o
                0x805f84c4                u0_printf
 .text.u1_printf
                0x805f8524       0x60 out/build/custom/custom_main/src/uart.o
                0x805f8524                u1_printf
 .text.u0_read  0x805f8584       0xac out/build/custom/custom_main/src/uart.o
                0x805f8584                u0_read
 .text.u1_read  0x805f8630      0x2a4 out/build/custom/custom_main/src/uart.o
                0x805f8630                u1_read
 .text.uart0_init
                0x805f88d4       0xbc out/build/custom/custom_main/src/uart.o
                0x805f88d4                uart0_init
 .text.uart1_init
                0x805f8990       0xac out/build/custom/custom_main/src/uart.o
                0x805f8990                uart1_init
 .text.u0_callback
                0x805f8a3c       0x44 out/build/custom/custom_main/src/uart.o
                0x805f8a3c                u0_callback
 .text.u1_callback
                0x805f8a80       0x44 out/build/custom/custom_main/src/uart.o
                0x805f8a80                u1_callback
 .text.GetCors  0x805f8ac4      0x174 out/build/custom/custom_main/src/cors.o
                0x805f8ac4                GetCors
 .text.lwip_htons
                0x805f8c38       0x4c out/build/custom/custom_main/src/cors_socket.o
 .text.print_ipv4_addressCors
                0x805f8c84       0xf0 out/build/custom/custom_main/src/cors_socket.o
                0x805f8c84                print_ipv4_addressCors
 .text.CreateCorsSocket
                0x805f8d74      0x2a8 out/build/custom/custom_main/src/cors_socket.o
                0x805f8d74                CreateCorsSocket
 .text.extractFirstxxx
                0x805f901c      0x114 out/build/custom/custom_main/src/nema.o
                0x805f901c                extractFirstxxx
 .text.substring
                0x805f9130       0xd8 out/build/custom/custom_main/src/nema.o
 .text.ParseGPGGA
                0x805f9208      0x4a4 out/build/custom/custom_main/src/nema.o
                0x805f9208                ParseGPGGA
 .text.ParseGPRMC
                0x805f96ac      0xa34 out/build/custom/custom_main/src/nema.o
                0x805f96ac                ParseGPRMC
 .text.substring
                0x805fa0e0       0xd8 out/build/custom/custom_main/src/mcu_uart.o
 .text.ParsingCORS
                0x805fa1b8      0x290 out/build/custom/custom_main/src/mcu_uart.o
                0x805fa1b8                ParsingCORS
 .text.ParseCORS
                0x805fa448      0x28c out/build/custom/custom_main/src/mcu_uart.o
                0x805fa448                ParseCORS
 .text.ParseSLAVE
                0x805fa6d4      0x29c out/build/custom/custom_main/src/mcu_uart.o
                0x805fa6d4                ParseSLAVE
 .text.lwip_htons
                0x805fa970       0x4c out/build/custom/custom_main/src/baidumap.o
 .text.UpBaiduMap
                0x805fa9bc       0x44 out/build/custom/custom_main/src/baidumap.o
                0x805fa9bc                UpBaiduMap
 .text.print_ipv4_addressBauduMap
                0x805faa00       0xf0 out/build/custom/custom_main/src/baidumap.o
                0x805faa00                print_ipv4_addressBauduMap
 .text.CreateBaiduMapSocket
                0x805faaf0      0x3b4 out/build/custom/custom_main/src/baidumap.o
                0x805faaf0                CreateBaiduMapSocket
 .text.dms_to_degrees
                0x805faea4       0xc4 out/build/custom/custom_main/src/coor_trans.o
                0x805faea4                dms_to_degrees
 .text          0x805faf68      0x378 f:/2023-12-29desktop/github/ml307a/tools/toolchain/gcc-arm-none-eabi/bin/../lib/gcc/arm-none-eabi/8.3.1/thumb/v7/nofp\libgcc.a(_arm_addsubdf3.o)
                0x805faf68                __aeabi_drsub
                0x805faf70                __aeabi_dsub
                0x805faf70                __subdf3
                0x805faf74                __aeabi_dadd
                0x805faf74                __adddf3
                0x805fb1ec                __floatunsidf
                0x805fb1ec                __aeabi_ui2d
                0x805fb20c                __floatsidf
                0x805fb20c                __aeabi_i2d
                0x805fb230                __aeabi_f2d
                0x805fb230                __extendsfdf2
                0x805fb274                __floatundidf
                0x805fb274                __aeabi_ul2d
                0x805fb284                __floatdidf
                0x805fb284                __aeabi_l2d
 .text          0x805fb2e0      0x424 f:/2023-12-29desktop/github/ml307a/tools/toolchain/gcc-arm-none-eabi/bin/../lib/gcc/arm-none-eabi/8.3.1/thumb/v7/nofp\libgcc.a(_arm_muldivdf3.o)
                0x805fb2e0                __aeabi_dmul
                0x805fb2e0                __muldf3
                0x805fb534                __divdf3
                0x805fb534                __aeabi_ddiv
 .text          0x805fb704      0x110 f:/2023-12-29desktop/github/ml307a/tools/toolchain/gcc-arm-none-eabi/bin/../lib/gcc/arm-none-eabi/8.3.1/thumb/v7/nofp\libgcc.a(_arm_cmpdf2.o)
                0x805fb704                __gtdf2
                0x805fb704                __gedf2
                0x805fb70c                __ltdf2
                0x805fb70c                __ledf2
                0x805fb714                __nedf2
                0x805fb714                __eqdf2
                0x805fb714                __cmpdf2
                0x805fb790                __aeabi_cdrcmple
                0x805fb7a0                __aeabi_cdcmpeq
                0x805fb7a0                __aeabi_cdcmple
                0x805fb7b0                __aeabi_dcmpeq
                0x805fb7c4                __aeabi_dcmplt
                0x805fb7d8                __aeabi_dcmple
                0x805fb7ec                __aeabi_dcmpge
                0x805fb800                __aeabi_dcmpgt
 .text          0x805fb814       0x50 f:/2023-12-29desktop/github/ml307a/tools/toolchain/gcc-arm-none-eabi/bin/../lib/gcc/arm-none-eabi/8.3.1/thumb/v7/nofp\libgcc.a(_arm_fixdfsi.o)
                0x805fb814                __aeabi_d2iz
                0x805fb814                __fixdfsi
 .text          0x805fb864       0x40 f:/2023-12-29desktop/github/ml307a/tools/toolchain/gcc-arm-none-eabi/bin/../lib/gcc/arm-none-eabi/8.3.1/thumb/v7/nofp\libgcc.a(_arm_fixunsdfsi.o)
                0x805fb864                __aeabi_d2uiz
                0x805fb864                __fixunsdfsi
 .text          0x805fb8a4       0xa0 f:/2023-12-29desktop/github/ml307a/tools/toolchain/gcc-arm-none-eabi/bin/../lib/gcc/arm-none-eabi/8.3.1/thumb/v7/nofp\libgcc.a(_arm_truncdfsf2.o)
                0x805fb8a4                __truncdfsf2
                0x805fb8a4                __aeabi_d2f
 .text          0x805fb944       0x30 f:/2023-12-29desktop/github/ml307a/tools/toolchain/gcc-arm-none-eabi/bin/../lib/gcc/arm-none-eabi/8.3.1/thumb/v7/nofp\libgcc.a(_aeabi_uldivmod.o)
                0x805fb944                __aeabi_uldivmod
 .text          0x805fb974      0x118 f:/2023-12-29desktop/github/ml307a/tools/toolchain/gcc-arm-none-eabi/bin/../lib/gcc/arm-none-eabi/8.3.1/thumb/v7/nofp\libgcc.a(_udivmoddi4.o)
                0x805fb974                __udivmoddi4
 .text          0x805fba8c        0x4 f:/2023-12-29desktop/github/ml307a/tools/toolchain/gcc-arm-none-eabi/bin/../lib/gcc/arm-none-eabi/8.3.1/thumb/v7/nofp\libgcc.a(_dvmd_tls.o)
                0x805fba8c                __aeabi_idiv0
                0x805fba8c                __aeabi_ldiv0
 .text.nan      0x805fba90        0xc f:/2023-12-29desktop/github/ml307a/tools/toolchain/gcc-arm-none-eabi/bin/../lib/gcc/arm-none-eabi/8.3.1/../../../../arm-none-eabi/lib/thumb/v7/nofp\libm.a(lib_a-s_nan.o)
                0x805fba90                nan
 .text.atof     0x805fba9c        0x8 f:/2023-12-29desktop/github/ml307a/tools/toolchain/gcc-arm-none-eabi/bin/../lib/gcc/arm-none-eabi/8.3.1/../../../../arm-none-eabi/lib/thumb/v7/nofp\libc.a(lib_a-atof.o)
                0x805fba9c                atof
 .text.atoi     0x805fbaa4        0x8 f:/2023-12-29desktop/github/ml307a/tools/toolchain/gcc-arm-none-eabi/bin/../lib/gcc/arm-none-eabi/8.3.1/../../../../arm-none-eabi/lib/thumb/v7/nofp\libc.a(lib_a-atoi.o)
                0x805fbaa4                atoi
 .text._calloc_r
                0x805fbaac       0x64 f:/2023-12-29desktop/github/ml307a/tools/toolchain/gcc-arm-none-eabi/bin/../lib/gcc/arm-none-eabi/8.3.1/../../../../arm-none-eabi/lib/thumb/v7/nofp\libc.a(lib_a-callocr.o)
                0x805fbaac                _calloc_r
 .text.exit     0x805fbb10       0x20 f:/2023-12-29desktop/github/ml307a/tools/toolchain/gcc-arm-none-eabi/bin/../lib/gcc/arm-none-eabi/8.3.1/../../../../arm-none-eabi/lib/thumb/v7/nofp\libc.a(lib_a-exit.o)
                0x805fbb10                exit
 .text._malloc_r
                0x805fbb30      0x5a4 f:/2023-12-29desktop/github/ml307a/tools/toolchain/gcc-arm-none-eabi/bin/../lib/gcc/arm-none-eabi/8.3.1/../../../../arm-none-eabi/lib/thumb/v7/nofp\libc.a(lib_a-mallocr.o)
                0x805fbb30                _malloc_r
 .text.memcmp   0x805fc0d4       0x60 f:/2023-12-29desktop/github/ml307a/tools/toolchain/gcc-arm-none-eabi/bin/../lib/gcc/arm-none-eabi/8.3.1/../../../../arm-none-eabi/lib/thumb/v7/nofp\libc.a(lib_a-memcmp.o)
                0x805fc0d4                memcmp
 .text          0x805fc134       0xec f:/2023-12-29desktop/github/ml307a/tools/toolchain/gcc-arm-none-eabi/bin/../lib/gcc/arm-none-eabi/8.3.1/../../../../arm-none-eabi/lib/thumb/v7/nofp\libc.a(lib_a-memcpy.o)
                0x805fc134                memcpy
 .text.memmove  0x805fc220       0xd0 f:/2023-12-29desktop/github/ml307a/tools/toolchain/gcc-arm-none-eabi/bin/../lib/gcc/arm-none-eabi/8.3.1/../../../../arm-none-eabi/lib/thumb/v7/nofp\libc.a(lib_a-memmove.o)
                0x805fc220                memmove
 .text.memset   0x805fc2f0       0xa0 f:/2023-12-29desktop/github/ml307a/tools/toolchain/gcc-arm-none-eabi/bin/../lib/gcc/arm-none-eabi/8.3.1/../../../../arm-none-eabi/lib/thumb/v7/nofp\libc.a(lib_a-memset.o)
                0x805fc2f0                memset
 .text.__malloc_lock
                0x805fc390        0xc f:/2023-12-29desktop/github/ml307a/tools/toolchain/gcc-arm-none-eabi/bin/../lib/gcc/arm-none-eabi/8.3.1/../../../../arm-none-eabi/lib/thumb/v7/nofp\libc.a(lib_a-mlock.o)
                0x805fc390                __malloc_lock
 .text.__malloc_unlock
                0x805fc39c        0xc f:/2023-12-29desktop/github/ml307a/tools/toolchain/gcc-arm-none-eabi/bin/../lib/gcc/arm-none-eabi/8.3.1/../../../../arm-none-eabi/lib/thumb/v7/nofp\libc.a(lib_a-mlock.o)
                0x805fc39c                __malloc_unlock
 .text._sbrk_r  0x805fc3a8       0x28 f:/2023-12-29desktop/github/ml307a/tools/toolchain/gcc-arm-none-eabi/bin/../lib/gcc/arm-none-eabi/8.3.1/../../../../arm-none-eabi/lib/thumb/v7/nofp\libc.a(lib_a-sbrkr.o)
                0x805fc3a8                _sbrk_r
 .text.sprintf  0x805fc3d0       0x48 f:/2023-12-29desktop/github/ml307a/tools/toolchain/gcc-arm-none-eabi/bin/../lib/gcc/arm-none-eabi/8.3.1/../../../../arm-none-eabi/lib/thumb/v7/nofp\libc.a(lib_a-sprintf.o)
                0x805fc3d0                sprintf
 .text.strchr   0x805fc418       0xe4 f:/2023-12-29desktop/github/ml307a/tools/toolchain/gcc-arm-none-eabi/bin/../lib/gcc/arm-none-eabi/8.3.1/../../../../arm-none-eabi/lib/thumb/v7/nofp\libc.a(lib_a-strchr.o)
                0x805fc418                strchr
 .text          0x805fc4fc      0x1bc f:/2023-12-29desktop/github/ml307a/tools/toolchain/gcc-arm-none-eabi/bin/../lib/gcc/arm-none-eabi/8.3.1/../../../../arm-none-eabi/lib/thumb/v7/nofp\libc.a(lib_a-strcmp.o)
                0x805fc4fc                strcmp
 .text.strcpy   0x805fc6b8       0xbc f:/2023-12-29desktop/github/ml307a/tools/toolchain/gcc-arm-none-eabi/bin/../lib/gcc/arm-none-eabi/8.3.1/../../../../arm-none-eabi/lib/thumb/v7/nofp\libc.a(lib_a-strcpy.o)
                0x805fc6b8                strcpy
 .text.strlen   0x805fc774       0x5c f:/2023-12-29desktop/github/ml307a/tools/toolchain/gcc-arm-none-eabi/bin/../lib/gcc/arm-none-eabi/8.3.1/../../../../arm-none-eabi/lib/thumb/v7/nofp\libc.a(lib_a-strlen-stub.o)
                0x805fc774                strlen
 .text.strncmp  0x805fc7d0       0xa4 f:/2023-12-29desktop/github/ml307a/tools/toolchain/gcc-arm-none-eabi/bin/../lib/gcc/arm-none-eabi/8.3.1/../../../../arm-none-eabi/lib/thumb/v7/nofp\libc.a(lib_a-strncmp.o)
                0x805fc7d0                strncmp
 .text.strncpy  0x805fc874       0x80 f:/2023-12-29desktop/github/ml307a/tools/toolchain/gcc-arm-none-eabi/bin/../lib/gcc/arm-none-eabi/8.3.1/../../../../arm-none-eabi/lib/thumb/v7/nofp\libc.a(lib_a-strncpy.o)
                0x805fc874                strncpy
 .text.two_way_long_needle
                0x805fc8f4      0x300 f:/2023-12-29desktop/github/ml307a/tools/toolchain/gcc-arm-none-eabi/bin/../lib/gcc/arm-none-eabi/8.3.1/../../../../arm-none-eabi/lib/thumb/v7/nofp\libc.a(lib_a-strstr.o)
 .text.strstr   0x805fcbf4      0x18c f:/2023-12-29desktop/github/ml307a/tools/toolchain/gcc-arm-none-eabi/bin/../lib/gcc/arm-none-eabi/8.3.1/../../../../arm-none-eabi/lib/thumb/v7/nofp\libc.a(lib_a-strstr.o)
                0x805fcbf4                strstr
 .text.sulp     0x805fcd80       0x44 f:/2023-12-29desktop/github/ml307a/tools/toolchain/gcc-arm-none-eabi/bin/../lib/gcc/arm-none-eabi/8.3.1/../../../../arm-none-eabi/lib/thumb/v7/nofp\libc.a(lib_a-strtod.o)
 *fill*         0x805fcdc4        0x4 
 .text._strtod_l
                0x805fcdc8      0xf84 f:/2023-12-29desktop/github/ml307a/tools/toolchain/gcc-arm-none-eabi/bin/../lib/gcc/arm-none-eabi/8.3.1/../../../../arm-none-eabi/lib/thumb/v7/nofp\libc.a(lib_a-strtod.o)
                0x805fcdc8                _strtod_l
 .text.strtod   0x805fdd4c       0x20 f:/2023-12-29desktop/github/ml307a/tools/toolchain/gcc-arm-none-eabi/bin/../lib/gcc/arm-none-eabi/8.3.1/../../../../arm-none-eabi/lib/thumb/v7/nofp\libc.a(lib_a-strtod.o)
                0x805fdd4c                strtod
 .text.strtok   0x805fdd6c       0x14 f:/2023-12-29desktop/github/ml307a/tools/toolchain/gcc-arm-none-eabi/bin/../lib/gcc/arm-none-eabi/8.3.1/../../../../arm-none-eabi/lib/thumb/v7/nofp\libc.a(lib_a-strtok.o)
                0x805fdd6c                strtok
 .text.__strtok_r
                0x805fdd80       0x68 f:/2023-12-29desktop/github/ml307a/tools/toolchain/gcc-arm-none-eabi/bin/../lib/gcc/arm-none-eabi/8.3.1/../../../../arm-none-eabi/lib/thumb/v7/nofp\libc.a(lib_a-strtok_r.o)
                0x805fdd80                __strtok_r
 .text._strtol_l.isra.0
                0x805fdde8      0x128 f:/2023-12-29desktop/github/ml307a/tools/toolchain/gcc-arm-none-eabi/bin/../lib/gcc/arm-none-eabi/8.3.1/../../../../arm-none-eabi/lib/thumb/v7/nofp\libc.a(lib_a-strtol.o)
 .text.strtol   0x805fdf10       0x18 f:/2023-12-29desktop/github/ml307a/tools/toolchain/gcc-arm-none-eabi/bin/../lib/gcc/arm-none-eabi/8.3.1/../../../../arm-none-eabi/lib/thumb/v7/nofp\libc.a(lib_a-strtol.o)
                0x805fdf10                strtol
 .text._svfprintf_r
                0x805fdf28     0x1a28 f:/2023-12-29desktop/github/ml307a/tools/toolchain/gcc-arm-none-eabi/bin/../lib/gcc/arm-none-eabi/8.3.1/../../../../arm-none-eabi/lib/thumb/v7/nofp\libc.a(lib_a-svfprintf.o)
                0x805fdf28                _svfprintf_r
 .text._vsnprintf_r
                0x805ff950       0x6c f:/2023-12-29desktop/github/ml307a/tools/toolchain/gcc-arm-none-eabi/bin/../lib/gcc/arm-none-eabi/8.3.1/../../../../arm-none-eabi/lib/thumb/v7/nofp\libc.a(lib_a-vsnprintf.o)
                0x805ff950                _vsnprintf_r
 .text.vsnprintf
                0x805ff9bc       0x20 f:/2023-12-29desktop/github/ml307a/tools/toolchain/gcc-arm-none-eabi/bin/../lib/gcc/arm-none-eabi/8.3.1/../../../../arm-none-eabi/lib/thumb/v7/nofp\libc.a(lib_a-vsnprintf.o)
                0x805ff9bc                vsnprintf
 .text.__call_exitprocs
                0x805ff9dc       0xb4 f:/2023-12-29desktop/github/ml307a/tools/toolchain/gcc-arm-none-eabi/bin/../lib/gcc/arm-none-eabi/8.3.1/../../../../arm-none-eabi/lib/thumb/v7/nofp\libc.a(lib_a-__call_atexit.o)
                0x805ff9dc                __call_exitprocs
 .text.quorem   0x805ffa90      0x140 f:/2023-12-29desktop/github/ml307a/tools/toolchain/gcc-arm-none-eabi/bin/../lib/gcc/arm-none-eabi/8.3.1/../../../../arm-none-eabi/lib/thumb/v7/nofp\libc.a(lib_a-dtoa.o)
 .text._dtoa_r  0x805ffbd0      0xf1c f:/2023-12-29desktop/github/ml307a/tools/toolchain/gcc-arm-none-eabi/bin/../lib/gcc/arm-none-eabi/8.3.1/../../../../arm-none-eabi/lib/thumb/v7/nofp\libc.a(lib_a-dtoa.o)
                0x805ffbd0                _dtoa_r
 .text._malloc_trim_r
                0x80600aec       0xac f:/2023-12-29desktop/github/ml307a/tools/toolchain/gcc-arm-none-eabi/bin/../lib/gcc/arm-none-eabi/8.3.1/../../../../arm-none-eabi/lib/thumb/v7/nofp\libc.a(lib_a-freer.o)
                0x80600aec                _malloc_trim_r
 .text._free_r  0x80600b98      0x1fc f:/2023-12-29desktop/github/ml307a/tools/toolchain/gcc-arm-none-eabi/bin/../lib/gcc/arm-none-eabi/8.3.1/../../../../arm-none-eabi/lib/thumb/v7/nofp\libc.a(lib_a-freer.o)
                0x80600b98                _free_r
 .text.rshift   0x80600d94       0xa8 f:/2023-12-29desktop/github/ml307a/tools/toolchain/gcc-arm-none-eabi/bin/../lib/gcc/arm-none-eabi/8.3.1/../../../../arm-none-eabi/lib/thumb/v7/nofp\libc.a(lib_a-gdtoa-gethex.o)
 .text.__gethex
                0x80600e3c      0x558 f:/2023-12-29desktop/github/ml307a/tools/toolchain/gcc-arm-none-eabi/bin/../lib/gcc/arm-none-eabi/8.3.1/../../../../arm-none-eabi/lib/thumb/v7/nofp\libc.a(lib_a-gdtoa-gethex.o)
                0x80600e3c                __gethex
 .text.__match  0x80601394       0x30 f:/2023-12-29desktop/github/ml307a/tools/toolchain/gcc-arm-none-eabi/bin/../lib/gcc/arm-none-eabi/8.3.1/../../../../arm-none-eabi/lib/thumb/v7/nofp\libc.a(lib_a-gdtoa-hexnan.o)
                0x80601394                __match
 .text.__hexnan
                0x806013c4      0x198 f:/2023-12-29desktop/github/ml307a/tools/toolchain/gcc-arm-none-eabi/bin/../lib/gcc/arm-none-eabi/8.3.1/../../../../arm-none-eabi/lib/thumb/v7/nofp\libc.a(lib_a-gdtoa-hexnan.o)
                0x806013c4                __hexnan
 .text._localeconv_r
                0x8060155c        0x8 f:/2023-12-29desktop/github/ml307a/tools/toolchain/gcc-arm-none-eabi/bin/../lib/gcc/arm-none-eabi/8.3.1/../../../../arm-none-eabi/lib/thumb/v7/nofp\libc.a(lib_a-localeconv.o)
                0x8060155c                _localeconv_r
 .text.__retarget_lock_acquire_recursive
                0x80601564        0x4 f:/2023-12-29desktop/github/ml307a/tools/toolchain/gcc-arm-none-eabi/bin/../lib/gcc/arm-none-eabi/8.3.1/../../../../arm-none-eabi/lib/thumb/v7/nofp\libc.a(lib_a-lock.o)
                0x80601564                __retarget_lock_acquire_recursive
 .text.__retarget_lock_release_recursive
                0x80601568        0x4 f:/2023-12-29desktop/github/ml307a/tools/toolchain/gcc-arm-none-eabi/bin/../lib/gcc/arm-none-eabi/8.3.1/../../../../arm-none-eabi/lib/thumb/v7/nofp\libc.a(lib_a-lock.o)
                0x80601568                __retarget_lock_release_recursive
 .text.__ascii_mbtowc
                0x8060156c       0x24 f:/2023-12-29desktop/github/ml307a/tools/toolchain/gcc-arm-none-eabi/bin/../lib/gcc/arm-none-eabi/8.3.1/../../../../arm-none-eabi/lib/thumb/v7/nofp\libc.a(lib_a-mbtowc_r.o)
                0x8060156c                __ascii_mbtowc
 .text.memchr   0x80601590       0x8c f:/2023-12-29desktop/github/ml307a/tools/toolchain/gcc-arm-none-eabi/bin/../lib/gcc/arm-none-eabi/8.3.1/../../../../arm-none-eabi/lib/thumb/v7/nofp\libc.a(lib_a-memchr-stub.o)
                0x80601590                memchr
 .text._Balloc  0x8060161c       0x4c f:/2023-12-29desktop/github/ml307a/tools/toolchain/gcc-arm-none-eabi/bin/../lib/gcc/arm-none-eabi/8.3.1/../../../../arm-none-eabi/lib/thumb/v7/nofp\libc.a(lib_a-mprec.o)
                0x8060161c                _Balloc
 .text._Bfree   0x80601668       0x14 f:/2023-12-29desktop/github/ml307a/tools/toolchain/gcc-arm-none-eabi/bin/../lib/gcc/arm-none-eabi/8.3.1/../../../../arm-none-eabi/lib/thumb/v7/nofp\libc.a(lib_a-mprec.o)
                0x80601668                _Bfree
 .text.__multadd
                0x8060167c       0x90 f:/2023-12-29desktop/github/ml307a/tools/toolchain/gcc-arm-none-eabi/bin/../lib/gcc/arm-none-eabi/8.3.1/../../../../arm-none-eabi/lib/thumb/v7/nofp\libc.a(lib_a-mprec.o)
                0x8060167c                __multadd
 .text.__s2b    0x8060170c       0x98 f:/2023-12-29desktop/github/ml307a/tools/toolchain/gcc-arm-none-eabi/bin/../lib/gcc/arm-none-eabi/8.3.1/../../../../arm-none-eabi/lib/thumb/v7/nofp\libc.a(lib_a-mprec.o)
                0x8060170c                __s2b
 .text.__hi0bits
                0x806017a4       0x40 f:/2023-12-29desktop/github/ml307a/tools/toolchain/gcc-arm-none-eabi/bin/../lib/gcc/arm-none-eabi/8.3.1/../../../../arm-none-eabi/lib/thumb/v7/nofp\libc.a(lib_a-mprec.o)
                0x806017a4                __hi0bits
 .text.__lo0bits
                0x806017e4       0x5c f:/2023-12-29desktop/github/ml307a/tools/toolchain/gcc-arm-none-eabi/bin/../lib/gcc/arm-none-eabi/8.3.1/../../../../arm-none-eabi/lib/thumb/v7/nofp\libc.a(lib_a-mprec.o)
                0x806017e4                __lo0bits
 .text.__i2b    0x80601840       0x14 f:/2023-12-29desktop/github/ml307a/tools/toolchain/gcc-arm-none-eabi/bin/../lib/gcc/arm-none-eabi/8.3.1/../../../../arm-none-eabi/lib/thumb/v7/nofp\libc.a(lib_a-mprec.o)
                0x80601840                __i2b
 .text.__multiply
                0x80601854      0x140 f:/2023-12-29desktop/github/ml307a/tools/toolchain/gcc-arm-none-eabi/bin/../lib/gcc/arm-none-eabi/8.3.1/../../../../arm-none-eabi/lib/thumb/v7/nofp\libc.a(lib_a-mprec.o)
                0x80601854                __multiply
 .text.__pow5mult
                0x80601994       0xa4 f:/2023-12-29desktop/github/ml307a/tools/toolchain/gcc-arm-none-eabi/bin/../lib/gcc/arm-none-eabi/8.3.1/../../../../arm-none-eabi/lib/thumb/v7/nofp\libc.a(lib_a-mprec.o)
                0x80601994                __pow5mult
 .text.__lshift
                0x80601a38       0xbc f:/2023-12-29desktop/github/ml307a/tools/toolchain/gcc-arm-none-eabi/bin/../lib/gcc/arm-none-eabi/8.3.1/../../../../arm-none-eabi/lib/thumb/v7/nofp\libc.a(lib_a-mprec.o)
                0x80601a38                __lshift
 .text.__mcmp   0x80601af4       0x3c f:/2023-12-29desktop/github/ml307a/tools/toolchain/gcc-arm-none-eabi/bin/../lib/gcc/arm-none-eabi/8.3.1/../../../../arm-none-eabi/lib/thumb/v7/nofp\libc.a(lib_a-mprec.o)
                0x80601af4                __mcmp
 .text.__mdiff  0x80601b30      0x108 f:/2023-12-29desktop/github/ml307a/tools/toolchain/gcc-arm-none-eabi/bin/../lib/gcc/arm-none-eabi/8.3.1/../../../../arm-none-eabi/lib/thumb/v7/nofp\libc.a(lib_a-mprec.o)
                0x80601b30                __mdiff
 .text.__ulp    0x80601c38       0x40 f:/2023-12-29desktop/github/ml307a/tools/toolchain/gcc-arm-none-eabi/bin/../lib/gcc/arm-none-eabi/8.3.1/../../../../arm-none-eabi/lib/thumb/v7/nofp\libc.a(lib_a-mprec.o)
                0x80601c38                __ulp
 .text.__b2d    0x80601c78       0xc4 f:/2023-12-29desktop/github/ml307a/tools/toolchain/gcc-arm-none-eabi/bin/../lib/gcc/arm-none-eabi/8.3.1/../../../../arm-none-eabi/lib/thumb/v7/nofp\libc.a(lib_a-mprec.o)
                0x80601c78                __b2d
 .text.__d2b    0x80601d3c       0xac f:/2023-12-29desktop/github/ml307a/tools/toolchain/gcc-arm-none-eabi/bin/../lib/gcc/arm-none-eabi/8.3.1/../../../../arm-none-eabi/lib/thumb/v7/nofp\libc.a(lib_a-mprec.o)
                0x80601d3c                __d2b
 .text.__ratio  0x80601de8       0x58 f:/2023-12-29desktop/github/ml307a/tools/toolchain/gcc-arm-none-eabi/bin/../lib/gcc/arm-none-eabi/8.3.1/../../../../arm-none-eabi/lib/thumb/v7/nofp\libc.a(lib_a-mprec.o)
                0x80601de8                __ratio
 .text.__copybits
                0x80601e40       0x48 f:/2023-12-29desktop/github/ml307a/tools/toolchain/gcc-arm-none-eabi/bin/../lib/gcc/arm-none-eabi/8.3.1/../../../../arm-none-eabi/lib/thumb/v7/nofp\libc.a(lib_a-mprec.o)
                0x80601e40                __copybits
 .text.__any_on
                0x80601e88       0x58 f:/2023-12-29desktop/github/ml307a/tools/toolchain/gcc-arm-none-eabi/bin/../lib/gcc/arm-none-eabi/8.3.1/../../../../arm-none-eabi/lib/thumb/v7/nofp\libc.a(lib_a-mprec.o)
                0x80601e88                __any_on
 .text.frexp    0x80601ee0       0x70 f:/2023-12-29desktop/github/ml307a/tools/toolchain/gcc-arm-none-eabi/bin/../lib/gcc/arm-none-eabi/8.3.1/../../../../arm-none-eabi/lib/thumb/v7/nofp\libc.a(lib_a-s_frexp.o)
                0x80601ee0                frexp
 .text.strnlen  0x80601f50       0x44 f:/2023-12-29desktop/github/ml307a/tools/toolchain/gcc-arm-none-eabi/bin/../lib/gcc/arm-none-eabi/8.3.1/../../../../arm-none-eabi/lib/thumb/v7/nofp\libc.a(lib_a-strnlen.o)
                0x80601f50                strnlen
 .text.__ssprint_r
                0x80601f94       0xf8 f:/2023-12-29desktop/github/ml307a/tools/toolchain/gcc-arm-none-eabi/bin/../lib/gcc/arm-none-eabi/8.3.1/../../../../arm-none-eabi/lib/thumb/v7/nofp\libc.a(lib_a-svfiprintf.o)
                0x80601f94                __ssprint_r
 .text.__ascii_wctomb
                0x8060208c       0x18 f:/2023-12-29desktop/github/ml307a/tools/toolchain/gcc-arm-none-eabi/bin/../lib/gcc/arm-none-eabi/8.3.1/../../../../arm-none-eabi/lib/thumb/v7/nofp\libc.a(lib_a-wctomb_r.o)
                0x8060208c                __ascii_wctomb
 .text._realloc_r
                0x806020a4      0x374 f:/2023-12-29desktop/github/ml307a/tools/toolchain/gcc-arm-none-eabi/bin/../lib/gcc/arm-none-eabi/8.3.1/../../../../arm-none-eabi/lib/thumb/v7/nofp\libc.a(lib_a-reallocr.o)
                0x806020a4                _realloc_r
 .text          0x80602418      0x278 f:/2023-12-29desktop/github/ml307a/tools/toolchain/gcc-arm-none-eabi/bin/../lib/gcc/arm-none-eabi/8.3.1/thumb/v7/nofp\libgcc.a(_udivsi3.o)
                0x80602418                __aeabi_uidiv
                0x80602418                __udivsi3
                0x80602674                __aeabi_uidivmod
 .text          0x80602690       0x2c f:/2023-12-29desktop/github/ml307a/tools/toolchain/gcc-arm-none-eabi/bin/../lib/gcc/arm-none-eabi/8.3.1/thumb/v7/nofp\libgcc.a(_arm_unorddf2.o)
                0x80602690                __unorddf2
                0x80602690                __aeabi_dcmpun
 .text          0x806026bc       0x34 f:/2023-12-29desktop/github/ml307a/tools/toolchain/gcc-arm-none-eabi/bin/../lib/gcc/arm-none-eabi/8.3.1/thumb/v7/nofp\libgcc.a(_fixdfdi.o)
                0x806026bc                __fixdfdi
                0x806026bc                __aeabi_d2lz
 .text          0x806026f0       0x3c f:/2023-12-29desktop/github/ml307a/tools/toolchain/gcc-arm-none-eabi/bin/../lib/gcc/arm-none-eabi/8.3.1/thumb/v7/nofp\libgcc.a(_fixunsdfdi.o)
                0x806026f0                __fixunsdfdi
                0x806026f0                __aeabi_d2ulz
 .text._sbrk    0x8060272c       0x20 f:/2023-12-29desktop/github/ml307a/tools/toolchain/gcc-arm-none-eabi/bin/../lib/gcc/arm-none-eabi/8.3.1/../../../../arm-none-eabi/lib/thumb/v7/nofp\libnosys.a(sbrk.o)
                0x8060272c                _sbrk
 .text._exit    0x8060274c        0x4 f:/2023-12-29desktop/github/ml307a/tools/toolchain/gcc-arm-none-eabi/bin/../lib/gcc/arm-none-eabi/8.3.1/../../../../arm-none-eabi/lib/thumb/v7/nofp\libnosys.a(_exit.o)
                0x8060274c                _exit
 .text._exit.__stub
                0x80602750       0xe0 linker stubs
                0x80602830                __text_vma_end = .
                0x80602830                . = ALIGN (0x8)
                0x805f8078                __text_lma_start = LOADADDR (.text)

.iplt           0x80602830        0x0
 .iplt          0x80602830        0x0 out/build/src/cm_lib/modem/cm_modem.o

.rodata         0x80602830      0xa30
                0x80602830                __rodata_vma_start = .
 *(.rdata .rodata .rodata.* .gnu.linkonce.r.*)
 .rodata        0x80602830      0x172 out/build/src/cm_lib/modem/cm_modem.o
 *fill*         0x806029a2        0x2 
 .rodata        0x806029a4       0x20 out/build/custom/custom_main/src/custom_main.o
 .rodata        0x806029c4       0xd0 out/build/custom/custom_main/src/uart.o
 .rodata        0x80602a94       0x94 out/build/custom/custom_main/src/cors.o
 .rodata        0x80602b28      0x172 out/build/custom/custom_main/src/cors_socket.o
 *fill*         0x80602c9a        0x2 
 .rodata        0x80602c9c        0x9 out/build/custom/custom_main/src/nema.o
 *fill*         0x80602ca5        0x3 
 .rodata        0x80602ca8       0x9d out/build/custom/custom_main/src/mcu_uart.o
 *fill*         0x80602d45        0x3 
 .rodata        0x80602d48      0x11a out/build/custom/custom_main/src/baidumap.o
 *fill*         0x80602e62        0x2 
 .rodata._ctype_
                0x80602e64      0x101 f:/2023-12-29desktop/github/ml307a/tools/toolchain/gcc-arm-none-eabi/bin/../lib/gcc/arm-none-eabi/8.3.1/../../../../arm-none-eabi/lib/thumb/v7/nofp\libc.a(lib_a-ctype_.o)
                0x80602e64                _ctype_
 *fill*         0x80602f65        0x3 
 .rodata._global_impure_ptr
                0x80602f68        0x4 f:/2023-12-29desktop/github/ml307a/tools/toolchain/gcc-arm-none-eabi/bin/../lib/gcc/arm-none-eabi/8.3.1/../../../../arm-none-eabi/lib/thumb/v7/nofp\libc.a(lib_a-impure.o)
                0x80602f68                _global_impure_ptr
 .rodata._strtod_l.str1.4
                0x80602f6c        0xf f:/2023-12-29desktop/github/ml307a/tools/toolchain/gcc-arm-none-eabi/bin/../lib/gcc/arm-none-eabi/8.3.1/../../../../arm-none-eabi/lib/thumb/v7/nofp\libc.a(lib_a-strtod.o)
                                 0x11 (size before relaxing)
 *fill*         0x80602f7b        0x1 
 .rodata.fpi.6207
                0x80602f7c       0x14 f:/2023-12-29desktop/github/ml307a/tools/toolchain/gcc-arm-none-eabi/bin/../lib/gcc/arm-none-eabi/8.3.1/../../../../arm-none-eabi/lib/thumb/v7/nofp\libc.a(lib_a-strtod.o)
 .rodata.fpinan.6243
                0x80602f90       0x14 f:/2023-12-29desktop/github/ml307a/tools/toolchain/gcc-arm-none-eabi/bin/../lib/gcc/arm-none-eabi/8.3.1/../../../../arm-none-eabi/lib/thumb/v7/nofp\libc.a(lib_a-strtod.o)
 *fill*         0x80602fa4        0x4 
 .rodata.tinytens
                0x80602fa8       0x28 f:/2023-12-29desktop/github/ml307a/tools/toolchain/gcc-arm-none-eabi/bin/../lib/gcc/arm-none-eabi/8.3.1/../../../../arm-none-eabi/lib/thumb/v7/nofp\libc.a(lib_a-strtod.o)
 .rodata._svfprintf_r.str1.4
                0x80602fd0       0x42 f:/2023-12-29desktop/github/ml307a/tools/toolchain/gcc-arm-none-eabi/bin/../lib/gcc/arm-none-eabi/8.3.1/../../../../arm-none-eabi/lib/thumb/v7/nofp\libc.a(lib_a-svfprintf.o)
 *fill*         0x80603012        0x2 
 .rodata.blanks.7355
                0x80603014       0x10 f:/2023-12-29desktop/github/ml307a/tools/toolchain/gcc-arm-none-eabi/bin/../lib/gcc/arm-none-eabi/8.3.1/../../../../arm-none-eabi/lib/thumb/v7/nofp\libc.a(lib_a-svfprintf.o)
 .rodata.zeroes.7356
                0x80603024       0x10 f:/2023-12-29desktop/github/ml307a/tools/toolchain/gcc-arm-none-eabi/bin/../lib/gcc/arm-none-eabi/8.3.1/../../../../arm-none-eabi/lib/thumb/v7/nofp\libc.a(lib_a-svfprintf.o)
 .rodata._dtoa_r.str1.4
                0x80603034        0xd f:/2023-12-29desktop/github/ml307a/tools/toolchain/gcc-arm-none-eabi/bin/../lib/gcc/arm-none-eabi/8.3.1/../../../../arm-none-eabi/lib/thumb/v7/nofp\libc.a(lib_a-dtoa.o)
                                 0x12 (size before relaxing)
 *fill*         0x80603041        0x3 
 .rodata.__hexdig
                0x80603044      0x100 f:/2023-12-29desktop/github/ml307a/tools/toolchain/gcc-arm-none-eabi/bin/../lib/gcc/arm-none-eabi/8.3.1/../../../../arm-none-eabi/lib/thumb/v7/nofp\libc.a(lib_a-gdtoa-gethex.o)
                0x80603044                __hexdig
 .rodata._C_numeric_locale
                0x80603144        0xc f:/2023-12-29desktop/github/ml307a/tools/toolchain/gcc-arm-none-eabi/bin/../lib/gcc/arm-none-eabi/8.3.1/../../../../arm-none-eabi/lib/thumb/v7/nofp\libc.a(lib_a-lnumeric.o)
                0x80603144                _C_numeric_locale
 .rodata.str1.4
                0x80603150        0x2 f:/2023-12-29desktop/github/ml307a/tools/toolchain/gcc-arm-none-eabi/bin/../lib/gcc/arm-none-eabi/8.3.1/../../../../arm-none-eabi/lib/thumb/v7/nofp\libc.a(lib_a-lnumeric.o)
                                  0x5 (size before relaxing)
 *fill*         0x80603152        0x2 
 .rodata._setlocale_r.str1.4
                0x80603154        0xc f:/2023-12-29desktop/github/ml307a/tools/toolchain/gcc-arm-none-eabi/bin/../lib/gcc/arm-none-eabi/8.3.1/../../../../arm-none-eabi/lib/thumb/v7/nofp\libc.a(lib_a-locale.o)
                                  0xd (size before relaxing)
 .rodata.str1.4
                0x80603160        0x2 f:/2023-12-29desktop/github/ml307a/tools/toolchain/gcc-arm-none-eabi/bin/../lib/gcc/arm-none-eabi/8.3.1/../../../../arm-none-eabi/lib/thumb/v7/nofp\libc.a(lib_a-locale.o)
 .rodata.__mprec_bigtens
                0x80603160       0x28 f:/2023-12-29desktop/github/ml307a/tools/toolchain/gcc-arm-none-eabi/bin/../lib/gcc/arm-none-eabi/8.3.1/../../../../arm-none-eabi/lib/thumb/v7/nofp\libc.a(lib_a-mprec.o)
                0x80603160                __mprec_bigtens
 .rodata.__mprec_tens
                0x80603188       0xc8 f:/2023-12-29desktop/github/ml307a/tools/toolchain/gcc-arm-none-eabi/bin/../lib/gcc/arm-none-eabi/8.3.1/../../../../arm-none-eabi/lib/thumb/v7/nofp\libc.a(lib_a-mprec.o)
                0x80603188                __mprec_tens
 .rodata.p05.6125
                0x80603250        0xc f:/2023-12-29desktop/github/ml307a/tools/toolchain/gcc-arm-none-eabi/bin/../lib/gcc/arm-none-eabi/8.3.1/../../../../arm-none-eabi/lib/thumb/v7/nofp\libc.a(lib_a-mprec.o)
                0x8060325c                __rodata_vma_end = .
                0x80603260                . = ALIGN (0x8)
 *fill*         0x8060325c        0x4 
                0x80602830                __rodata_lma_start = LOADADDR (.rodata)

.ARM.exidx      0x80603260        0x8
 .ARM.exidx     0x80603260        0x8 f:/2023-12-29desktop/github/ml307a/tools/toolchain/gcc-arm-none-eabi/bin/../lib/gcc/arm-none-eabi/8.3.1/thumb/v7/nofp\libgcc.a(_udivmoddi4.o)
                0x7e380000                . = ORIGIN (ram)
                0x7e380000                __ram_start = .

.sramtext       0x7e380000      0xa30 load address 0x80603268
                0x7e380000                __sramtext_vma_start = .
 *cm_stub_DSLN.o(.text .text.* .gnu.linkonce.t.* .glue_7 .glue_7t .vfp11_veneer .v4_bx)
 .text          0x7e380000      0xa30 prebuild/objs/ML307A/DSLN/cm_stub_DSLN.o
                0x7e380000                osDelay
                0x7e380004                osThreadNew
                0x7e380008                osThreadExit
                0x7e38000c                osThreadGetName
                0x7e380010                osThreadGetId
                0x7e380014                osThreadGetStackSpace
                0x7e380018                osTimerGetName
                0x7e38001c                osThreadTerminate
                0x7e380020                osKernelGetTickFreq
                0x7e380024                osKernelGetTickCount
                0x7e380028                osKernelLock
                0x7e38002c                osKernelUnlock
                0x7e380030                osThreadGetState
                0x7e380034                osThreadGetStackSize
                0x7e380038                osThreadSetPriority
                0x7e38003c                osThreadGetPriority
                0x7e380040                osThreadSuspend
                0x7e380044                osThreadResume
                0x7e380048                osThreadYield
                0x7e38004c                osThreadGetCount
                0x7e380050                osTimerNew
                0x7e380054                osTimerStart
                0x7e380058                osTimerStop
                0x7e38005c                osTimerIsRunning
                0x7e380060                osTimerDelete
                0x7e380064                osEventFlagsGet
                0x7e380068                osEventFlagsClear
                0x7e38006c                osMutexGetOwner
                0x7e380070                osSemaphoreGetCount
                0x7e380074                osSemaphoreDelete
                0x7e380078                osMessageQueueGetCapacity
                0x7e38007c                osMessageQueueGetMsgSize
                0x7e380080                osMessageQueueGetCount
                0x7e380084                osMessageQueueGetSpace
                0x7e380088                osMessageQueueReset
                0x7e38008c                osMessageQueueDelete
                0x7e380090                cm_printf
                0x7e380094                RTI_LOG
                0x7e380098                cm_uart_open
                0x7e38009c                cm_uart_register_event
                0x7e3800a0                cm_uart_close
                0x7e3800a4                cm_uart_write
                0x7e3800a8                cm_uart_read
                0x7e3800ac                osSemaphoreNew
                0x7e3800b0                osSemaphoreRelease
                0x7e3800b4                cm_log_printf
                0x7e3800b8                cm_sys_get_imei
                0x7e3800bc                cm_sys_get_sn
                0x7e3800c0                cm_sys_get_cm_ver
                0x7e3800c4                cm_sim_get_imsi
                0x7e3800c8                osSemaphoreAcquire
                0x7e3800cc                osEventFlagsNew
                0x7e3800d0                osEventFlagsWait
                0x7e3800d4                osEventFlagsSet
                0x7e3800d8                osMessageQueueGet
                0x7e3800dc                osMessageQueueNew
                0x7e3800e0                osMessageQueuePut
                0x7e3800e4                cm_malloc
                0x7e3800e8                cm_realloc
                0x7e3800ec                cm_calloc
                0x7e3800f0                cm_free
                0x7e3800f4                cm_asocket_eloop
                0x7e3800f8                cm_asocket_open
                0x7e3800fc                cm_asocket_connect
                0x7e380100                cm_asocket_close
                0x7e380104                cm_asocket_init
                0x7e380108                cm_async_dns_set_priority
                0x7e38010c                cm_async_dns_eloop
                0x7e380110                cm_async_dns_init
                0x7e380114                cm_async_dns_request_ex
                0x7e380118                cm_eloop_create
                0x7e38011c                cm_eloop_delete
                0x7e380120                cm_eloop_wait_event
                0x7e380124                cm_eloop_register_event
                0x7e380128                cm_eloop_unregister_event
                0x7e38012c                cm_eloop_post_event
                0x7e380130                cm_eloop_default
                0x7e380134                lwip_socket_init
                0x7e380138                lwip_accept
                0x7e38013c                lwip_bind
                0x7e380140                lwip_shutdown
                0x7e380144                lwip_shutdown2
                0x7e380148                lwip_getsockname
                0x7e38014c                lwip_getpeername
                0x7e380150                lwip_setsockopt
                0x7e380154                lwip_getsockopt
                0x7e380158                lwip_close
                0x7e38015c                lwip_close2
                0x7e380160                lwip_connect
                0x7e380164                lwip_listen
                0x7e380168                lwip_recv
                0x7e38016c                lwip_read
                0x7e380170                lwip_recvfrom
                0x7e380174                lwip_send
                0x7e380178                lwip_sendto
                0x7e38017c                lwip_socket
                0x7e380180                lwip_socket_with_callback
                0x7e380184                lwip_write
                0x7e380188                lwip_select
                0x7e38018c                lwip_ioctl
                0x7e380190                lwip_fcntl
                0x7e380194                lwip_eventfd
                0x7e380198                lwip_getthreaderrno
                0x7e38019c                lwip_getsockvalid
                0x7e3801a0                lwip_getsockerrno
                0x7e3801a4                lwip_getsocktype
                0x7e3801a8                lwip_getsocknetconn
                0x7e3801ac                lwip_getsocktcppcb
                0x7e3801b0                lwip_getsockudppcb
                0x7e3801b4                lwip_get_sock_localport
                0x7e3801b8                lwip_get_sock_remoteport
                0x7e3801bc                lwip_get_sock_isipv6
                0x7e3801c0                lwip_get_sock_pdu_offset
                0x7e3801c4                lwip_trigger_process
                0x7e3801c8                lwip_get_sock_localipXaddr
                0x7e3801cc                lwip_get_sock_remoteipXaddr
                0x7e3801d0                lwip_get_sock_vlanid
                0x7e3801d4                readn
                0x7e3801d8                writen
                0x7e3801dc                readline
                0x7e3801e0                lwip_readv
                0x7e3801e4                lwip_writev
                0x7e3801e8                lwip_recvmsg
                0x7e3801ec                lwip_sendmsg
                0x7e3801f0                ipaddr_addr
                0x7e3801f4                ipaddr_aton
                0x7e3801f8                ipaddr_ntoa
                0x7e3801fc                ip6addr_aton
                0x7e380200                ip6addr_ntoa
                0x7e380204                inet_ntop
                0x7e380208                inet_pton
                0x7e38020c                lwip_gethostbyname
                0x7e380210                lwip_getaddrinfo
                0x7e380214                lwip_freeaddrinfo
                0x7e380218                dns_gethostbyname
                0x7e38021c                get_lwip_errno
                0x7e380220                get_tx_byte_all
                0x7e380224                get_rx_byte_all
                0x7e380228                osEventFlagsDelete
                0x7e38022c                osMutexDelete
                0x7e380230                osMutexNew
                0x7e380234                osMutexAcquire
                0x7e380238                osMutexRelease
                0x7e38023c                cm_mem_get_heap_stats
                0x7e380240                cm_gpio_init
                0x7e380244                cm_gpio_deinit
                0x7e380248                cm_gpio_set_level
                0x7e38024c                cm_gpio_get_level
                0x7e380250                cm_gpio_set_pull
                0x7e380254                cm_gpio_get_pull
                0x7e380258                cm_gpio_set_direction
                0x7e38025c                cm_gpio_get_direction
                0x7e380260                cm_gpio_interrupt_register
                0x7e380264                cm_gpio_interrupt_enable
                0x7e380268                cm_gpio_interrupt_disable
                0x7e38026c                cm_gpio_ioctl
                0x7e380270                cm_iomux_set_pin_func
                0x7e380274                cm_iomux_get_pin_func
                0x7e380278                cm_iomux_set_pin_cmd
                0x7e38027c                cm_pm_reboot
                0x7e380280                cm_pm_poweroff
                0x7e380284                cm_pm_get_power_on_reason
                0x7e380288                cm_pm_set_mode
                0x7e38028c                cm_pm_get_mode
                0x7e380290                cm_pm_work_lock
                0x7e380294                cm_pm_work_unlock
                0x7e380298                cm_pm_init
                0x7e38029c                cm_pm_powerkey_regist_callback
                0x7e3802a0                cm_keypad_config
                0x7e3802a4                cm_keypad_init
                0x7e3802a8                cm_keypad_register
                0x7e3802ac                cm_keypad_unregister
                0x7e3802b0                cm_keypad_deinit
                0x7e3802b4                cm_pwm_open_ns
                0x7e3802b8                cm_pwm_close
                0x7e3802bc                cm_lbs_init
                0x7e3802c0                cm_lbs_deinit
                0x7e3802c4                cm_lbs_location
                0x7e3802c8                cm_lbs_get_attr
                0x7e3802cc                cm_fs_open
                0x7e3802d0                cm_fs_close
                0x7e3802d4                cm_fs_read
                0x7e3802d8                cm_fs_write
                0x7e3802dc                cm_fs_sync
                0x7e3802e0                cm_fs_seek
                0x7e3802e4                cm_fs_delete
                0x7e3802e8                cm_fs_move
                0x7e3802ec                cm_fs_exist
                0x7e3802f0                cm_fs_filesize
                0x7e3802f4                cm_fs_getinfo
                0x7e3802f8                cm_ssl_setopt
                0x7e3802fc                cm_ssl_conn
                0x7e380300                cm_ssl_close
                0x7e380304                cm_ssl_write
                0x7e380308                cm_ssl_read
                0x7e38030c                cm_ssl_check_pending
                0x7e380310                cm_ssl_get_bytes_avail
                0x7e380314                cm_httpclient_uri_encode
                0x7e380318                cm_httpclient_uri_encode_component
                0x7e38031c                cm_httpclient_create
                0x7e380320                cm_httpclient_delete
                0x7e380324                cm_httpclient_is_busy
                0x7e380328                cm_httpclient_set_cfg
                0x7e38032c                cm_httpclient_terminate
                0x7e380330                cm_httpclient_custom_header_set
                0x7e380334                cm_httpclient_custom_header_free
                0x7e380338                cm_httpclient_specific_header_set
                0x7e38033c                cm_httpclient_specific_header_free
                0x7e380340                cm_httpclient_get_response_code
                0x7e380344                cm_httpclient_parse_header
                0x7e380348                cm_httpclient_sync_request
                0x7e38034c                cm_httpclient_sync_free_data
                0x7e380350                cm_httpclient_request_start
                0x7e380354                cm_httpclient_request_send
                0x7e380358                cm_httpclient_request_end
                0x7e38035c                cm_virt_at_init
                0x7e380360                cm_virt_at_send
                0x7e380364                cm_virt_at_get
                0x7e380368                cm_virt_at_deinit
                0x7e38036c                cm_virt_at_urc_reg
                0x7e380370                cm_virt_at_sms_send
                0x7e380374                cm_virt_at_msg_memory
                0x7e380378                cm_modem_info_cell
                0x7e38037c                cm_modem_info_radio
                0x7e380380                cm_rtc_set_timezone
                0x7e380384                cm_rtc_get_timezone
                0x7e380388                cm_rtc_set_current_time
                0x7e38038c                cm_rtc_get_current_time
                0x7e380390                cm_ntp_sync
                0x7e380394                cm_ntp_set_cfg
                0x7e380398                cm_i2c_open
                0x7e38039c                cm_i2c_close
                0x7e3803a0                cm_i2c_write
                0x7e3803a4                cm_i2c_read
                0x7e3803a8                cm_adc_read
                0x7e3803ac                cm_spi_open
                0x7e3803b0                cm_spi_close
                0x7e3803b4                cm_spi_write
                0x7e3803b8                cm_spi_read
                0x7e3803bc                cm_spi_write_then_read
                0x7e3803c0                cm_mqtt_client_create
                0x7e3803c4                cm_mqtt_client_destroy
                0x7e3803c8                cm_mqtt_client_connect
                0x7e3803cc                cm_mqtt_client_publish
                0x7e3803d0                cm_mqtt_client_subscribe
                0x7e3803d4                cm_mqtt_client_unsubscribe
                0x7e3803d8                cm_mqtt_client_disconnect
                0x7e3803dc                cm_mqtt_client_set_opt
                0x7e3803e0                cm_mqtt_client_get_msgid
                0x7e3803e4                cm_mqtt_client_get_state
                0x7e3803e8                cm_mqtt_client_get_sub_topics
                0x7e3803ec                linklist_next_element
                0x7e3803f0                cm_audio_play_set_cfg
                0x7e3803f4                cm_audio_play_get_cfg
                0x7e3803f8                cm_audio_play_file
                0x7e3803fc                cm_audio_player_pause
                0x7e380400                cm_audio_player_resume
                0x7e380404                cm_audio_player_stop
                0x7e380408                cm_audio_player_stream_open
                0x7e38040c                cm_audio_player_stream_push
                0x7e380410                cm_audio_player_stream_close
                0x7e380414                cm_audio_record_set_cfg
                0x7e380418                cm_audio_record_get_cfg
                0x7e38041c                cm_audio_recorder_start
                0x7e380420                cm_audio_recorder_stop
                0x7e380424                cm_fota_init
                0x7e380428                cm_fota_set_url
                0x7e38042c                cm_fota_set_auth
                0x7e380430                cm_fota_read_config
                0x7e380434                cm_fota_exec_upgrade
                0x7e380438                cm_fota_set_reboot_time
                0x7e38043c                cm_fota_set_ota_plan
                0x7e380440                cm_fota_get_ota_plan
                0x7e380444                cm_fota_res_callback_register
                0x7e380448                cm_tts_init
                0x7e38044c                cm_tts_deinit
                0x7e380450                cm_tts_play
                0x7e380454                cm_tts_play_stop
                0x7e380458                cm_tts_synth
                0x7e38045c                cm_tts_get_state
                0x7e380460                cm_write_tts_encrypt
                0x7e380464                cm_read_tts_encrypt
                0x7e380468                cm_cert_imei
                0x7e38046c                cm_get_ipv4v6_local_addr
                0x7e380470                cm_async_dns_get_type_by_priority
                0x7e380474                cm_sd_is_formatted
                0x7e380478                cm_sd_format
                0x7e38047c                cm_sd_fopen
                0x7e380480                cm_sd_fclose
                0x7e380484                cm_sd_fread
                0x7e380488                cm_sd_fwrite
                0x7e38048c                cm_sd_fseek
                0x7e380490                cm_sd_fdelete
                0x7e380494                cm_sd_fmove
                0x7e380498                cm_sd_exist
                0x7e38049c                cm_sd_filesize
                0x7e3804a0                cm_sd_mkdir
                0x7e3804a4                cm_sd_rmdir
                0x7e3804a8                cm_sd_set_currentdir
                0x7e3804ac                cm_sd_get_currentdir
                0x7e3804b0                cm_sd_getinfo
                0x7e3804b4                FAT_findfirst
                0x7e3804b8                FAT_findnext
                0x7e3804bc                FAT_findfileclose
                0x7e3804c0                cm_lcd_write_cmd
                0x7e3804c4                cm_lcd_write_data
                0x7e3804c8                cm_lcd_write_buf
                0x7e3804cc                cm_lcd_init
                0x7e3804d0                cm_lcd_deinit
                0x7e3804d4                cm_wifiscan_cfg
                0x7e3804d8                cm_wifiscan_start
                0x7e3804dc                cm_wifiscan_stop
                0x7e3804e0                cm_wifiscan_query
                0x7e3804e4                cm_camera_sensor_set_mclk
                0x7e3804e8                cm_camera_sensor_set_data
                0x7e3804ec                cm_camera_get_info
                0x7e3804f0                cm_camera_open
                0x7e3804f4                cm_camera_close
                0x7e3804f8                cm_camera_preview_start
                0x7e3804fc                cm_camera_preview_stop
                0x7e380500                cm_camera_capture_take
                0x7e380504                cm_camera_sensor_i2c_read
                0x7e380508                cm_camera_sensor_i2c_write
                0x7e38050c                cm_camera_sensor_i2c_write_single
                0x7e380510                time
                0x7e380514                gettimeofday
 *.sram.o(.text .text.* .gnu.linkonce.t.* .glue_7 .glue_7t .vfp11_veneer .v4_bx)
 *lib_tts.a:(.text .text.* .gnu.linkonce.t.* .glue_7 .glue_7t .vfp11_veneer .v4_bx)
 *(.sramtext)
                0x7e380a30                __sramtext_vma_end = .
                0x7e380a30                . = ALIGN (0x8)
                0x80603268                __sramtext_lma_start = LOADADDR (.sramtext)

.rel.dyn        0x80603c98        0x0
 .rel.iplt      0x80603c98        0x0 out/build/src/cm_lib/modem/cm_modem.o

.data           0x7e380a30      0x9b8 load address 0x80603c98
                0x7e380a30                __data_vma_start = .
 *(.data .data.* .gnu.linkonce.d.*)
 .data._impure_ptr
                0x7e380a30        0x4 f:/2023-12-29desktop/github/ml307a/tools/toolchain/gcc-arm-none-eabi/bin/../lib/gcc/arm-none-eabi/8.3.1/../../../../arm-none-eabi/lib/thumb/v7/nofp\libc.a(lib_a-impure.o)
                0x7e380a30                _impure_ptr
 *fill*         0x7e380a34        0x4 
 .data.impure_data
                0x7e380a38      0x428 f:/2023-12-29desktop/github/ml307a/tools/toolchain/gcc-arm-none-eabi/bin/../lib/gcc/arm-none-eabi/8.3.1/../../../../arm-none-eabi/lib/thumb/v7/nofp\libc.a(lib_a-impure.o)
 .data.__malloc_av_
                0x7e380e60      0x408 f:/2023-12-29desktop/github/ml307a/tools/toolchain/gcc-arm-none-eabi/bin/../lib/gcc/arm-none-eabi/8.3.1/../../../../arm-none-eabi/lib/thumb/v7/nofp\libc.a(lib_a-mallocr.o)
                0x7e380e60                __malloc_av_
 .data.__malloc_sbrk_base
                0x7e381268        0x4 f:/2023-12-29desktop/github/ml307a/tools/toolchain/gcc-arm-none-eabi/bin/../lib/gcc/arm-none-eabi/8.3.1/../../../../arm-none-eabi/lib/thumb/v7/nofp\libc.a(lib_a-mallocr.o)
                0x7e381268                __malloc_sbrk_base
 .data.__malloc_trim_threshold
                0x7e38126c        0x4 f:/2023-12-29desktop/github/ml307a/tools/toolchain/gcc-arm-none-eabi/bin/../lib/gcc/arm-none-eabi/8.3.1/../../../../arm-none-eabi/lib/thumb/v7/nofp\libc.a(lib_a-mallocr.o)
                0x7e38126c                __malloc_trim_threshold
 .data.__atexit_recursive_mutex
                0x7e381270        0x4 f:/2023-12-29desktop/github/ml307a/tools/toolchain/gcc-arm-none-eabi/bin/../lib/gcc/arm-none-eabi/8.3.1/../../../../arm-none-eabi/lib/thumb/v7/nofp\libc.a(lib_a-__call_atexit.o)
                0x7e381270                __atexit_recursive_mutex
 .data.numempty
                0x7e381274        0x2 f:/2023-12-29desktop/github/ml307a/tools/toolchain/gcc-arm-none-eabi/bin/../lib/gcc/arm-none-eabi/8.3.1/../../../../arm-none-eabi/lib/thumb/v7/nofp\libc.a(lib_a-lnumeric.o)
 *fill*         0x7e381276        0x2 
 .data.__global_locale
                0x7e381278      0x16c f:/2023-12-29desktop/github/ml307a/tools/toolchain/gcc-arm-none-eabi/bin/../lib/gcc/arm-none-eabi/8.3.1/../../../../arm-none-eabi/lib/thumb/v7/nofp\libc.a(lib_a-locale.o)
                0x7e381278                __global_locale
                0x7e3813e4                __data_vma_end = .
                0x7e3813e8                . = ALIGN (0x8)
 *fill*         0x7e3813e4        0x4 
                0x80603c98                __data_lma_start = LOADADDR (.data)

.igot.plt       0x80604650        0x0
 .igot.plt      0x80604650        0x0 out/build/src/cm_lib/modem/cm_modem.o

.bss            0x7e3813e8     0x19d8
                0x7e3813e8                __bss_vma_start = .
 *(.bss .bss.* COMMON .scommon .sbss .sbss.* .sbss2 .sbss2.* .gnu.linkonce.b.*)
 .bss.modem_mq  0x7e3813e8        0x4 out/build/src/cm_lib/modem/cm_modem.o
                0x7e3813e8                modem_mq
 .bss.uart0_read_sem
                0x7e3813ec        0x4 out/build/custom/custom_main/src/uart.o
                0x7e3813ec                uart0_read_sem
 .bss.uart1_read_sem
                0x7e3813f0        0x4 out/build/custom/custom_main/src/uart.o
                0x7e3813f0                uart1_read_sem
 .bss.u0_receive
                0x7e3813f4      0x200 out/build/custom/custom_main/src/uart.o
                0x7e3813f4                u0_receive
 .bss.u1_receive
                0x7e3815f4      0x200 out/build/custom/custom_main/src/uart.o
                0x7e3815f4                u1_receive
 COMMON         0x7e3817f4      0x800 out/build/custom/custom_main/src/uart.o
                0x7e3817f4                txBuff1
                0x7e381bf4                txBuff0
 COMMON         0x7e381ff4      0x4b0 out/build/custom/custom_main/src/cors.o
                0x7e381ff4                TCPrxBuf2
 .bss.count1    0x7e3824a4        0x4 out/build/custom/custom_main/src/cors_socket.o
                0x7e3824a4                count1
 COMMON         0x7e3824a8      0x1b8 out/build/custom/custom_main/src/cors_socket.o
                0x7e3824a8                Corsserv_addr
                0x7e3824b8                TCPrxBuf1
                0x7e382648                Corsipstr
                0x7e38265c                Corssockfd
 COMMON         0x7e382660      0x2b0 out/build/custom/custom_main/src/nema.o
                0x7e382660                GPRMC_Struct
                0x7e3827a8                GGAString
                0x7e38280c                RMCString
                0x7e382870                GPGGA_Struct
 COMMON         0x7e382910      0x284 out/build/custom/custom_main/src/mcu_uart.o
                0x7e382910                SLAVEString
                0x7e382974                SLAVE_Struct
                0x7e382a38                CORS_Struct
                0x7e382b30                CORSString
 *fill*         0x7e382b94        0x4 
 .bss.wgs84_lon
                0x7e382b98        0x8 out/build/custom/custom_main/src/baidumap.o
                0x7e382b98                wgs84_lon
 .bss.wgs84_lat
                0x7e382ba0        0x8 out/build/custom/custom_main/src/baidumap.o
                0x7e382ba0                wgs84_lat
 COMMON         0x7e382ba8      0x1b8 out/build/custom/custom_main/src/baidumap.o
                0x7e382ba8                strx1
                0x7e382c70                BaiduMapsockfd
                0x7e382c74                Baiduipstr
                0x7e382c88                strx2
                0x7e382d50                BaiduMapserv_addr
 .bss.__malloc_current_mallinfo
                0x7e382d60       0x28 f:/2023-12-29desktop/github/ml307a/tools/toolchain/gcc-arm-none-eabi/bin/../lib/gcc/arm-none-eabi/8.3.1/../../../../arm-none-eabi/lib/thumb/v7/nofp\libc.a(lib_a-mallocr.o)
                0x7e382d60                __malloc_current_mallinfo
 .bss.__malloc_max_sbrked_mem
                0x7e382d88        0x4 f:/2023-12-29desktop/github/ml307a/tools/toolchain/gcc-arm-none-eabi/bin/../lib/gcc/arm-none-eabi/8.3.1/../../../../arm-none-eabi/lib/thumb/v7/nofp\libc.a(lib_a-mallocr.o)
                0x7e382d88                __malloc_max_sbrked_mem
 .bss.__malloc_max_total_mem
                0x7e382d8c        0x4 f:/2023-12-29desktop/github/ml307a/tools/toolchain/gcc-arm-none-eabi/bin/../lib/gcc/arm-none-eabi/8.3.1/../../../../arm-none-eabi/lib/thumb/v7/nofp\libc.a(lib_a-mallocr.o)
                0x7e382d8c                __malloc_max_total_mem
 .bss.__malloc_top_pad
                0x7e382d90        0x4 f:/2023-12-29desktop/github/ml307a/tools/toolchain/gcc-arm-none-eabi/bin/../lib/gcc/arm-none-eabi/8.3.1/../../../../arm-none-eabi/lib/thumb/v7/nofp\libc.a(lib_a-mallocr.o)
                0x7e382d90                __malloc_top_pad
 COMMON         0x7e382d94       0x21 f:/2023-12-29desktop/github/ml307a/tools/toolchain/gcc-arm-none-eabi/bin/../lib/gcc/arm-none-eabi/8.3.1/../../../../arm-none-eabi/lib/thumb/v7/nofp\libc.a(lib_a-lock.o)
                0x7e382d94                __lock___atexit_recursive_mutex
                0x7e382d98                __lock___arc4random_mutex
                0x7e382d9c                __lock___env_recursive_mutex
                0x7e382da0                __lock___sinit_recursive_mutex
                0x7e382da4                __lock___malloc_recursive_mutex
                0x7e382da8                __lock___at_quick_exit_mutex
                0x7e382dac                __lock___dd_hash_mutex
                0x7e382db0                __lock___tz_mutex
                0x7e382db4                __lock___sfp_recursive_mutex
 *fill*         0x7e382db5        0x3 
 COMMON         0x7e382db8        0x4 f:/2023-12-29desktop/github/ml307a/tools/toolchain/gcc-arm-none-eabi/bin/../lib/gcc/arm-none-eabi/8.3.1/../../../../arm-none-eabi/lib/thumb/v7/nofp\libc.a(lib_a-reent.o)
                0x7e382db8                errno
 .bss.heap_end.4194
                0x7e382dbc        0x4 f:/2023-12-29desktop/github/ml307a/tools/toolchain/gcc-arm-none-eabi/bin/../lib/gcc/arm-none-eabi/8.3.1/../../../../arm-none-eabi/lib/thumb/v7/nofp\libnosys.a(sbrk.o)
                0x7e382dc0                __bss_vma_end = .
                0x7e382dc0                . = ALIGN (0x8)
                0x7e3813e8                __bss_lma_start = LOADADDR (.bss)
                0x80604650                __flash_end = (LOADADDR (.data) + SIZEOF (.data))
                0x7e382dc0                __ram_end = (ADDR (.bss) + SIZEOF (.bss))
                0x7e382dc0                end = __ram_end
                0x0007d240                __ram_reserve = ((ORIGIN (ram) + LENGTH (ram)) - __ram_end)
                0x000f39b0                __flash_reserve = ((ORIGIN (flash) + LENGTH (flash)) - __flash_end)
                0x00000001                ASSERT ((__flash_end <= (ORIGIN (flash) + LENGTH (flash))), FLASH overflow)
                0x00000001                ASSERT ((__ram_end <= (ORIGIN (ram) + LENGTH (ram))), RAM overflow)
OUTPUT(out/images/ML307A/DSLN/ML307A_DSLN_APP.elf elf32-littlearm)

.debug_info     0x00000000     0x9e88
 .debug_info    0x00000000     0x189e out/build/src/cm_lib/modem/cm_modem.o
 .debug_info    0x0000189e      0x29a out/build/custom/custom_main/src/custom_main.o
 .debug_info    0x00001b38     0x1580 out/build/custom/custom_main/src/uart.o
 .debug_info    0x000030b8      0xe97 out/build/custom/custom_main/src/cors.o
 .debug_info    0x00003f4f     0x17a1 out/build/custom/custom_main/src/cors_socket.o
 .debug_info    0x000056f0      0xec6 out/build/custom/custom_main/src/nema.o
 .debug_info    0x000065b6      0xf23 out/build/custom/custom_main/src/mcu_uart.o
 .debug_info    0x000074d9     0x1a5d out/build/custom/custom_main/src/baidumap.o
 .debug_info    0x00008f36      0xf2c out/build/custom/custom_main/src/coor_trans.o
 .debug_info    0x00009e62       0x26 prebuild/objs/ML307A/DSLN/cm_stub_DSLN.o

.debug_abbrev   0x00000000     0x1684
 .debug_abbrev  0x00000000      0x2df out/build/src/cm_lib/modem/cm_modem.o
 .debug_abbrev  0x000002df      0x12c out/build/custom/custom_main/src/custom_main.o
 .debug_abbrev  0x0000040b      0x2dd out/build/custom/custom_main/src/uart.o
 .debug_abbrev  0x000006e8      0x241 out/build/custom/custom_main/src/cors.o
 .debug_abbrev  0x00000929      0x2bd out/build/custom/custom_main/src/cors_socket.o
 .debug_abbrev  0x00000be6      0x290 out/build/custom/custom_main/src/nema.o
 .debug_abbrev  0x00000e76      0x267 out/build/custom/custom_main/src/mcu_uart.o
 .debug_abbrev  0x000010dd      0x2fd out/build/custom/custom_main/src/baidumap.o
 .debug_abbrev  0x000013da      0x296 out/build/custom/custom_main/src/coor_trans.o
 .debug_abbrev  0x00001670       0x14 prebuild/objs/ML307A/DSLN/cm_stub_DSLN.o

.debug_aranges  0x00000000      0x2a0
 .debug_aranges
                0x00000000       0xb8 out/build/src/cm_lib/modem/cm_modem.o
 .debug_aranges
                0x000000b8       0x30 out/build/custom/custom_main/src/custom_main.o
 .debug_aranges
                0x000000e8       0x58 out/build/custom/custom_main/src/uart.o
 .debug_aranges
                0x00000140       0x20 out/build/custom/custom_main/src/cors.o
 .debug_aranges
                0x00000160       0x30 out/build/custom/custom_main/src/cors_socket.o
 .debug_aranges
                0x00000190       0x38 out/build/custom/custom_main/src/nema.o
 .debug_aranges
                0x000001c8       0x38 out/build/custom/custom_main/src/mcu_uart.o
 .debug_aranges
                0x00000200       0x38 out/build/custom/custom_main/src/baidumap.o
 .debug_aranges
                0x00000238       0x48 out/build/custom/custom_main/src/coor_trans.o
 .debug_aranges
                0x00000280       0x20 prebuild/objs/ML307A/DSLN/cm_stub_DSLN.o

.debug_ranges   0x00000000      0x1f0
 .debug_ranges  0x00000000       0xa8 out/build/src/cm_lib/modem/cm_modem.o
 .debug_ranges  0x000000a8       0x20 out/build/custom/custom_main/src/custom_main.o
 .debug_ranges  0x000000c8       0x48 out/build/custom/custom_main/src/uart.o
 .debug_ranges  0x00000110       0x10 out/build/custom/custom_main/src/cors.o
 .debug_ranges  0x00000120       0x20 out/build/custom/custom_main/src/cors_socket.o
 .debug_ranges  0x00000140       0x28 out/build/custom/custom_main/src/nema.o
 .debug_ranges  0x00000168       0x28 out/build/custom/custom_main/src/mcu_uart.o
 .debug_ranges  0x00000190       0x28 out/build/custom/custom_main/src/baidumap.o
 .debug_ranges  0x000001b8       0x38 out/build/custom/custom_main/src/coor_trans.o

.debug_line     0x00000000     0x3215
 .debug_line    0x00000000      0xbff out/build/src/cm_lib/modem/cm_modem.o
 .debug_line    0x00000bff      0x1bc out/build/custom/custom_main/src/custom_main.o
 .debug_line    0x00000dbb      0x41d out/build/custom/custom_main/src/uart.o
 .debug_line    0x000011d8      0x333 out/build/custom/custom_main/src/cors.o
 .debug_line    0x0000150b      0x4a8 out/build/custom/custom_main/src/cors_socket.o
 .debug_line    0x000019b3      0x693 out/build/custom/custom_main/src/nema.o
 .debug_line    0x00002046      0x51c out/build/custom/custom_main/src/mcu_uart.o
 .debug_line    0x00002562      0x4f6 out/build/custom/custom_main/src/baidumap.o
 .debug_line    0x00002a58      0x4e5 out/build/custom/custom_main/src/coor_trans.o
 .debug_line    0x00002f3d      0x2d8 prebuild/objs/ML307A/DSLN/cm_stub_DSLN.o

.debug_str      0x00000000     0x26d7
 .debug_str     0x00000000      0x967 out/build/src/cm_lib/modem/cm_modem.o
                                0xacd (size before relaxing)
 .debug_str     0x00000967      0x1e5 out/build/custom/custom_main/src/custom_main.o
                                0x396 (size before relaxing)
 .debug_str     0x00000b4c     0x10f9 out/build/custom/custom_main/src/uart.o
                               0x16fc (size before relaxing)
 .debug_str     0x00001c45      0x20f out/build/custom/custom_main/src/cors.o
                                0x98e (size before relaxing)
 .debug_str     0x00001e54      0x594 out/build/custom/custom_main/src/cors_socket.o
                                0xe36 (size before relaxing)
 .debug_str     0x000023e8       0x8b out/build/custom/custom_main/src/nema.o
                                0x7a5 (size before relaxing)
 .debug_str     0x00002473       0x43 out/build/custom/custom_main/src/mcu_uart.o
                                0x874 (size before relaxing)
 .debug_str     0x000024b6       0xcf out/build/custom/custom_main/src/baidumap.o
                               0x1049 (size before relaxing)
 .debug_str     0x00002585       0xf5 out/build/custom/custom_main/src/coor_trans.o
                                0x8f7 (size before relaxing)
 .debug_str     0x0000267a       0x5d prebuild/objs/ML307A/DSLN/cm_stub_DSLN.o

.comment        0x00000000       0x76
 .comment       0x00000000       0x76 out/build/src/cm_lib/modem/cm_modem.o
                                 0x77 (size before relaxing)
 .comment       0x00000076       0x77 out/build/custom/custom_main/src/custom_main.o
 .comment       0x00000076       0x77 out/build/custom/custom_main/src/uart.o
 .comment       0x00000076       0x77 out/build/custom/custom_main/src/cors.o
 .comment       0x00000076       0x77 out/build/custom/custom_main/src/cors_socket.o
 .comment       0x00000076       0x77 out/build/custom/custom_main/src/nema.o
 .comment       0x00000076       0x77 out/build/custom/custom_main/src/mcu_uart.o
 .comment       0x00000076       0x77 out/build/custom/custom_main/src/baidumap.o
 .comment       0x00000076       0x77 out/build/custom/custom_main/src/coor_trans.o

.ARM.attributes
                0x00000000       0x2f
 .ARM.attributes
                0x00000000       0x2f out/build/src/cm_lib/modem/cm_modem.o
 .ARM.attributes
                0x0000002f       0x2f out/build/custom/custom_main/src/custom_main.o
 .ARM.attributes
                0x0000005e       0x2f out/build/custom/custom_main/src/uart.o
 .ARM.attributes
                0x0000008d       0x2f out/build/custom/custom_main/src/cors.o
 .ARM.attributes
                0x000000bc       0x2f out/build/custom/custom_main/src/cors_socket.o
 .ARM.attributes
                0x000000eb       0x2f out/build/custom/custom_main/src/nema.o
 .ARM.attributes
                0x0000011a       0x2f out/build/custom/custom_main/src/mcu_uart.o
 .ARM.attributes
                0x00000149       0x2f out/build/custom/custom_main/src/baidumap.o
 .ARM.attributes
                0x00000178       0x2f out/build/custom/custom_main/src/coor_trans.o
 .ARM.attributes
                0x000001a7       0x19 f:/2023-12-29desktop/github/ml307a/tools/toolchain/gcc-arm-none-eabi/bin/../lib/gcc/arm-none-eabi/8.3.1/thumb/v7/nofp\libgcc.a(_arm_addsubdf3.o)
 .ARM.attributes
                0x000001c0       0x19 f:/2023-12-29desktop/github/ml307a/tools/toolchain/gcc-arm-none-eabi/bin/../lib/gcc/arm-none-eabi/8.3.1/thumb/v7/nofp\libgcc.a(_arm_muldivdf3.o)
 .ARM.attributes
                0x000001d9       0x19 f:/2023-12-29desktop/github/ml307a/tools/toolchain/gcc-arm-none-eabi/bin/../lib/gcc/arm-none-eabi/8.3.1/thumb/v7/nofp\libgcc.a(_arm_cmpdf2.o)
 .ARM.attributes
                0x000001f2       0x19 f:/2023-12-29desktop/github/ml307a/tools/toolchain/gcc-arm-none-eabi/bin/../lib/gcc/arm-none-eabi/8.3.1/thumb/v7/nofp\libgcc.a(_arm_fixdfsi.o)
 .ARM.attributes
                0x0000020b       0x19 f:/2023-12-29desktop/github/ml307a/tools/toolchain/gcc-arm-none-eabi/bin/../lib/gcc/arm-none-eabi/8.3.1/thumb/v7/nofp\libgcc.a(_arm_fixunsdfsi.o)
 .ARM.attributes
                0x00000224       0x19 f:/2023-12-29desktop/github/ml307a/tools/toolchain/gcc-arm-none-eabi/bin/../lib/gcc/arm-none-eabi/8.3.1/thumb/v7/nofp\libgcc.a(_arm_truncdfsf2.o)
 .ARM.attributes
                0x0000023d       0x19 f:/2023-12-29desktop/github/ml307a/tools/toolchain/gcc-arm-none-eabi/bin/../lib/gcc/arm-none-eabi/8.3.1/thumb/v7/nofp\libgcc.a(_aeabi_uldivmod.o)
 .ARM.attributes
                0x00000256       0x29 f:/2023-12-29desktop/github/ml307a/tools/toolchain/gcc-arm-none-eabi/bin/../lib/gcc/arm-none-eabi/8.3.1/thumb/v7/nofp\libgcc.a(_udivmoddi4.o)
 .ARM.attributes
                0x0000027f       0x19 f:/2023-12-29desktop/github/ml307a/tools/toolchain/gcc-arm-none-eabi/bin/../lib/gcc/arm-none-eabi/8.3.1/thumb/v7/nofp\libgcc.a(_dvmd_tls.o)
 .ARM.attributes
                0x00000298       0x1f prebuild/objs/ML307A/DSLN/cm_stub_DSLN.o
 .ARM.attributes
                0x000002b7       0x29 f:/2023-12-29desktop/github/ml307a/tools/toolchain/gcc-arm-none-eabi/bin/../lib/gcc/arm-none-eabi/8.3.1/../../../../arm-none-eabi/lib/thumb/v7/nofp\libm.a(lib_a-s_nan.o)
 .ARM.attributes
                0x000002e0       0x29 f:/2023-12-29desktop/github/ml307a/tools/toolchain/gcc-arm-none-eabi/bin/../lib/gcc/arm-none-eabi/8.3.1/../../../../arm-none-eabi/lib/thumb/v7/nofp\libc.a(lib_a-atof.o)
 .ARM.attributes
                0x00000309       0x29 f:/2023-12-29desktop/github/ml307a/tools/toolchain/gcc-arm-none-eabi/bin/../lib/gcc/arm-none-eabi/8.3.1/../../../../arm-none-eabi/lib/thumb/v7/nofp\libc.a(lib_a-atoi.o)
 .ARM.attributes
                0x00000332       0x29 f:/2023-12-29desktop/github/ml307a/tools/toolchain/gcc-arm-none-eabi/bin/../lib/gcc/arm-none-eabi/8.3.1/../../../../arm-none-eabi/lib/thumb/v7/nofp\libc.a(lib_a-callocr.o)
 .ARM.attributes
                0x0000035b       0x29 f:/2023-12-29desktop/github/ml307a/tools/toolchain/gcc-arm-none-eabi/bin/../lib/gcc/arm-none-eabi/8.3.1/../../../../arm-none-eabi/lib/thumb/v7/nofp\libc.a(lib_a-ctype_.o)
 .ARM.attributes
                0x00000384       0x29 f:/2023-12-29desktop/github/ml307a/tools/toolchain/gcc-arm-none-eabi/bin/../lib/gcc/arm-none-eabi/8.3.1/../../../../arm-none-eabi/lib/thumb/v7/nofp\libc.a(lib_a-exit.o)
 .ARM.attributes
                0x000003ad       0x29 f:/2023-12-29desktop/github/ml307a/tools/toolchain/gcc-arm-none-eabi/bin/../lib/gcc/arm-none-eabi/8.3.1/../../../../arm-none-eabi/lib/thumb/v7/nofp\libc.a(lib_a-impure.o)
 .ARM.attributes
                0x000003d6       0x29 f:/2023-12-29desktop/github/ml307a/tools/toolchain/gcc-arm-none-eabi/bin/../lib/gcc/arm-none-eabi/8.3.1/../../../../arm-none-eabi/lib/thumb/v7/nofp\libc.a(lib_a-mallocr.o)
 .ARM.attributes
                0x000003ff       0x29 f:/2023-12-29desktop/github/ml307a/tools/toolchain/gcc-arm-none-eabi/bin/../lib/gcc/arm-none-eabi/8.3.1/../../../../arm-none-eabi/lib/thumb/v7/nofp\libc.a(lib_a-memcmp.o)
 .ARM.attributes
                0x00000428       0x17 f:/2023-12-29desktop/github/ml307a/tools/toolchain/gcc-arm-none-eabi/bin/../lib/gcc/arm-none-eabi/8.3.1/../../../../arm-none-eabi/lib/thumb/v7/nofp\libc.a(lib_a-memcpy.o)
 .ARM.attributes
                0x0000043f       0x29 f:/2023-12-29desktop/github/ml307a/tools/toolchain/gcc-arm-none-eabi/bin/../lib/gcc/arm-none-eabi/8.3.1/../../../../arm-none-eabi/lib/thumb/v7/nofp\libc.a(lib_a-memmove.o)
 .ARM.attributes
                0x00000468       0x29 f:/2023-12-29desktop/github/ml307a/tools/toolchain/gcc-arm-none-eabi/bin/../lib/gcc/arm-none-eabi/8.3.1/../../../../arm-none-eabi/lib/thumb/v7/nofp\libc.a(lib_a-memset.o)
 .ARM.attributes
                0x00000491       0x29 f:/2023-12-29desktop/github/ml307a/tools/toolchain/gcc-arm-none-eabi/bin/../lib/gcc/arm-none-eabi/8.3.1/../../../../arm-none-eabi/lib/thumb/v7/nofp\libc.a(lib_a-mlock.o)
 .ARM.attributes
                0x000004ba       0x29 f:/2023-12-29desktop/github/ml307a/tools/toolchain/gcc-arm-none-eabi/bin/../lib/gcc/arm-none-eabi/8.3.1/../../../../arm-none-eabi/lib/thumb/v7/nofp\libc.a(lib_a-sbrkr.o)
 .ARM.attributes
                0x000004e3       0x29 f:/2023-12-29desktop/github/ml307a/tools/toolchain/gcc-arm-none-eabi/bin/../lib/gcc/arm-none-eabi/8.3.1/../../../../arm-none-eabi/lib/thumb/v7/nofp\libc.a(lib_a-sprintf.o)
 .ARM.attributes
                0x0000050c       0x29 f:/2023-12-29desktop/github/ml307a/tools/toolchain/gcc-arm-none-eabi/bin/../lib/gcc/arm-none-eabi/8.3.1/../../../../arm-none-eabi/lib/thumb/v7/nofp\libc.a(lib_a-strchr.o)
 .ARM.attributes
                0x00000535       0x17 f:/2023-12-29desktop/github/ml307a/tools/toolchain/gcc-arm-none-eabi/bin/../lib/gcc/arm-none-eabi/8.3.1/../../../../arm-none-eabi/lib/thumb/v7/nofp\libc.a(lib_a-strcmp.o)
 .ARM.attributes
                0x0000054c       0x29 f:/2023-12-29desktop/github/ml307a/tools/toolchain/gcc-arm-none-eabi/bin/../lib/gcc/arm-none-eabi/8.3.1/../../../../arm-none-eabi/lib/thumb/v7/nofp\libc.a(lib_a-strcpy.o)
 .ARM.attributes
                0x00000575       0x29 f:/2023-12-29desktop/github/ml307a/tools/toolchain/gcc-arm-none-eabi/bin/../lib/gcc/arm-none-eabi/8.3.1/../../../../arm-none-eabi/lib/thumb/v7/nofp\libc.a(lib_a-strlen-stub.o)
 .ARM.attributes
                0x0000059e       0x29 f:/2023-12-29desktop/github/ml307a/tools/toolchain/gcc-arm-none-eabi/bin/../lib/gcc/arm-none-eabi/8.3.1/../../../../arm-none-eabi/lib/thumb/v7/nofp\libc.a(lib_a-strncmp.o)
 .ARM.attributes
                0x000005c7       0x29 f:/2023-12-29desktop/github/ml307a/tools/toolchain/gcc-arm-none-eabi/bin/../lib/gcc/arm-none-eabi/8.3.1/../../../../arm-none-eabi/lib/thumb/v7/nofp\libc.a(lib_a-strncpy.o)
 .ARM.attributes
                0x000005f0       0x29 f:/2023-12-29desktop/github/ml307a/tools/toolchain/gcc-arm-none-eabi/bin/../lib/gcc/arm-none-eabi/8.3.1/../../../../arm-none-eabi/lib/thumb/v7/nofp\libc.a(lib_a-strstr.o)
 .ARM.attributes
                0x00000619       0x29 f:/2023-12-29desktop/github/ml307a/tools/toolchain/gcc-arm-none-eabi/bin/../lib/gcc/arm-none-eabi/8.3.1/../../../../arm-none-eabi/lib/thumb/v7/nofp\libc.a(lib_a-strtod.o)
 .ARM.attributes
                0x00000642       0x29 f:/2023-12-29desktop/github/ml307a/tools/toolchain/gcc-arm-none-eabi/bin/../lib/gcc/arm-none-eabi/8.3.1/../../../../arm-none-eabi/lib/thumb/v7/nofp\libc.a(lib_a-strtok.o)
 .ARM.attributes
                0x0000066b       0x29 f:/2023-12-29desktop/github/ml307a/tools/toolchain/gcc-arm-none-eabi/bin/../lib/gcc/arm-none-eabi/8.3.1/../../../../arm-none-eabi/lib/thumb/v7/nofp\libc.a(lib_a-strtok_r.o)
 .ARM.attributes
                0x00000694       0x29 f:/2023-12-29desktop/github/ml307a/tools/toolchain/gcc-arm-none-eabi/bin/../lib/gcc/arm-none-eabi/8.3.1/../../../../arm-none-eabi/lib/thumb/v7/nofp\libc.a(lib_a-strtol.o)
 .ARM.attributes
                0x000006bd       0x29 f:/2023-12-29desktop/github/ml307a/tools/toolchain/gcc-arm-none-eabi/bin/../lib/gcc/arm-none-eabi/8.3.1/../../../../arm-none-eabi/lib/thumb/v7/nofp\libc.a(lib_a-svfprintf.o)
 .ARM.attributes
                0x000006e6       0x29 f:/2023-12-29desktop/github/ml307a/tools/toolchain/gcc-arm-none-eabi/bin/../lib/gcc/arm-none-eabi/8.3.1/../../../../arm-none-eabi/lib/thumb/v7/nofp\libc.a(lib_a-vsnprintf.o)
 .ARM.attributes
                0x0000070f       0x29 f:/2023-12-29desktop/github/ml307a/tools/toolchain/gcc-arm-none-eabi/bin/../lib/gcc/arm-none-eabi/8.3.1/../../../../arm-none-eabi/lib/thumb/v7/nofp\libc.a(lib_a-__call_atexit.o)
 .ARM.attributes
                0x00000738       0x29 f:/2023-12-29desktop/github/ml307a/tools/toolchain/gcc-arm-none-eabi/bin/../lib/gcc/arm-none-eabi/8.3.1/../../../../arm-none-eabi/lib/thumb/v7/nofp\libc.a(lib_a-dtoa.o)
 .ARM.attributes
                0x00000761       0x29 f:/2023-12-29desktop/github/ml307a/tools/toolchain/gcc-arm-none-eabi/bin/../lib/gcc/arm-none-eabi/8.3.1/../../../../arm-none-eabi/lib/thumb/v7/nofp\libc.a(lib_a-freer.o)
 .ARM.attributes
                0x0000078a       0x29 f:/2023-12-29desktop/github/ml307a/tools/toolchain/gcc-arm-none-eabi/bin/../lib/gcc/arm-none-eabi/8.3.1/../../../../arm-none-eabi/lib/thumb/v7/nofp\libc.a(lib_a-gdtoa-gethex.o)
 .ARM.attributes
                0x000007b3       0x29 f:/2023-12-29desktop/github/ml307a/tools/toolchain/gcc-arm-none-eabi/bin/../lib/gcc/arm-none-eabi/8.3.1/../../../../arm-none-eabi/lib/thumb/v7/nofp\libc.a(lib_a-gdtoa-hexnan.o)
 .ARM.attributes
                0x000007dc       0x29 f:/2023-12-29desktop/github/ml307a/tools/toolchain/gcc-arm-none-eabi/bin/../lib/gcc/arm-none-eabi/8.3.1/../../../../arm-none-eabi/lib/thumb/v7/nofp\libc.a(lib_a-lnumeric.o)
 .ARM.attributes
                0x00000805       0x29 f:/2023-12-29desktop/github/ml307a/tools/toolchain/gcc-arm-none-eabi/bin/../lib/gcc/arm-none-eabi/8.3.1/../../../../arm-none-eabi/lib/thumb/v7/nofp\libc.a(lib_a-locale.o)
 .ARM.attributes
                0x0000082e       0x29 f:/2023-12-29desktop/github/ml307a/tools/toolchain/gcc-arm-none-eabi/bin/../lib/gcc/arm-none-eabi/8.3.1/../../../../arm-none-eabi/lib/thumb/v7/nofp\libc.a(lib_a-localeconv.o)
 .ARM.attributes
                0x00000857       0x29 f:/2023-12-29desktop/github/ml307a/tools/toolchain/gcc-arm-none-eabi/bin/../lib/gcc/arm-none-eabi/8.3.1/../../../../arm-none-eabi/lib/thumb/v7/nofp\libc.a(lib_a-lock.o)
 .ARM.attributes
                0x00000880       0x29 f:/2023-12-29desktop/github/ml307a/tools/toolchain/gcc-arm-none-eabi/bin/../lib/gcc/arm-none-eabi/8.3.1/../../../../arm-none-eabi/lib/thumb/v7/nofp\libc.a(lib_a-mbtowc_r.o)
 .ARM.attributes
                0x000008a9       0x29 f:/2023-12-29desktop/github/ml307a/tools/toolchain/gcc-arm-none-eabi/bin/../lib/gcc/arm-none-eabi/8.3.1/../../../../arm-none-eabi/lib/thumb/v7/nofp\libc.a(lib_a-memchr-stub.o)
 .ARM.attributes
                0x000008d2       0x29 f:/2023-12-29desktop/github/ml307a/tools/toolchain/gcc-arm-none-eabi/bin/../lib/gcc/arm-none-eabi/8.3.1/../../../../arm-none-eabi/lib/thumb/v7/nofp\libc.a(lib_a-mprec.o)
 .ARM.attributes
                0x000008fb       0x29 f:/2023-12-29desktop/github/ml307a/tools/toolchain/gcc-arm-none-eabi/bin/../lib/gcc/arm-none-eabi/8.3.1/../../../../arm-none-eabi/lib/thumb/v7/nofp\libc.a(lib_a-reent.o)
 .ARM.attributes
                0x00000924       0x29 f:/2023-12-29desktop/github/ml307a/tools/toolchain/gcc-arm-none-eabi/bin/../lib/gcc/arm-none-eabi/8.3.1/../../../../arm-none-eabi/lib/thumb/v7/nofp\libc.a(lib_a-s_frexp.o)
 .ARM.attributes
                0x0000094d       0x29 f:/2023-12-29desktop/github/ml307a/tools/toolchain/gcc-arm-none-eabi/bin/../lib/gcc/arm-none-eabi/8.3.1/../../../../arm-none-eabi/lib/thumb/v7/nofp\libc.a(lib_a-strnlen.o)
 .ARM.attributes
                0x00000976       0x29 f:/2023-12-29desktop/github/ml307a/tools/toolchain/gcc-arm-none-eabi/bin/../lib/gcc/arm-none-eabi/8.3.1/../../../../arm-none-eabi/lib/thumb/v7/nofp\libc.a(lib_a-svfiprintf.o)
 .ARM.attributes
                0x0000099f       0x29 f:/2023-12-29desktop/github/ml307a/tools/toolchain/gcc-arm-none-eabi/bin/../lib/gcc/arm-none-eabi/8.3.1/../../../../arm-none-eabi/lib/thumb/v7/nofp\libc.a(lib_a-wctomb_r.o)
 .ARM.attributes
                0x000009c8       0x29 f:/2023-12-29desktop/github/ml307a/tools/toolchain/gcc-arm-none-eabi/bin/../lib/gcc/arm-none-eabi/8.3.1/../../../../arm-none-eabi/lib/thumb/v7/nofp\libc.a(lib_a-reallocr.o)
 .ARM.attributes
                0x000009f1       0x19 f:/2023-12-29desktop/github/ml307a/tools/toolchain/gcc-arm-none-eabi/bin/../lib/gcc/arm-none-eabi/8.3.1/thumb/v7/nofp\libgcc.a(_udivsi3.o)
 .ARM.attributes
                0x00000a0a       0x19 f:/2023-12-29desktop/github/ml307a/tools/toolchain/gcc-arm-none-eabi/bin/../lib/gcc/arm-none-eabi/8.3.1/thumb/v7/nofp\libgcc.a(_arm_unorddf2.o)
 .ARM.attributes
                0x00000a23       0x29 f:/2023-12-29desktop/github/ml307a/tools/toolchain/gcc-arm-none-eabi/bin/../lib/gcc/arm-none-eabi/8.3.1/thumb/v7/nofp\libgcc.a(_fixdfdi.o)
 .ARM.attributes
                0x00000a4c       0x29 f:/2023-12-29desktop/github/ml307a/tools/toolchain/gcc-arm-none-eabi/bin/../lib/gcc/arm-none-eabi/8.3.1/thumb/v7/nofp\libgcc.a(_fixunsdfdi.o)
 .ARM.attributes
                0x00000a75       0x29 f:/2023-12-29desktop/github/ml307a/tools/toolchain/gcc-arm-none-eabi/bin/../lib/gcc/arm-none-eabi/8.3.1/../../../../arm-none-eabi/lib/thumb/v7/nofp\libnosys.a(sbrk.o)
 .ARM.attributes
                0x00000a9e       0x29 f:/2023-12-29desktop/github/ml307a/tools/toolchain/gcc-arm-none-eabi/bin/../lib/gcc/arm-none-eabi/8.3.1/../../../../arm-none-eabi/lib/thumb/v7/nofp\libnosys.a(_exit.o)

.debug_frame    0x00000000     0x1a78
 .debug_frame   0x00000000      0x2b4 out/build/src/cm_lib/modem/cm_modem.o
 .debug_frame   0x000002b4       0x70 out/build/custom/custom_main/src/custom_main.o
 .debug_frame   0x00000324      0x138 out/build/custom/custom_main/src/uart.o
 .debug_frame   0x0000045c       0x30 out/build/custom/custom_main/src/cors.o
 .debug_frame   0x0000048c       0x74 out/build/custom/custom_main/src/cors_socket.o
 .debug_frame   0x00000500       0x98 out/build/custom/custom_main/src/nema.o
 .debug_frame   0x00000598       0x9c out/build/custom/custom_main/src/mcu_uart.o