Archive member included to satisfy reference by file (symbol)

f:/2023-12-29desktop/github/ml307a/tools/toolchain/gcc-arm-none-eabi/bin/../lib/gcc/arm-none-eabi/8.3.1/thumb/v7/nofp\libgcc.a(_arm_addsubdf3.o)
                              out/build/third-party/cJSONFiles/cJSON/cJSON.o (__aeabi_dsub)
f:/2023-12-29desktop/github/ml307a/tools/toolchain/gcc-arm-none-eabi/bin/../lib/gcc/arm-none-eabi/8.3.1/thumb/v7/nofp\libgcc.a(_arm_muldivdf3.o)
                              out/build/src/cm_lib/modem/cm_modem.o (__aeabi_dmul)
f:/2023-12-29desktop/github/ml307a/tools/toolchain/gcc-arm-none-eabi/bin/../lib/gcc/arm-none-eabi/8.3.1/thumb/v7/nofp\libgcc.a(_arm_cmpdf2.o)
                              out/build/third-party/cJSONFiles/cJSON/cJSON.o (__aeabi_dcmpeq)
f:/2023-12-29desktop/github/ml307a/tools/toolchain/gcc-arm-none-eabi/bin/../lib/gcc/arm-none-eabi/8.3.1/thumb/v7/nofp\libgcc.a(_arm_fixdfsi.o)
                              out/build/third-party/cJSONFiles/cJSON/cJSON.o (__aeabi_d2iz)
f:/2023-12-29desktop/github/ml307a/tools/toolchain/gcc-arm-none-eabi/bin/../lib/gcc/arm-none-eabi/8.3.1/thumb/v7/nofp\libgcc.a(_arm_fixunsdfsi.o)
                              out/build/src/cm_lib/modem/cm_modem.o (__aeabi_d2uiz)
f:/2023-12-29desktop/github/ml307a/tools/toolchain/gcc-arm-none-eabi/bin/../lib/gcc/arm-none-eabi/8.3.1/thumb/v7/nofp\libgcc.a(_arm_truncdfsf2.o)
                              out/build/custom/custom_main/src/gps.o (__aeabi_d2f)
f:/2023-12-29desktop/github/ml307a/tools/toolchain/gcc-arm-none-eabi/bin/../lib/gcc/arm-none-eabi/8.3.1/thumb/v7/nofp\libgcc.a(_aeabi_ldivmod.o)
                              out/build/third-party/aliyun/LinkSDK/core/utils/core_string.o (__aeabi_ldivmod)
f:/2023-12-29desktop/github/ml307a/tools/toolchain/gcc-arm-none-eabi/bin/../lib/gcc/arm-none-eabi/8.3.1/thumb/v7/nofp\libgcc.a(_aeabi_uldivmod.o)
                              out/build/third-party/aliyun/LinkSDK/core/utils/core_string.o (__aeabi_uldivmod)
f:/2023-12-29desktop/github/ml307a/tools/toolchain/gcc-arm-none-eabi/bin/../lib/gcc/arm-none-eabi/8.3.1/thumb/v7/nofp\libgcc.a(_udivmoddi4.o)
                              f:/2023-12-29desktop/github/ml307a/tools/toolchain/gcc-arm-none-eabi/bin/../lib/gcc/arm-none-eabi/8.3.1/thumb/v7/nofp\libgcc.a(_aeabi_ldivmod.o) (__udivmoddi4)
f:/2023-12-29desktop/github/ml307a/tools/toolchain/gcc-arm-none-eabi/bin/../lib/gcc/arm-none-eabi/8.3.1/thumb/v7/nofp\libgcc.a(_dvmd_tls.o)
                              f:/2023-12-29desktop/github/ml307a/tools/toolchain/gcc-arm-none-eabi/bin/../lib/gcc/arm-none-eabi/8.3.1/thumb/v7/nofp\libgcc.a(_aeabi_ldivmod.o) (__aeabi_ldiv0)
prebuild/libs/cm_local_tts.a(cm_local_tts.o)
                              out/build/src/cm_lib/cm_tts_play/cm_tts_play.o (cm_local_tts_synth)
prebuild/libs/lib_tts.a(ivTTS_Ctrl.o)
                              prebuild/libs/cm_local_tts.a(cm_local_tts.o) (ivTTS_SetParam)
prebuild/libs/lib_tts.a(ivTTS_Input0.o)
                              prebuild/libs/lib_tts.a(ivTTS_Ctrl.o) (SYMDF7657E19C574E4D0895F94992888B45)
prebuild/libs/lib_tts.a(ivTTS_Inst.o)
                              prebuild/libs/cm_local_tts.a(cm_local_tts.o) (ivTTS_CreateG)
prebuild/libs/lib_tts.a(ivTTS_Main.o)
                              prebuild/libs/cm_local_tts.a(cm_local_tts.o) (ivTTS_SynthText)
prebuild/libs/lib_tts.a(ivTTS_Output.o)
                              prebuild/libs/lib_tts.a(ivTTS_Inst.o) (SYMAD8ABC69A1FA4E3118A6FB42F576FE88)
prebuild/libs/lib_tts.a(PureEnglish.o)
                              prebuild/libs/lib_tts.a(ivTTS_Inst.o) (SYM70E2982AF8664C14A5A16EBB91984187)
prebuild/libs/lib_tts.a(Dictionary.o)
                              prebuild/libs/lib_tts.a(PureEnglish.o) (SYM43DCC876983F47FD9C9F51E647AD4A55)
prebuild/libs/lib_tts.a(FrontDefine.o)
                              prebuild/libs/lib_tts.a(PureEnglish.o) (SYM81696C26915142ACF7A6A11B9602C89B)
prebuild/libs/lib_tts.a(IsCEEngine.o)
                              prebuild/libs/lib_tts.a(ivTTS_Inst.o) (SYM86CFBCCF741B4536D584E453454C9035)
prebuild/libs/lib_tts.a(IsCEFront_ChsSymbol.o)
                              prebuild/libs/lib_tts.a(IsCEEngine.o) (SYM009975B9106F40D1098FAED2A4BA938B)
prebuild/libs/lib_tts.a(IsCEFront_CtnSymbol.o)
                              prebuild/libs/lib_tts.a(IsCEEngine.o) (SYMF9646ABA97FA4CC0BE99F5BFFD8FDE64)
prebuild/libs/lib_tts.a(IsCEFront_EngSplitWord.o)
                              prebuild/libs/lib_tts.a(IsCEEngine.o) (SYM7DC56E38271948425BA035DBB6668DB6)
prebuild/libs/lib_tts.a(IsCEFront.o)
                              prebuild/libs/lib_tts.a(IsCEEngine.o) (SYM9BB80FDCCE9F44F311B6FA065FA5459A)
prebuild/libs/lib_tts.a(IsCEFront_PartOfSpeech.o)
                              prebuild/libs/lib_tts.a(IsCEFront.o) (SYM8A8AE973E70A41520487FDC30F69E0CB)
prebuild/libs/lib_tts.a(IsCEFront_PhoneProp.o)
                              prebuild/libs/lib_tts.a(IsCEEngine.o) (SYM3C0D552A02E5459115BAE0D5FD61A018)
prebuild/libs/lib_tts.a(IsCEFront_PhoneSet.o)
[...]
Memory Configuration

Name             Origin             Length             Attributes
ram              0x7e380000         0x00080000         xrw
flash            0x805f8000         0x00100000         xrw
*default*        0x00000000         0xffffffff

Linker script and memory map

LOAD out/build/src/cm_lib/cm_async_dns_adapt/async_dns_adapt.o
LOAD out/build/src/cm_lib/modem/cm_modem.o
LOAD out/build/src/cm_lib/cm_tts_play/cm_tts_play.o
LOAD out/build/third-party/cJSONFiles/cJSON/cJSON.o
LOAD out/build/third-party/aliyun/LinkSDK/core/aiot_state_api.o
LOAD out/build/third-party/aliyun/LinkSDK/core/aiot_mqtt_api.o
LOAD out/build/third-party/aliyun/LinkSDK/core/sysdep/core_adapter.o
LOAD out/build/third-party/aliyun/LinkSDK/core/sysdep/core_sysdep.o
LOAD out/build/third-party/aliyun/LinkSDK/core/utils/core_auth.o
LOAD out/build/third-party/aliyun/LinkSDK/core/utils/core_diag.o
LOAD out/build/third-party/aliyun/LinkSDK/core/utils/core_global.o
LOAD out/build/third-party/aliyun/LinkSDK/core/utils/core_http.o
LOAD out/build/third-party/aliyun/LinkSDK/core/utils/core_log.o
LOAD out/build/third-party/aliyun/LinkSDK/core/utils/core_sha256.o
LOAD out/build/third-party/aliyun/LinkSDK/core/utils/core_string.o
LOAD out/build/third-party/aliyun/LinkSDK/external/ali_ca_cert.o
LOAD out/build/third-party/aliyun/LinkSDK/portfiles/aiot_port/freertos_port.o
LOAD out/build/third-party/aliyun/LinkSDK/external/mbedtls/library/aes.o
LOAD out/build/third-party/aliyun/LinkSDK/external/mbedtls/library/asn1parse.o
LOAD out/build/third-party/aliyun/LinkSDK/external/mbedtls/library/base64.o
LOAD out/build/third-party/aliyun/LinkSDK/external/mbedtls/library/bignum.o
LOAD out/build/third-party/aliyun/LinkSDK/external/mbedtls/library/cipher.o
LOAD out/build/third-party/aliyun/LinkSDK/external/mbedtls/library/cipher_wrap.o
LOAD out/build/third-party/aliyun/LinkSDK/external/mbedtls/library/ctr_drbg.o
LOAD out/build/third-party/aliyun/LinkSDK/external/mbedtls/library/debug.o
LOAD out/build/third-party/aliyun/LinkSDK/external/mbedtls/library/entropy.o
LOAD out/build/third-party/aliyun/LinkSDK/external/mbedtls/library/error.o
LOAD out/build/third-party/aliyun/LinkSDK/external/mbedtls/library/md.o
LOAD out/build/third-party/aliyun/LinkSDK/external/mbedtls/library/md_wrap.o
LOAD out/build/third-party/aliyun/LinkSDK/external/mbedtls/library/oid.o
LOAD out/build/third-party/aliyun/LinkSDK/external/mbedtls/library/pem.o
LOAD out/build/third-party/aliyun/LinkSDK/external/mbedtls/library/pk.o
LOAD out/build/third-party/aliyun/LinkSDK/external/mbedtls/library/pk_wrap.o
LOAD out/build/third-party/aliyun/LinkSDK/external/mbedtls/library/pkparse.o
LOAD out/build/third-party/aliyun/LinkSDK/external/mbedtls/library/platform.o
LOAD out/build/third-party/aliyun/LinkSDK/external/mbedtls/library/platform_util.o
LOAD out/build/third-party/aliyun/LinkSDK/external/mbedtls/library/rsa.o
LOAD out/build/third-party/aliyun/LinkSDK/external/mbedtls/library/rsa_internal.o
LOAD out/build/third-party/aliyun/LinkSDK/external/mbedtls/library/sha1.o
LOAD out/build/third-party/aliyun/LinkSDK/external/mbedtls/library/sha256.o
LOAD out/build/third-party/aliyun/LinkSDK/external/mbedtls/library/ssl_ciphersuites.o
LOAD out/build/third-party/aliyun/LinkSDK/external/mbedtls/library/ssl_cli.o
LOAD out/build/third-party/aliyun/LinkSDK/external/mbedtls/library/ssl_cookie.o
LOAD out/build/third-party/aliyun/LinkSDK/external/mbedtls/library/ssl_tls.o
LOAD out/build/third-party/aliyun/LinkSDK/external/mbedtls/library/x509.o
LOAD out/build/third-party/aliyun/LinkSDK/external/mbedtls/library/x509_crt.o
LOAD out/build/third-party/aliyun/LinkSDK/components/ota/aiot_ota_api.o
LOAD out/build/third-party/aliyun/LinkSDK/components/ota/ota_md5.o
LOAD out/build/custom/custom_main/src/custom_main.o
LOAD out/build/custom/custom_main/src/uart.o
LOAD out/build/custom/custom_main/src/tcp.o
LOAD out/build/custom/custom_main/src/gps.o
LOAD f:/2023-12-29desktop/github/ml307a/tools/toolchain/gcc-arm-none-eabi/bin/../lib/gcc/arm-none-eabi/8.3.1/thumb/v7/nofp\libgcc.a
LOAD prebuild/objs/ML307A/DSLN/cm_stub_DSLN.o
START GROUP
LOAD prebuild/libs/cm_local_tts.a
LOAD prebuild/libs/lib_tts.a
LOAD prebuild/libs/cm_ftp.a
END GROUP
LOAD f:/2023-12-29desktop/github/ml307a/tools/toolchain/gcc-arm-none-eabi/bin/../lib/gcc/arm-none-eabi/8.3.1/../../../../arm-none-eabi/lib/thumb/v7/nofp\libstdc++.a
LOAD f:/2023-12-29desktop/github/ml307a/tools/toolchain/gcc-arm-none-eabi/bin/../lib/gcc/arm-none-eabi/8.3.1/../../../../arm-none-eabi/lib/thumb/v7/nofp\libm.a
LOAD f:/2023-12-29desktop/github/ml307a/tools/toolchain/gcc-arm-none-eabi/bin/../lib/gcc/arm-none-eabi/8.3.1/../../../../arm-none-eabi/lib/thumb/v7/nofp\libc.a
START GROUP
LOAD f:/2023-12-29desktop/github/ml307a/tools/toolchain/gcc-arm-none-eabi/bin/../lib/gcc/arm-none-eabi/8.3.1/thumb/v7/nofp\libgcc.a
LOAD f:/2023-12-29desktop/github/ml307a/tools/toolchain/gcc-arm-none-eabi/bin/../lib/gcc/arm-none-eabi/8.3.1/../../../../arm-none-eabi/lib/thumb/v7/nofp\libc.a
END GROUP
START GROUP
LOAD f:/2023-12-29desktop/github/ml307a/tools/toolchain/gcc-arm-none-eabi/bin/../lib/gcc/arm-none-eabi/8.3.1/thumb/v7/nofp\libgcc.a
LOAD f:/2023-12-29desktop/github/ml307a/tools/toolchain/gcc-arm-none-eabi/bin/../lib/gcc/arm-none-eabi/8.3.1/../../../../arm-none-eabi/lib/thumb/v7/nofp\libc.a
LOAD f:/2023-12-29desktop/github/ml307a/tools/toolchain/gcc-arm-none-eabi/bin/../lib/gcc/arm-none-eabi/8.3.1/../../../../arm-none-eabi/lib/thumb/v7/nofp\libnosys.a
END GROUP
                0x805f8000                . = ORIGIN (flash)
                0x805f8000                __flash_start = .

.image_header   0x805f8000       0x74
                0x805f8000        0x4 LONG 0x5a5aa5a5
                0x805f8004        0x4 LONG 0x12918 (__flash_end - __flash_start)
                0x805f8008        0x4 LONG 0x805f8000 __flash_start
                0x805f800c        0x4 LONG 0x7e380000 __ram_start
                0x805f8010        0x4 LONG 0x0
                0x805f8014        0x4 LONG 0x78 (__text_lma_start - __flash_start)
                0x805f8018        0x4 LONG 0x805f8078 __text_lma_start
                0x805f801c        0x4 LONG 0x805f8078 __text_vma_start
                0x805f8020        0x4 LONG 0x10260 (__text_vma_end - __text_vma_start)
                0x805f8024        0x4 LONG 0x1
                0x805f8028        0x4 LONG 0x102d8 (__rodata_lma_start - __flash_start)
                0x805f802c        0x4 LONG 0x806082d8 __rodata_lma_start
                0x805f8030        0x4 LONG 0x806082d8 __rodata_vma_start
                0x805f8034        0x4 LONG 0x1224 (__rodata_vma_end - __rodata_vma_start)
                0x805f8038        0x4 LONG 0x2
                0x805f803c        0x4 LONG 0x11f38 (__data_lma_start - __flash_start)
                0x805f8040        0x4 LONG 0x80609f38 __data_lma_start
                0x805f8044        0x4 LONG 0x7e380a30 __data_vma_start
                0x805f8048        0x4 LONG 0x9dc (__data_vma_end - __data_vma_start)
                0x805f804c        0x4 LONG 0x3
                0x805f8050        0x4 LONG 0xfdd89410 (__bss_lma_start - __flash_start)
                0x805f8054        0x4 LONG 0x7e381410 __bss_lma_start
                0x805f8058        0x4 LONG 0x7e381410 __bss_vma_start
                0x805f805c        0x4 LONG 0x284c (__bss_vma_end - __bss_vma_start)
                0x805f8060        0x4 LONG 0x4
                0x805f8064        0x4 LONG 0x11508 (__sramtext_lma_start - __flash_start)
                0x805f8068        0x4 LONG 0x80609508 __sramtext_lma_start
                0x805f806c        0x4 LONG 0x7e380000 __sramtext_vma_start
                0x805f8070        0x4 LONG 0xa30 (__sramtext_vma_end - __sramtext_vma_start)

.text           0x805f8078    0x10260
                0x805f8078                __text_vma_start = .
 *(.text.cm_opencpu_entry)
 .text.cm_opencpu_entry
                0x805f8078       0x90 out/build/custom/custom_main/src/custom_main.o
                0x805f8078                cm_opencpu_entry
 EXCLUDE_FILE(*lib_tts.a: *.sram.o *cm_stub_DSLN.o) *(.text .text.* .gnu.linkonce.t.* .glue_7 .glue_7t .vfp11_veneer .v4_bx)
 .glue_7        0x805f8108        0x0 linker stubs
 .glue_7t       0x805f8108        0x0 linker stubs
 .vfp11_veneer  0x805f8108        0x0 linker stubs
 .v4_bx         0x805f8108        0x0 linker stubs
 .text.cb       0x805f8108       0x4c out/build/src/cm_lib/modem/cm_modem.o
 .text.cm_modem_get_pdp_state
                0x805f8154      0x2b0 out/build/src/cm_lib/modem/cm_modem.o
                0x805f8154                cm_modem_get_pdp_state
 .text.Delay    0x805f8404       0x38 out/build/custom/custom_main/src/custom_main.o
                0x805f8404                Delay
 .text.osThreadCreat
                0x805f843c       0x80 out/build/custom/custom_main/src/custom_main.o
                0x805f843c                osThreadCreat
 .text.u0_printf
                0x805f84bc       0x80 out/build/custom/custom_main/src/uart.o
                0x805f84bc                u0_printf
 .text.u1_printf
                0x805f853c       0x80 out/build/custom/custom_main/src/uart.o
                0x805f853c                u1_printf
 .text.u0_callback
                0x805f85bc       0x44 out/build/custom/custom_main/src/uart.o
                0x805f85bc                u0_callback
 .text.u1_callback
                0x805f8600       0x44 out/build/custom/custom_main/src/uart.o
                0x805f8600                u1_callback
 .text.uart_open
                0x805f8644      0x144 out/build/custom/custom_main/src/uart.o
                0x805f8644                uart_open
 .text.u0_uart_read
                0x805f8788       0x5c out/build/custom/custom_main/src/uart.o
                0x805f8788                u0_uart_read
 .text.u1_uart_read
                0x805f87e4       0x5c out/build/custom/custom_main/src/uart.o
                0x805f87e4                u1_uart_read
 .text.open_uart
                0x805f8840       0x40 out/build/custom/custom_main/src/uart.o
                0x805f8840                open_uart
 .text.u1_read  0x805f8880      0x1f8 out/build/custom/custom_main/src/uart.o
                0x805f8880                u1_read
 .text.ParseCORS
                0x805f8a78      0x28c out/build/custom/custom_main/src/uart.o
                0x805f8a78                ParseCORS
 .text.lwip_htons
                0x805f8d04       0x4c out/build/custom/custom_main/src/tcp.o
 .text.print_ipv4_address
                0x805f8d50      0x120 out/build/custom/custom_main/src/tcp.o
                0x805f8d50                print_ipv4_address
 .text.print_ipv4_address1
                0x805f8e70      0x120 out/build/custom/custom_main/src/tcp.o
                0x805f8e70                print_ipv4_address1
 .text.Waitnet  0x805f8f90       0xa8 out/build/custom/custom_main/src/tcp.o
                0x805f8f90                Waitnet
 .text.Waitnet1
                0x805f9038       0xa8 out/build/custom/custom_main/src/tcp.o
                0x805f9038                Waitnet1
 .text.UpBaidu  0x805f90e0      0x554 out/build/custom/custom_main/src/tcp.o
                0x805f90e0                UpBaidu
 .text.GetCors  0x805f9634      0x410 out/build/custom/custom_main/src/tcp.o
                0x805f9634                GetCors
 .text.swit     0x805f9a44      0x260 out/build/custom/custom_main/src/tcp.o
                0x805f9a44                swit
 .text.substring
                0x805f9ca4       0xd8 out/build/custom/custom_main/src/gps.o
 .text.ParseSLAVE
                0x805f9d7c      0x29c out/build/custom/custom_main/src/gps.o
                0x805f9d7c                ParseSLAVE
 .text.ParseGPGGA
                0x805fa018      0x4a4 out/build/custom/custom_main/src/gps.o
                0x805fa018                ParseGPGGA
 .text.ParseGPRMC
                0x805fa4bc      0xa24 out/build/custom/custom_main/src/gps.o
                0x805fa4bc                ParseGPRMC
 .text.outof_China
                0x805faee0       0xc4 out/build/custom/custom_main/src/gps.o
                0x805faee0                outof_China
 .text.translate_lon
                0x805fafa4      0x4d4 out/build/custom/custom_main/src/gps.o
                0x805fafa4                translate_lon
 .text.translate_lat
                0x805fb478      0x4f4 out/build/custom/custom_main/src/gps.o
                0x805fb478                translate_lat
 .text.wgs84togcj02
                0x805fb96c      0x398 out/build/custom/custom_main/src/gps.o
                0x805fb96c                wgs84togcj02
 .text.gcj02tobd09
                0x805fbd04      0x1fc out/build/custom/custom_main/src/gps.o
                0x805fbd04                gcj02tobd09
 .text.dms_to_degrees
                0x805fbf00       0xc4 out/build/custom/custom_main/src/gps.o
                0x805fbf00                dms_to_degrees
 .text.separateString
                0x805fbfc4      0x154 out/build/custom/custom_main/src/gps.o
                0x805fbfc4                separateString
 .text.processInfo
                0x805fc118      0x368 out/build/custom/custom_main/src/gps.o
                0x805fc118                processInfo
 .text          0x805fc480      0x378 f:/2023-12-29desktop/github/ml307a/tools/toolchain/gcc-arm-none-eabi/bin/../lib/gcc/arm-none-eabi/8.3.1/thumb/v7/nofp\libgcc.a(_arm_addsubdf3.o)
                0x805fc480                __aeabi_drsub
                0x805fc488                __aeabi_dsub
                0x805fc488                __subdf3
                0x805fc48c                __aeabi_dadd
                0x805fc48c                __adddf3
                0x805fc704                __floatunsidf
                0x805fc704                __aeabi_ui2d
                0x805fc724                __floatsidf
                0x805fc724                __aeabi_i2d
                0x805fc748                __aeabi_f2d
                0x805fc748                __extendsfdf2
                0x805fc78c                __floatundidf
                0x805fc78c                __aeabi_ul2d
                0x805fc79c                __floatdidf
                0x805fc79c                __aeabi_l2d
 .text          0x805fc7f8      0x424 f:/2023-12-29desktop/github/ml307a/tools/toolchain/gcc-arm-none-eabi/bin/../lib/gcc/arm-none-eabi/8.3.1/thumb/v7/nofp\libgcc.a(_arm_muldivdf3.o)
                0x805fc7f8                __aeabi_dmul
                0x805fc7f8                __muldf3
                0x805fca4c                __divdf3
                0x805fca4c                __aeabi_ddiv
 .text          0x805fcc1c      0x110 f:/2023-12-29desktop/github/ml307a/tools/toolchain/gcc-arm-none-eabi/bin/../lib/gcc/arm-none-eabi/8.3.1/thumb/v7/nofp\libgcc.a(_arm_cmpdf2.o)
                0x805fcc1c                __gtdf2
                0x805fcc1c                __gedf2
                0x805fcc24                __ltdf2
                0x805fcc24                __ledf2
                0x805fcc2c                __nedf2
                0x805fcc2c                __eqdf2
                0x805fcc2c                __cmpdf2
                0x805fcca8                __aeabi_cdrcmple
                0x805fccb8                __aeabi_cdcmpeq
                0x805fccb8                __aeabi_cdcmple
                0x805fccc8                __aeabi_dcmpeq
                0x805fccdc                __aeabi_dcmplt
                0x805fccf0                __aeabi_dcmple
                0x805fcd04                __aeabi_dcmpge
                0x805fcd18                __aeabi_dcmpgt
 .text          0x805fcd2c       0x50 f:/2023-12-29desktop/github/ml307a/tools/toolchain/gcc-arm-none-eabi/bin/../lib/gcc/arm-none-eabi/8.3.1/thumb/v7/nofp\libgcc.a(_arm_fixdfsi.o)
                0x805fcd2c                __aeabi_d2iz
                0x805fcd2c                __fixdfsi
 .text          0x805fcd7c       0x40 f:/2023-12-29desktop/github/ml307a/tools/toolchain/gcc-arm-none-eabi/bin/../lib/gcc/arm-none-eabi/8.3.1/thumb/v7/nofp\libgcc.a(_arm_fixunsdfsi.o)
                0x805fcd7c                __aeabi_d2uiz
                0x805fcd7c                __fixunsdfsi
 .text          0x805fcdbc       0xa0 f:/2023-12-29desktop/github/ml307a/tools/toolchain/gcc-arm-none-eabi/bin/../lib/gcc/arm-none-eabi/8.3.1/thumb/v7/nofp\libgcc.a(_arm_truncdfsf2.o)
                0x805fcdbc                __truncdfsf2
                0x805fcdbc                __aeabi_d2f
 .text          0x805fce5c       0x30 f:/2023-12-29desktop/github/ml307a/tools/toolchain/gcc-arm-none-eabi/bin/../lib/gcc/arm-none-eabi/8.3.1/thumb/v7/nofp\libgcc.a(_aeabi_uldivmod.o)
                0x805fce5c                __aeabi_uldivmod
 .text          0x805fce8c      0x118 f:/2023-12-29desktop/github/ml307a/tools/toolchain/gcc-arm-none-eabi/bin/../lib/gcc/arm-none-eabi/8.3.1/thumb/v7/nofp\libgcc.a(_udivmoddi4.o)
                0x805fce8c                __udivmoddi4
 .text          0x805fcfa4        0x4 f:/2023-12-29desktop/github/ml307a/tools/toolchain/gcc-arm-none-eabi/bin/../lib/gcc/arm-none-eabi/8.3.1/thumb/v7/nofp\libgcc.a(_dvmd_tls.o)
                0x805fcfa4                __aeabi_idiv0
                0x805fcfa4                __aeabi_ldiv0
 .text.cos      0x805fcfa8       0x94 f:/2023-12-29desktop/github/ml307a/tools/toolchain/gcc-arm-none-eabi/bin/../lib/gcc/arm-none-eabi/8.3.1/../../../../arm-none-eabi/lib/thumb/v7/nofp\libm.a(lib_a-s_cos.o)
                0x805fcfa8                cos
 *fill*         0x805fd03c        0x4 
 .text.floor    0x805fd040      0x110 f:/2023-12-29desktop/github/ml307a/tools/toolchain/gcc-arm-none-eabi/bin/../lib/gcc/arm-none-eabi/8.3.1/../../../../arm-none-eabi/lib/thumb/v7/nofp\libm.a(lib_a-s_floor.o)
                0x805fd040                floor
 .text.sin      0x805fd150       0x98 f:/2023-12-29desktop/github/ml307a/tools/toolchain/gcc-arm-none-eabi/bin/../lib/gcc/arm-none-eabi/8.3.1/../../../../arm-none-eabi/lib/thumb/v7/nofp\libm.a(lib_a-s_sin.o)
                0x805fd150                sin
 .text.atan2    0x805fd1e8        0x4 f:/2023-12-29desktop/github/ml307a/tools/toolchain/gcc-arm-none-eabi/bin/../lib/gcc/arm-none-eabi/8.3.1/../../../../arm-none-eabi/lib/thumb/v7/nofp\libm.a(lib_a-w_atan2.o)
                0x805fd1e8                atan2
 .text.sqrt     0x805fd1ec       0x74 f:/2023-12-29desktop/github/ml307a/tools/toolchain/gcc-arm-none-eabi/bin/../lib/gcc/arm-none-eabi/8.3.1/../../../../arm-none-eabi/lib/thumb/v7/nofp\libm.a(lib_a-w_sqrt.o)
                0x805fd1ec                sqrt
 .text.__ieee754_atan2
                0x805fd260      0x1d0 f:/2023-12-29desktop/github/ml307a/tools/toolchain/gcc-arm-none-eabi/bin/../lib/gcc/arm-none-eabi/8.3.1/../../../../arm-none-eabi/lib/thumb/v7/nofp\libm.a(lib_a-e_atan2.o)
                0x805fd260                __ieee754_atan2
 .text.__ieee754_rem_pio2
                0x805fd430      0x450 f:/2023-12-29desktop/github/ml307a/tools/toolchain/gcc-arm-none-eabi/bin/../lib/gcc/arm-none-eabi/8.3.1/../../../../arm-none-eabi/lib/thumb/v7/nofp\libm.a(lib_a-e_rem_pio2.o)
                0x805fd430                __ieee754_rem_pio2
 .text.__ieee754_sqrt
                0x805fd880      0x19c f:/2023-12-29desktop/github/ml307a/tools/toolchain/gcc-arm-none-eabi/bin/../lib/gcc/arm-none-eabi/8.3.1/../../../../arm-none-eabi/lib/thumb/v7/nofp\libm.a(lib_a-e_sqrt.o)
                0x805fd880                __ieee754_sqrt
 *fill*         0x805fda1c        0x4 
 .text.__kernel_cos
                0x805fda20      0x258 f:/2023-12-29desktop/github/ml307a/tools/toolchain/gcc-arm-none-eabi/bin/../lib/gcc/arm-none-eabi/8.3.1/../../../../arm-none-eabi/lib/thumb/v7/nofp\libm.a(lib_a-k_cos.o)
                0x805fda20                __kernel_cos
 .text.__kernel_rem_pio2
                0x805fdc78      0x7f0 f:/2023-12-29desktop/github/ml307a/tools/toolchain/gcc-arm-none-eabi/bin/../lib/gcc/arm-none-eabi/8.3.1/../../../../arm-none-eabi/lib/thumb/v7/nofp\libm.a(lib_a-k_rem_pio2.o)
                0x805fdc78                __kernel_rem_pio2
 .text.__kernel_sin
                0x805fe468      0x170 f:/2023-12-29desktop/github/ml307a/tools/toolchain/gcc-arm-none-eabi/bin/../lib/gcc/arm-none-eabi/8.3.1/../../../../arm-none-eabi/lib/thumb/v7/nofp\libm.a(lib_a-k_sin.o)
                0x805fe468                __kernel_sin
 .text.atan     0x805fe5d8      0x328 f:/2023-12-29desktop/github/ml307a/tools/toolchain/gcc-arm-none-eabi/bin/../lib/gcc/arm-none-eabi/8.3.1/../../../../arm-none-eabi/lib/thumb/v7/nofp\libm.a(lib_a-s_atan.o)
                0x805fe5d8                atan
 .text.fabs     0x805fe900        0x8 f:/2023-12-29desktop/github/ml307a/tools/toolchain/gcc-arm-none-eabi/bin/../lib/gcc/arm-none-eabi/8.3.1/../../../../arm-none-eabi/lib/thumb/v7/nofp\libm.a(lib_a-s_fabs.o)
                0x805fe900                fabs
 .text.nan      0x805fe908        0xc f:/2023-12-29desktop/github/ml307a/tools/toolchain/gcc-arm-none-eabi/bin/../lib/gcc/arm-none-eabi/8.3.1/../../../../arm-none-eabi/lib/thumb/v7/nofp\libm.a(lib_a-s_nan.o)
                0x805fe908                nan
 *fill*         0x805fe914        0x4 
 .text.scalbn   0x805fe918      0x110 f:/2023-12-29desktop/github/ml307a/tools/toolchain/gcc-arm-none-eabi/bin/../lib/gcc/arm-none-eabi/8.3.1/../../../../arm-none-eabi/lib/thumb/v7/nofp\libm.a(lib_a-s_scalbn.o)
                0x805fe918                scalbn
 .text.atof     0x805fea28        0x8 f:/2023-12-29desktop/github/ml307a/tools/toolchain/gcc-arm-none-eabi/bin/../lib/gcc/arm-none-eabi/8.3.1/../../../../arm-none-eabi/lib/thumb/v7/nofp\libc.a(lib_a-atof.o)
                0x805fea28                atof
 .text.atoi     0x805fea30        0x8 f:/2023-12-29desktop/github/ml307a/tools/toolchain/gcc-arm-none-eabi/bin/../lib/gcc/arm-none-eabi/8.3.1/../../../../arm-none-eabi/lib/thumb/v7/nofp\libc.a(lib_a-atoi.o)
                0x805fea30                atoi
 .text._calloc_r
                0x805fea38       0x64 f:/2023-12-29desktop/github/ml307a/tools/toolchain/gcc-arm-none-eabi/bin/../lib/gcc/arm-none-eabi/8.3.1/../../../../arm-none-eabi/lib/thumb/v7/nofp\libc.a(lib_a-callocr.o)
                0x805fea38                _calloc_r
 .text.__errno  0x805fea9c        0xc f:/2023-12-29desktop/github/ml307a/tools/toolchain/gcc-arm-none-eabi/bin/../lib/gcc/arm-none-eabi/8.3.1/../../../../arm-none-eabi/lib/thumb/v7/nofp\libc.a(lib_a-errno.o)
                0x805fea9c                __errno
 .text.exit     0x805feaa8       0x20 f:/2023-12-29desktop/github/ml307a/tools/toolchain/gcc-arm-none-eabi/bin/../lib/gcc/arm-none-eabi/8.3.1/../../../../arm-none-eabi/lib/thumb/v7/nofp\libc.a(lib_a-exit.o)
                0x805feaa8                exit
 .text.fprintf  0x805feac8       0x2c f:/2023-12-29desktop/github/ml307a/tools/toolchain/gcc-arm-none-eabi/bin/../lib/gcc/arm-none-eabi/8.3.1/../../../../arm-none-eabi/lib/thumb/v7/nofp\libc.a(lib_a-fprintf.o)
                0x805feac8                fprintf
 .text._malloc_r
                0x805feaf4      0x5a4 f:/2023-12-29desktop/github/ml307a/tools/toolchain/gcc-arm-none-eabi/bin/../lib/gcc/arm-none-eabi/8.3.1/../../../../arm-none-eabi/lib/thumb/v7/nofp\libc.a(lib_a-mallocr.o)
                0x805feaf4                _malloc_r
 .text          0x805ff098       0xec f:/2023-12-29desktop/github/ml307a/tools/toolchain/gcc-arm-none-eabi/bin/../lib/gcc/arm-none-eabi/8.3.1/../../../../arm-none-eabi/lib/thumb/v7/nofp\libc.a(lib_a-memcpy.o)
                0x805ff098                memcpy
 .text.memmove  0x805ff184       0xd0 f:/2023-12-29desktop/github/ml307a/tools/toolchain/gcc-arm-none-eabi/bin/../lib/gcc/arm-none-eabi/8.3.1/../../../../arm-none-eabi/lib/thumb/v7/nofp\libc.a(lib_a-memmove.o)
                0x805ff184                memmove
 .text.memset   0x805ff254       0xa0 f:/2023-12-29desktop/github/ml307a/tools/toolchain/gcc-arm-none-eabi/bin/../lib/gcc/arm-none-eabi/8.3.1/../../../../arm-none-eabi/lib/thumb/v7/nofp\libc.a(lib_a-memset.o)
                0x805ff254                memset
 .text.__malloc_lock
                0x805ff2f4        0xc f:/2023-12-29desktop/github/ml307a/tools/toolchain/gcc-arm-none-eabi/bin/../lib/gcc/arm-none-eabi/8.3.1/../../../../arm-none-eabi/lib/thumb/v7/nofp\libc.a(lib_a-mlock.o)
                0x805ff2f4                __malloc_lock
 .text.__malloc_unlock
                0x805ff300        0xc f:/2023-12-29desktop/github/ml307a/tools/toolchain/gcc-arm-none-eabi/bin/../lib/gcc/arm-none-eabi/8.3.1/../../../../arm-none-eabi/lib/thumb/v7/nofp\libc.a(lib_a-mlock.o)
                0x805ff300                __malloc_unlock
 .text._sbrk_r  0x805ff30c       0x28 f:/2023-12-29desktop/github/ml307a/tools/toolchain/gcc-arm-none-eabi/bin/../lib/gcc/arm-none-eabi/8.3.1/../../../../arm-none-eabi/lib/thumb/v7/nofp\libc.a(lib_a-sbrkr.o)
                0x805ff30c                _sbrk_r
 .text.sprintf  0x805ff334       0x48 f:/2023-12-29desktop/github/ml307a/tools/toolchain/gcc-arm-none-eabi/bin/../lib/gcc/arm-none-eabi/8.3.1/../../../../arm-none-eabi/lib/thumb/v7/nofp\libc.a(lib_a-sprintf.o)
                0x805ff334                sprintf
 .text.strchr   0x805ff37c       0xe4 f:/2023-12-29desktop/github/ml307a/tools/toolchain/gcc-arm-none-eabi/bin/../lib/gcc/arm-none-eabi/8.3.1/../../../../arm-none-eabi/lib/thumb/v7/nofp\libc.a(lib_a-strchr.o)
                0x805ff37c                strchr
 .text          0x805ff460      0x1bc f:/2023-12-29desktop/github/ml307a/tools/toolchain/gcc-arm-none-eabi/bin/../lib/gcc/arm-none-eabi/8.3.1/../../../../arm-none-eabi/lib/thumb/v7/nofp\libc.a(lib_a-strcmp.o)
                0x805ff460                strcmp
 .text.strcpy   0x805ff61c       0xbc f:/2023-12-29desktop/github/ml307a/tools/toolchain/gcc-arm-none-eabi/bin/../lib/gcc/arm-none-eabi/8.3.1/../../../../arm-none-eabi/lib/thumb/v7/nofp\libc.a(lib_a-strcpy.o)
                0x805ff61c                strcpy
 .text._strerror_r
                0x805ff6d8      0x470 f:/2023-12-29desktop/github/ml307a/tools/toolchain/gcc-arm-none-eabi/bin/../lib/gcc/arm-none-eabi/8.3.1/../../../../arm-none-eabi/lib/thumb/v7/nofp\libc.a(lib_a-strerror.o)
                0x805ff6d8                _strerror_r
 .text.strerror
                0x805ffb48       0x18 f:/2023-12-29desktop/github/ml307a/tools/toolchain/gcc-arm-none-eabi/bin/../lib/gcc/arm-none-eabi/8.3.1/../../../../arm-none-eabi/lib/thumb/v7/nofp\libc.a(lib_a-strerror.o)
                0x805ffb48                strerror
 .text.strlen   0x805ffb60       0x5c f:/2023-12-29desktop/github/ml307a/tools/toolchain/gcc-arm-none-eabi/bin/../lib/gcc/arm-none-eabi/8.3.1/../../../../arm-none-eabi/lib/thumb/v7/nofp\libc.a(lib_a-strlen-stub.o)
                0x805ffb60                strlen
 .text.strncmp  0x805ffbbc       0xa4 f:/2023-12-29desktop/github/ml307a/tools/toolchain/gcc-arm-none-eabi/bin/../lib/gcc/arm-none-eabi/8.3.1/../../../../arm-none-eabi/lib/thumb/v7/nofp\libc.a(lib_a-strncmp.o)
                0x805ffbbc                strncmp
 .text.strncpy  0x805ffc60       0x80 f:/2023-12-29desktop/github/ml307a/tools/toolchain/gcc-arm-none-eabi/bin/../lib/gcc/arm-none-eabi/8.3.1/../../../../arm-none-eabi/lib/thumb/v7/nofp\libc.a(lib_a-strncpy.o)
                0x805ffc60                strncpy
 .text.sulp     0x805ffce0       0x44 f:/2023-12-29desktop/github/ml307a/tools/toolchain/gcc-arm-none-eabi/bin/../lib/gcc/arm-none-eabi/8.3.1/../../../../arm-none-eabi/lib/thumb/v7/nofp\libc.a(lib_a-strtod.o)
 *fill*         0x805ffd24        0x4 
 .text._strtod_l
                0x805ffd28      0xf84 f:/2023-12-29desktop/github/ml307a/tools/toolchain/gcc-arm-none-eabi/bin/../lib/gcc/arm-none-eabi/8.3.1/../../../../arm-none-eabi/lib/thumb/v7/nofp\libc.a(lib_a-strtod.o)
                0x805ffd28                _strtod_l
 .text.strtod   0x80600cac       0x20 f:/2023-12-29desktop/github/ml307a/tools/toolchain/gcc-arm-none-eabi/bin/../lib/gcc/arm-none-eabi/8.3.1/../../../../arm-none-eabi/lib/thumb/v7/nofp\libc.a(lib_a-strtod.o)
                0x80600cac                strtod
 .text.strtok   0x80600ccc       0x14 f:/2023-12-29desktop/github/ml307a/tools/toolchain/gcc-arm-none-eabi/bin/../lib/gcc/arm-none-eabi/8.3.1/../../../../arm-none-eabi/lib/thumb/v7/nofp\libc.a(lib_a-strtok.o)
                0x80600ccc                strtok
 .text.__strtok_r
                0x80600ce0       0x68 f:/2023-12-29desktop/github/ml307a/tools/toolchain/gcc-arm-none-eabi/bin/../lib/gcc/arm-none-eabi/8.3.1/../../../../arm-none-eabi/lib/thumb/v7/nofp\libc.a(lib_a-strtok_r.o)
                0x80600ce0                __strtok_r
 .text._strtol_l.isra.0
                0x80600d48      0x128 f:/2023-12-29desktop/github/ml307a/tools/toolchain/gcc-arm-none-eabi/bin/../lib/gcc/arm-none-eabi/8.3.1/../../../../arm-none-eabi/lib/thumb/v7/nofp\libc.a(lib_a-strtol.o)
 .text.strtol   0x80600e70       0x18 f:/2023-12-29desktop/github/ml307a/tools/toolchain/gcc-arm-none-eabi/bin/../lib/gcc/arm-none-eabi/8.3.1/../../../../arm-none-eabi/lib/thumb/v7/nofp\libc.a(lib_a-strtol.o)
                0x80600e70                strtol
 .text._svfprintf_r
                0x80600e88     0x1a28 f:/2023-12-29desktop/github/ml307a/tools/toolchain/gcc-arm-none-eabi/bin/../lib/gcc/arm-none-eabi/8.3.1/../../../../arm-none-eabi/lib/thumb/v7/nofp\libc.a(lib_a-svfprintf.o)
                0x80600e88                _svfprintf_r
 .text._user_strerror
                0x806028b0        0x4 f:/2023-12-29desktop/github/ml307a/tools/toolchain/gcc-arm-none-eabi/bin/../lib/gcc/arm-none-eabi/8.3.1/../../../../arm-none-eabi/lib/thumb/v7/nofp\libc.a(lib_a-u_strerr.o)
                0x806028b0                _user_strerror
 .text._vfprintf_r
                0x806028b4     0x1b18 f:/2023-12-29desktop/github/ml307a/tools/toolchain/gcc-arm-none-eabi/bin/../lib/gcc/arm-none-eabi/8.3.1/../../../../arm-none-eabi/lib/thumb/v7/nofp\libc.a(lib_a-vfprintf.o)
                0x806028b4                _vfprintf_r
 .text.__sbprintf
                0x806043cc       0x88 f:/2023-12-29desktop/github/ml307a/tools/toolchain/gcc-arm-none-eabi/bin/../lib/gcc/arm-none-eabi/8.3.1/../../../../arm-none-eabi/lib/thumb/v7/nofp\libc.a(lib_a-vfprintf.o)
 .text._vsnprintf_r
                0x80604454       0x6c f:/2023-12-29desktop/github/ml307a/tools/toolchain/gcc-arm-none-eabi/bin/../lib/gcc/arm-none-eabi/8.3.1/../../../../arm-none-eabi/lib/thumb/v7/nofp\libc.a(lib_a-vsnprintf.o)
                0x80604454                _vsnprintf_r
 .text.vsnprintf
                0x806044c0       0x20 f:/2023-12-29desktop/github/ml307a/tools/toolchain/gcc-arm-none-eabi/bin/../lib/gcc/arm-none-eabi/8.3.1/../../../../arm-none-eabi/lib/thumb/v7/nofp\libc.a(lib_a-vsnprintf.o)
                0x806044c0                vsnprintf
 .text._write_r
                0x806044e0       0x2c f:/2023-12-29desktop/github/ml307a/tools/toolchain/gcc-arm-none-eabi/bin/../lib/gcc/arm-none-eabi/8.3.1/../../../../arm-none-eabi/lib/thumb/v7/nofp\libc.a(lib_a-writer.o)
                0x806044e0                _write_r
 .text.__swsetup_r
                0x8060450c       0xc8 f:/2023-12-29desktop/github/ml307a/tools/toolchain/gcc-arm-none-eabi/bin/../lib/gcc/arm-none-eabi/8.3.1/../../../../arm-none-eabi/lib/thumb/v7/nofp\libc.a(lib_a-wsetup.o)
                0x8060450c                __swsetup_r
 .text.__call_exitprocs
                0x806045d4       0xb4 f:/2023-12-29desktop/github/ml307a/tools/toolchain/gcc-arm-none-eabi/bin/../lib/gcc/arm-none-eabi/8.3.1/../../../../arm-none-eabi/lib/thumb/v7/nofp\libc.a(lib_a-__call_atexit.o)
                0x806045d4                __call_exitprocs
 .text.quorem   0x80604688      0x140 f:/2023-12-29desktop/github/ml307a/tools/toolchain/gcc-arm-none-eabi/bin/../lib/gcc/arm-none-eabi/8.3.1/../../../../arm-none-eabi/lib/thumb/v7/nofp\libc.a(lib_a-dtoa.o)
 .text._dtoa_r  0x806047c8      0xf1c f:/2023-12-29desktop/github/ml307a/tools/toolchain/gcc-arm-none-eabi/bin/../lib/gcc/arm-none-eabi/8.3.1/../../../../arm-none-eabi/lib/thumb/v7/nofp\libc.a(lib_a-dtoa.o)
                0x806047c8                _dtoa_r
 .text.__sflush_r
                0x806056e4      0x154 f:/2023-12-29desktop/github/ml307a/tools/toolchain/gcc-arm-none-eabi/bin/../lib/gcc/arm-none-eabi/8.3.1/../../../../arm-none-eabi/lib/thumb/v7/nofp\libc.a(lib_a-fflush.o)
                0x806056e4                __sflush_r
 .text._fflush_r
                0x80605838       0x5c f:/2023-12-29desktop/github/ml307a/tools/toolchain/gcc-arm-none-eabi/bin/../lib/gcc/arm-none-eabi/8.3.1/../../../../arm-none-eabi/lib/thumb/v7/nofp\libc.a(lib_a-fflush.o)
                0x80605838                _fflush_r
 .text.std      0x80605894       0x58 f:/2023-12-29desktop/github/ml307a/tools/toolchain/gcc-arm-none-eabi/bin/../lib/gcc/arm-none-eabi/8.3.1/../../../../arm-none-eabi/lib/thumb/v7/nofp\libc.a(lib_a-findfp.o)
 .text._cleanup_r
                0x806058ec        0xc f:/2023-12-29desktop/github/ml307a/tools/toolchain/gcc-arm-none-eabi/bin/../lib/gcc/arm-none-eabi/8.3.1/../../../../arm-none-eabi/lib/thumb/v7/nofp\libc.a(lib_a-findfp.o)
                0x806058ec                _cleanup_r
 .text.__sinit  0x806058f8       0x70 f:/2023-12-29desktop/github/ml307a/tools/toolchain/gcc-arm-none-eabi/bin/../lib/gcc/arm-none-eabi/8.3.1/../../../../arm-none-eabi/lib/thumb/v7/nofp\libc.a(lib_a-findfp.o)
                0x806058f8                __sinit
 .text.__sfp_lock_acquire
                0x80605968        0xc f:/2023-12-29desktop/github/ml307a/tools/toolchain/gcc-arm-none-eabi/bin/../lib/gcc/arm-none-eabi/8.3.1/../../../../arm-none-eabi/lib/thumb/v7/nofp\libc.a(lib_a-findfp.o)
                0x80605968                __sfp_lock_acquire
 .text.__sfp_lock_release
                0x80605974        0xc f:/2023-12-29desktop/github/ml307a/tools/toolchain/gcc-arm-none-eabi/bin/../lib/gcc/arm-none-eabi/8.3.1/../../../../arm-none-eabi/lib/thumb/v7/nofp\libc.a(lib_a-findfp.o)
                0x80605974                __sfp_lock_release
 .text._malloc_trim_r
                0x80605980       0xac f:/2023-12-29desktop/github/ml307a/tools/toolchain/gcc-arm-none-eabi/bin/../lib/gcc/arm-none-eabi/8.3.1/../../../../arm-none-eabi/lib/thumb/v7/nofp\libc.a(lib_a-freer.o)
                0x80605980                _malloc_trim_r
 .text._free_r  0x80605a2c      0x1fc f:/2023-12-29desktop/github/ml307a/tools/toolchain/gcc-arm-none-eabi/bin/../lib/gcc/arm-none-eabi/8.3.1/../../../../arm-none-eabi/lib/thumb/v7/nofp\libc.a(lib_a-freer.o)
                0x80605a2c                _free_r
 .text._fwalk_reent
                0x80605c28       0x50 f:/2023-12-29desktop/github/ml307a/tools/toolchain/gcc-arm-none-eabi/bin/../lib/gcc/arm-none-eabi/8.3.1/../../../../arm-none-eabi/lib/thumb/v7/nofp\libc.a(lib_a-fwalk.o)
                0x80605c28                _fwalk_reent
 .text.rshift   0x80605c78       0xa8 f:/2023-12-29desktop/github/ml307a/tools/toolchain/gcc-arm-none-eabi/bin/../lib/gcc/arm-none-eabi/8.3.1/../../../../arm-none-eabi/lib/thumb/v7/nofp\libc.a(lib_a-gdtoa-gethex.o)
 .text.__gethex
                0x80605d20      0x558 f:/2023-12-29desktop/github/ml307a/tools/toolchain/gcc-arm-none-eabi/bin/../lib/gcc/arm-none-eabi/8.3.1/../../../../arm-none-eabi/lib/thumb/v7/nofp\libc.a(lib_a-gdtoa-gethex.o)
                0x80605d20                __gethex
 .text.__match  0x80606278       0x30 f:/2023-12-29desktop/github/ml307a/tools/toolchain/gcc-arm-none-eabi/bin/../lib/gcc/arm-none-eabi/8.3.1/../../../../arm-none-eabi/lib/thumb/v7/nofp\libc.a(lib_a-gdtoa-hexnan.o)
                0x80606278                __match
 .text.__hexnan
                0x806062a8      0x198 f:/2023-12-29desktop/github/ml307a/tools/toolchain/gcc-arm-none-eabi/bin/../lib/gcc/arm-none-eabi/8.3.1/../../../../arm-none-eabi/lib/thumb/v7/nofp\libc.a(lib_a-gdtoa-hexnan.o)
                0x806062a8                __hexnan
 .text.__locale_mb_cur_max
                0x80606440       0x10 f:/2023-12-29desktop/github/ml307a/tools/toolchain/gcc-arm-none-eabi/bin/../lib/gcc/arm-none-eabi/8.3.1/../../../../arm-none-eabi/lib/thumb/v7/nofp\libc.a(lib_a-locale.o)
                0x80606440                __locale_mb_cur_max
 .text._localeconv_r
                0x80606450        0x8 f:/2023-12-29desktop/github/ml307a/tools/toolchain/gcc-arm-none-eabi/bin/../lib/gcc/arm-none-eabi/8.3.1/../../../../arm-none-eabi/lib/thumb/v7/nofp\libc.a(lib_a-localeconv.o)
                0x80606450                _localeconv_r
 .text.__retarget_lock_init_recursive
                0x80606458        0x4 f:/2023-12-29desktop/github/ml307a/tools/toolchain/gcc-arm-none-eabi/bin/../lib/gcc/arm-none-eabi/8.3.1/../../../../arm-none-eabi/lib/thumb/v7/nofp\libc.a(lib_a-lock.o)
                0x80606458                __retarget_lock_init_recursive
 .text.__retarget_lock_close_recursive
                0x8060645c        0x4 f:/2023-12-29desktop/github/ml307a/tools/toolchain/gcc-arm-none-eabi/bin/../lib/gcc/arm-none-eabi/8.3.1/../../../../arm-none-eabi/lib/thumb/v7/nofp\libc.a(lib_a-lock.o)
                0x8060645c                __retarget_lock_close_recursive
 .text.__retarget_lock_acquire_recursive
                0x80606460        0x4 f:/2023-12-29desktop/github/ml307a/tools/toolchain/gcc-arm-none-eabi/bin/../lib/gcc/arm-none-eabi/8.3.1/../../../../arm-none-eabi/lib/thumb/v7/nofp\libc.a(lib_a-lock.o)
                0x80606460                __retarget_lock_acquire_recursive
 .text.__retarget_lock_release_recursive
                0x80606464        0x4 f:/2023-12-29desktop/github/ml307a/tools/toolchain/gcc-arm-none-eabi/bin/../lib/gcc/arm-none-eabi/8.3.1/../../../../arm-none-eabi/lib/thumb/v7/nofp\libc.a(lib_a-lock.o)
                0x80606464                __retarget_lock_release_recursive
 .text.__swhatbuf_r
                0x80606468       0x5c f:/2023-12-29desktop/github/ml307a/tools/toolchain/gcc-arm-none-eabi/bin/../lib/gcc/arm-none-eabi/8.3.1/../../../../arm-none-eabi/lib/thumb/v7/nofp\libc.a(lib_a-makebuf.o)
                0x80606468                __swhatbuf_r
 .text.__smakebuf_r
                0x806064c4       0x9c f:/2023-12-29desktop/github/ml307a/tools/toolchain/gcc-arm-none-eabi/bin/../lib/gcc/arm-none-eabi/8.3.1/../../../../arm-none-eabi/lib/thumb/v7/nofp\libc.a(lib_a-makebuf.o)
                0x806064c4                __smakebuf_r
 .text.__ascii_mbtowc
                0x80606560       0x24 f:/2023-12-29desktop/github/ml307a/tools/toolchain/gcc-arm-none-eabi/bin/../lib/gcc/arm-none-eabi/8.3.1/../../../../arm-none-eabi/lib/thumb/v7/nofp\libc.a(lib_a-mbtowc_r.o)
                0x80606560                __ascii_mbtowc
 .text.memchr   0x80606584       0x8c f:/2023-12-29desktop/github/ml307a/tools/toolchain/gcc-arm-none-eabi/bin/../lib/gcc/arm-none-eabi/8.3.1/../../../../arm-none-eabi/lib/thumb/v7/nofp\libc.a(lib_a-memchr-stub.o)
                0x80606584                memchr
 .text._Balloc  0x80606610       0x4c f:/2023-12-29desktop/github/ml307a/tools/toolchain/gcc-arm-none-eabi/bin/../lib/gcc/arm-none-eabi/8.3.1/../../../../arm-none-eabi/lib/thumb/v7/nofp\libc.a(lib_a-mprec.o)
                0x80606610                _Balloc
 .text._Bfree   0x8060665c       0x14 f:/2023-12-29desktop/github/ml307a/tools/toolchain/gcc-arm-none-eabi/bin/../lib/gcc/arm-none-eabi/8.3.1/../../../../arm-none-eabi/lib/thumb/v7/nofp\libc.a(lib_a-mprec.o)
                0x8060665c                _Bfree
 .text.__multadd
                0x80606670       0x90 f:/2023-12-29desktop/github/ml307a/tools/toolchain/gcc-arm-none-eabi/bin/../lib/gcc/arm-none-eabi/8.3.1/../../../../arm-none-eabi/lib/thumb/v7/nofp\libc.a(lib_a-mprec.o)
                0x80606670                __multadd
 .text.__s2b    0x80606700       0x98 f:/2023-12-29desktop/github/ml307a/tools/toolchain/gcc-arm-none-eabi/bin/../lib/gcc/arm-none-eabi/8.3.1/../../../../arm-none-eabi/lib/thumb/v7/nofp\libc.a(lib_a-mprec.o)
                0x80606700                __s2b
 .text.__hi0bits
                0x80606798       0x40 f:/2023-12-29desktop/github/ml307a/tools/toolchain/gcc-arm-none-eabi/bin/../lib/gcc/arm-none-eabi/8.3.1/../../../../arm-none-eabi/lib/thumb/v7/nofp\libc.a(lib_a-mprec.o)
                0x80606798                __hi0bits
 .text.__lo0bits
                0x806067d8       0x5c f:/2023-12-29desktop/github/ml307a/tools/toolchain/gcc-arm-none-eabi/bin/../lib/gcc/arm-none-eabi/8.3.1/../../../../arm-none-eabi/lib/thumb/v7/nofp\libc.a(lib_a-mprec.o)
                0x806067d8                __lo0bits
 .text.__i2b    0x80606834       0x14 f:/2023-12-29desktop/github/ml307a/tools/toolchain/gcc-arm-none-eabi/bin/../lib/gcc/arm-none-eabi/8.3.1/../../../../arm-none-eabi/lib/thumb/v7/nofp\libc.a(lib_a-mprec.o)
                0x80606834                __i2b
 .text.__multiply
                0x80606848      0x140 f:/2023-12-29desktop/github/ml307a/tools/toolchain/gcc-arm-none-eabi/bin/../lib/gcc/arm-none-eabi/8.3.1/../../../../arm-none-eabi/lib/thumb/v7/nofp\libc.a(lib_a-mprec.o)
                0x80606848                __multiply
 .text.__pow5mult
                0x80606988       0xa4 f:/2023-12-29desktop/github/ml307a/tools/toolchain/gcc-arm-none-eabi/bin/../lib/gcc/arm-none-eabi/8.3.1/../../../../arm-none-eabi/lib/thumb/v7/nofp\libc.a(lib_a-mprec.o)
                0x80606988                __pow5mult
 .text.__lshift
                0x80606a2c       0xbc f:/2023-12-29desktop/github/ml307a/tools/toolchain/gcc-arm-none-eabi/bin/../lib/gcc/arm-none-eabi/8.3.1/../../../../arm-none-eabi/lib/thumb/v7/nofp\libc.a(lib_a-mprec.o)
                0x80606a2c                __lshift
 .text.__mcmp   0x80606ae8       0x3c f:/2023-12-29desktop/github/ml307a/tools/toolchain/gcc-arm-none-eabi/bin/../lib/gcc/arm-none-eabi/8.3.1/../../../../arm-none-eabi/lib/thumb/v7/nofp\libc.a(lib_a-mprec.o)
                0x80606ae8                __mcmp
 .text.__mdiff  0x80606b24      0x108 f:/2023-12-29desktop/github/ml307a/tools/toolchain/gcc-arm-none-eabi/bin/../lib/gcc/arm-none-eabi/8.3.1/../../../../arm-none-eabi/lib/thumb/v7/nofp\libc.a(lib_a-mprec.o)
                0x80606b24                __mdiff
 .text.__ulp    0x80606c2c       0x40 f:/2023-12-29desktop/github/ml307a/tools/toolchain/gcc-arm-none-eabi/bin/../lib/gcc/arm-none-eabi/8.3.1/../../../../arm-none-eabi/lib/thumb/v7/nofp\libc.a(lib_a-mprec.o)
                0x80606c2c                __ulp
 .text.__b2d    0x80606c6c       0xc4 f:/2023-12-29desktop/github/ml307a/tools/toolchain/gcc-arm-none-eabi/bin/../lib/gcc/arm-none-eabi/8.3.1/../../../../arm-none-eabi/lib/thumb/v7/nofp\libc.a(lib_a-mprec.o)
                0x80606c6c                __b2d
 .text.__d2b    0x80606d30       0xac f:/2023-12-29desktop/github/ml307a/tools/toolchain/gcc-arm-none-eabi/bin/../lib/gcc/arm-none-eabi/8.3.1/../../../../arm-none-eabi/lib/thumb/v7/nofp\libc.a(lib_a-mprec.o)
                0x80606d30                __d2b
 .text.__ratio  0x80606ddc       0x58 f:/2023-12-29desktop/github/ml307a/tools/toolchain/gcc-arm-none-eabi/bin/../lib/gcc/arm-none-eabi/8.3.1/../../../../arm-none-eabi/lib/thumb/v7/nofp\libc.a(lib_a-mprec.o)
                0x80606ddc                __ratio
 .text.__copybits
                0x80606e34       0x48 f:/2023-12-29desktop/github/ml307a/tools/toolchain/gcc-arm-none-eabi/bin/../lib/gcc/arm-none-eabi/8.3.1/../../../../arm-none-eabi/lib/thumb/v7/nofp\libc.a(lib_a-mprec.o)
                0x80606e34                __copybits
 .text.__any_on
                0x80606e7c       0x58 f:/2023-12-29desktop/github/ml307a/tools/toolchain/gcc-arm-none-eabi/bin/../lib/gcc/arm-none-eabi/8.3.1/../../../../arm-none-eabi/lib/thumb/v7/nofp\libc.a(lib_a-mprec.o)
                0x80606e7c                __any_on
 .text.frexp    0x80606ed4       0x70 f:/2023-12-29desktop/github/ml307a/tools/toolchain/gcc-arm-none-eabi/bin/../lib/gcc/arm-none-eabi/8.3.1/../../../../arm-none-eabi/lib/thumb/v7/nofp\libc.a(lib_a-s_frexp.o)
                0x80606ed4                frexp
 .text.__sread  0x80606f44       0x24 f:/2023-12-29desktop/github/ml307a/tools/toolchain/gcc-arm-none-eabi/bin/../lib/gcc/arm-none-eabi/8.3.1/../../../../arm-none-eabi/lib/thumb/v7/nofp\libc.a(lib_a-stdio.o)
                0x80606f44                __sread
 .text.__swrite
                0x80606f68       0x40 f:/2023-12-29desktop/github/ml307a/tools/toolchain/gcc-arm-none-eabi/bin/../lib/gcc/arm-none-eabi/8.3.1/../../../../arm-none-eabi/lib/thumb/v7/nofp\libc.a(lib_a-stdio.o)
                0x80606f68                __swrite
 .text.__sseek  0x80606fa8       0x20 f:/2023-12-29desktop/github/ml307a/tools/toolchain/gcc-arm-none-eabi/bin/../lib/gcc/arm-none-eabi/8.3.1/../../../../arm-none-eabi/lib/thumb/v7/nofp\libc.a(lib_a-stdio.o)
                0x80606fa8                __sseek
 .text.__sclose
                0x80606fc8        0x8 f:/2023-12-29desktop/github/ml307a/tools/toolchain/gcc-arm-none-eabi/bin/../lib/gcc/arm-none-eabi/8.3.1/../../../../arm-none-eabi/lib/thumb/v7/nofp\libc.a(lib_a-stdio.o)
                0x80606fc8                __sclose
 .text.__ssprint_r
                0x80606fd0       0xf8 f:/2023-12-29desktop/github/ml307a/tools/toolchain/gcc-arm-none-eabi/bin/../lib/gcc/arm-none-eabi/8.3.1/../../../../arm-none-eabi/lib/thumb/v7/nofp\libc.a(lib_a-svfiprintf.o)
                0x80606fd0                __ssprint_r
 .text.__sprint_r.part.0
                0x806070c8       0x74 f:/2023-12-29desktop/github/ml307a/tools/toolchain/gcc-arm-none-eabi/bin/../lib/gcc/arm-none-eabi/8.3.1/../../../../arm-none-eabi/lib/thumb/v7/nofp\libc.a(lib_a-vfiprintf.o)
 .text.__sprint_r
                0x8060713c       0x14 f:/2023-12-29desktop/github/ml307a/tools/toolchain/gcc-arm-none-eabi/bin/../lib/gcc/arm-none-eabi/8.3.1/../../../../arm-none-eabi/lib/thumb/v7/nofp\libc.a(lib_a-vfiprintf.o)
                0x8060713c                __sprint_r
 .text.__ascii_wctomb
                0x80607150       0x18 f:/2023-12-29desktop/github/ml307a/tools/toolchain/gcc-arm-none-eabi/bin/../lib/gcc/arm-none-eabi/8.3.1/../../../../arm-none-eabi/lib/thumb/v7/nofp\libc.a(lib_a-wctomb_r.o)
                0x80607150                __ascii_wctomb
 .text._close_r
                0x80607168       0x28 f:/2023-12-29desktop/github/ml307a/tools/toolchain/gcc-arm-none-eabi/bin/../lib/gcc/arm-none-eabi/8.3.1/../../../../arm-none-eabi/lib/thumb/v7/nofp\libc.a(lib_a-closer.o)
                0x80607168                _close_r
 .text._fclose_r
                0x80607190       0xd0 f:/2023-12-29desktop/github/ml307a/tools/toolchain/gcc-arm-none-eabi/bin/../lib/gcc/arm-none-eabi/8.3.1/../../../../arm-none-eabi/lib/thumb/v7/nofp\libc.a(lib_a-fclose.o)
                0x80607190                _fclose_r
 .text.__fputwc
                0x80607260       0xb4 f:/2023-12-29desktop/github/ml307a/tools/toolchain/gcc-arm-none-eabi/bin/../lib/gcc/arm-none-eabi/8.3.1/../../../../arm-none-eabi/lib/thumb/v7/nofp\libc.a(lib_a-fputwc.o)
                0x80607260                __fputwc
 .text._fputwc_r
                0x80607314       0x64 f:/2023-12-29desktop/github/ml307a/tools/toolchain/gcc-arm-none-eabi/bin/../lib/gcc/arm-none-eabi/8.3.1/../../../../arm-none-eabi/lib/thumb/v7/nofp\libc.a(lib_a-fputwc.o)
                0x80607314                _fputwc_r
 .text._fstat_r
                0x80607378       0x2c f:/2023-12-29desktop/github/ml307a/tools/toolchain/gcc-arm-none-eabi/bin/../lib/gcc/arm-none-eabi/8.3.1/../../../../arm-none-eabi/lib/thumb/v7/nofp\libc.a(lib_a-fstatr.o)
                0x80607378                _fstat_r
 .text.__sfvwrite_r
                0x806073a4      0x32c f:/2023-12-29desktop/github/ml307a/tools/toolchain/gcc-arm-none-eabi/bin/../lib/gcc/arm-none-eabi/8.3.1/../../../../arm-none-eabi/lib/thumb/v7/nofp\libc.a(lib_a-fvwrite.o)
                0x806073a4                __sfvwrite_r
 .text._isatty_r
                0x806076d0       0x28 f:/2023-12-29desktop/github/ml307a/tools/toolchain/gcc-arm-none-eabi/bin/../lib/gcc/arm-none-eabi/8.3.1/../../../../arm-none-eabi/lib/thumb/v7/nofp\libc.a(lib_a-isattyr.o)
                0x806076d0                _isatty_r
 .text._lseek_r
                0x806076f8       0x2c f:/2023-12-29desktop/github/ml307a/tools/toolchain/gcc-arm-none-eabi/bin/../lib/gcc/arm-none-eabi/8.3.1/../../../../arm-none-eabi/lib/thumb/v7/nofp\libc.a(lib_a-lseekr.o)
                0x806076f8                _lseek_r
 .text._read_r  0x80607724       0x2c f:/2023-12-29desktop/github/ml307a/tools/toolchain/gcc-arm-none-eabi/bin/../lib/gcc/arm-none-eabi/8.3.1/../../../../arm-none-eabi/lib/thumb/v7/nofp\libc.a(lib_a-readr.o)
                0x80607724                _read_r
 .text._realloc_r
                0x80607750      0x374 f:/2023-12-29desktop/github/ml307a/tools/toolchain/gcc-arm-none-eabi/bin/../lib/gcc/arm-none-eabi/8.3.1/../../../../arm-none-eabi/lib/thumb/v7/nofp\libc.a(lib_a-reallocr.o)
                0x80607750                _realloc_r
 .text.__swbuf_r
                0x80607ac4       0xb0 f:/2023-12-29desktop/github/ml307a/tools/toolchain/gcc-arm-none-eabi/bin/../lib/gcc/arm-none-eabi/8.3.1/../../../../arm-none-eabi/lib/thumb/v7/nofp\libc.a(lib_a-wbuf.o)
                0x80607ac4                __swbuf_r
 .text._wcrtomb_r
                0x80607b74       0x30 f:/2023-12-29desktop/github/ml307a/tools/toolchain/gcc-arm-none-eabi/bin/../lib/gcc/arm-none-eabi/8.3.1/../../../../arm-none-eabi/lib/thumb/v7/nofp\libc.a(lib_a-wcrtomb.o)
                0x80607b74                _wcrtomb_r
 *fill*         0x80607ba4        0x4 
 .text          0x80607ba8      0x278 f:/2023-12-29desktop/github/ml307a/tools/toolchain/gcc-arm-none-eabi/bin/../lib/gcc/arm-none-eabi/8.3.1/thumb/v7/nofp\libgcc.a(_udivsi3.o)
                0x80607ba8                __aeabi_uidiv
                0x80607ba8                __udivsi3
                0x80607e04                __aeabi_uidivmod
 .text          0x80607e20      0x2b0 f:/2023-12-29desktop/github/ml307a/tools/toolchain/gcc-arm-none-eabi/bin/../lib/gcc/arm-none-eabi/8.3.1/thumb/v7/nofp\libgcc.a(_divsi3.o)
                0x80607e20                __divsi3
                0x80607e20                __aeabi_idiv
                0x806080b4                __aeabi_idivmod
 .text          0x806080d0       0x2c f:/2023-12-29desktop/github/ml307a/tools/toolchain/gcc-arm-none-eabi/bin/../lib/gcc/arm-none-eabi/8.3.1/thumb/v7/nofp\libgcc.a(_arm_unorddf2.o)
                0x806080d0                __unorddf2
                0x806080d0                __aeabi_dcmpun
 .text          0x806080fc       0x34 f:/2023-12-29desktop/github/ml307a/tools/toolchain/gcc-arm-none-eabi/bin/../lib/gcc/arm-none-eabi/8.3.1/thumb/v7/nofp\libgcc.a(_fixdfdi.o)
                0x806080fc                __fixdfdi
                0x806080fc                __aeabi_d2lz
 .text          0x80608130       0x3c f:/2023-12-29desktop/github/ml307a/tools/toolchain/gcc-arm-none-eabi/bin/../lib/gcc/arm-none-eabi/8.3.1/thumb/v7/nofp\libgcc.a(_fixunsdfdi.o)
                0x80608130                __fixunsdfdi
                0x80608130                __aeabi_d2ulz
 .text._close   0x8060816c       0x14 f:/2023-12-29desktop/github/ml307a/tools/toolchain/gcc-arm-none-eabi/bin/../lib/gcc/arm-none-eabi/8.3.1/../../../../arm-none-eabi/lib/thumb/v7/nofp\libnosys.a(close.o)
                0x8060816c                _close
 .text._fstat   0x80608180       0x14 f:/2023-12-29desktop/github/ml307a/tools/toolchain/gcc-arm-none-eabi/bin/../lib/gcc/arm-none-eabi/8.3.1/../../../../arm-none-eabi/lib/thumb/v7/nofp\libnosys.a(fstat.o)
                0x80608180                _fstat
 .text._isatty  0x80608194       0x10 f:/2023-12-29desktop/github/ml307a/tools/toolchain/gcc-arm-none-eabi/bin/../lib/gcc/arm-none-eabi/8.3.1/../../../../arm-none-eabi/lib/thumb/v7/nofp\libnosys.a(isatty.o)
                0x80608194                _isatty
 .text._lseek   0x806081a4       0x14 f:/2023-12-29desktop/github/ml307a/tools/toolchain/gcc-arm-none-eabi/bin/../lib/gcc/arm-none-eabi/8.3.1/../../../../arm-none-eabi/lib/thumb/v7/nofp\libnosys.a(lseek.o)
                0x806081a4                _lseek
 .text._read    0x806081b8       0x14 f:/2023-12-29desktop/github/ml307a/tools/toolchain/gcc-arm-none-eabi/bin/../lib/gcc/arm-none-eabi/8.3.1/../../../../arm-none-eabi/lib/thumb/v7/nofp\libnosys.a(read.o)
                0x806081b8                _read
 .text._sbrk    0x806081cc       0x20 f:/2023-12-29desktop/github/ml307a/tools/toolchain/gcc-arm-none-eabi/bin/../lib/gcc/arm-none-eabi/8.3.1/../../../../arm-none-eabi/lib/thumb/v7/nofp\libnosys.a(sbrk.o)
                0x806081cc                _sbrk
 .text._write   0x806081ec       0x14 f:/2023-12-29desktop/github/ml307a/tools/toolchain/gcc-arm-none-eabi/bin/../lib/gcc/arm-none-eabi/8.3.1/../../../../arm-none-eabi/lib/thumb/v7/nofp\libnosys.a(write.o)
                0x806081ec                _write
 .text._exit    0x80608200        0x4 f:/2023-12-29desktop/github/ml307a/tools/toolchain/gcc-arm-none-eabi/bin/../lib/gcc/arm-none-eabi/8.3.1/../../../../arm-none-eabi/lib/thumb/v7/nofp\libnosys.a(_exit.o)
                0x80608200                _exit
 *fill*         0x80608204        0x4 
 .text._exit.__stub
                0x80608208       0xd0 linker stubs
                0x806082d8                __text_vma_end = .
                0x806082d8                . = ALIGN (0x8)
 *fill*         0x806082d8        0x0 
                0x805f8078                __text_lma_start = LOADADDR (.text)

.iplt           0x806082d8        0x0
 .iplt          0x806082d8        0x0 out/build/src/cm_lib/modem/cm_modem.o

.rodata         0x806082d8     0x1228
                0x806082d8                __rodata_vma_start = .
 *(.rdata .rodata .rodata.* .gnu.linkonce.r.*)
 .rodata        0x806082d8      0x172 out/build/src/cm_lib/modem/cm_modem.o
 *fill*         0x8060844a        0x2 
 .rodata        0x8060844c       0x20 out/build/custom/custom_main/src/custom_main.o
 .rodata        0x8060846c       0x2f out/build/custom/custom_main/src/uart.o
 *fill*         0x8060849b        0x1 
 .rodata        0x8060849c      0x32a out/build/custom/custom_main/src/tcp.o
 *fill*         0x806087c6        0x2 
 .rodata        0x806087c8        0x5 out/build/custom/custom_main/src/gps.o
 *fill*         0x806087cd        0x3 
 .rodata.npio2_hw
                0x806087d0       0x80 f:/2023-12-29desktop/github/ml307a/tools/toolchain/gcc-arm-none-eabi/bin/../lib/gcc/arm-none-eabi/8.3.1/../../../../arm-none-eabi/lib/thumb/v7/nofp\libm.a(lib_a-e_rem_pio2.o)
 .rodata.two_over_pi
                0x80608850      0x108 f:/2023-12-29desktop/github/ml307a/tools/toolchain/gcc-arm-none-eabi/bin/../lib/gcc/arm-none-eabi/8.3.1/../../../../arm-none-eabi/lib/thumb/v7/nofp\libm.a(lib_a-e_rem_pio2.o)
 .rodata.PIo2   0x80608958       0x40 f:/2023-12-29desktop/github/ml307a/tools/toolchain/gcc-arm-none-eabi/bin/../lib/gcc/arm-none-eabi/8.3.1/../../../../arm-none-eabi/lib/thumb/v7/nofp\libm.a(lib_a-k_rem_pio2.o)
 .rodata.init_jk
                0x80608998       0x10 f:/2023-12-29desktop/github/ml307a/tools/toolchain/gcc-arm-none-eabi/bin/../lib/gcc/arm-none-eabi/8.3.1/../../../../arm-none-eabi/lib/thumb/v7/nofp\libm.a(lib_a-k_rem_pio2.o)
 .rodata.atanhi
                0x806089a8       0x20 f:/2023-12-29desktop/github/ml307a/tools/toolchain/gcc-arm-none-eabi/bin/../lib/gcc/arm-none-eabi/8.3.1/../../../../arm-none-eabi/lib/thumb/v7/nofp\libm.a(lib_a-s_atan.o)
 .rodata.atanlo
                0x806089c8       0x20 f:/2023-12-29desktop/github/ml307a/tools/toolchain/gcc-arm-none-eabi/bin/../lib/gcc/arm-none-eabi/8.3.1/../../../../arm-none-eabi/lib/thumb/v7/nofp\libm.a(lib_a-s_atan.o)
 .rodata._ctype_
                0x806089e8      0x101 f:/2023-12-29desktop/github/ml307a/tools/toolchain/gcc-arm-none-eabi/bin/../lib/gcc/arm-none-eabi/8.3.1/../../../../arm-none-eabi/lib/thumb/v7/nofp\libc.a(lib_a-ctype_.o)
                0x806089e8                _ctype_
 *fill*         0x80608ae9        0x3 
 .rodata._global_impure_ptr
                0x80608aec        0x4 f:/2023-12-29desktop/github/ml307a/tools/toolchain/gcc-arm-none-eabi/bin/../lib/gcc/arm-none-eabi/8.3.1/../../../../arm-none-eabi/lib/thumb/v7/nofp\libc.a(lib_a-impure.o)
                0x80608aec                _global_impure_ptr
 .rodata._strerror_r.str1.4
                0x80608af0      0x700 f:/2023-12-29desktop/github/ml307a/tools/toolchain/gcc-arm-none-eabi/bin/../lib/gcc/arm-none-eabi/8.3.1/../../../../arm-none-eabi/lib/thumb/v7/nofp\libc.a(lib_a-strerror.o)
                                0x701 (size before relaxing)
 .rodata._strtod_l.str1.4
                0x806091f0        0xf f:/2023-12-29desktop/github/ml307a/tools/toolchain/gcc-arm-none-eabi/bin/../lib/gcc/arm-none-eabi/8.3.1/../../../../arm-none-eabi/lib/thumb/v7/nofp\libc.a(lib_a-strtod.o)
                                 0x11 (size before relaxing)
 *fill*         0x806091ff        0x1 
 .rodata.fpi.6207
                0x80609200       0x14 f:/2023-12-29desktop/github/ml307a/tools/toolchain/gcc-arm-none-eabi/bin/../lib/gcc/arm-none-eabi/8.3.1/../../../../arm-none-eabi/lib/thumb/v7/nofp\libc.a(lib_a-strtod.o)
 .rodata.fpinan.6243
                0x80609214       0x14 f:/2023-12-29desktop/github/ml307a/tools/toolchain/gcc-arm-none-eabi/bin/../lib/gcc/arm-none-eabi/8.3.1/../../../../arm-none-eabi/lib/thumb/v7/nofp\libc.a(lib_a-strtod.o)
 .rodata.tinytens
                0x80609228       0x28 f:/2023-12-29desktop/github/ml307a/tools/toolchain/gcc-arm-none-eabi/bin/../lib/gcc/arm-none-eabi/8.3.1/../../../../arm-none-eabi/lib/thumb/v7/nofp\libc.a(lib_a-strtod.o)
 .rodata._svfprintf_r.str1.4
                0x80609250       0x42 f:/2023-12-29desktop/github/ml307a/tools/toolchain/gcc-arm-none-eabi/bin/../lib/gcc/arm-none-eabi/8.3.1/../../../../arm-none-eabi/lib/thumb/v7/nofp\libc.a(lib_a-svfprintf.o)
 *fill*         0x80609292        0x2 
 .rodata.blanks.7355
                0x80609294       0x10 f:/2023-12-29desktop/github/ml307a/tools/toolchain/gcc-arm-none-eabi/bin/../lib/gcc/arm-none-eabi/8.3.1/../../../../arm-none-eabi/lib/thumb/v7/nofp\libc.a(lib_a-svfprintf.o)
 .rodata.zeroes.7356
                0x806092a4       0x10 f:/2023-12-29desktop/github/ml307a/tools/toolchain/gcc-arm-none-eabi/bin/../lib/gcc/arm-none-eabi/8.3.1/../../../../arm-none-eabi/lib/thumb/v7/nofp\libc.a(lib_a-svfprintf.o)
 .rodata._vfprintf_r.str1.4
                0x806092b4       0x42 f:/2023-12-29desktop/github/ml307a/tools/toolchain/gcc-arm-none-eabi/bin/../lib/gcc/arm-none-eabi/8.3.1/../../../../arm-none-eabi/lib/thumb/v7/nofp\libc.a(lib_a-vfprintf.o)
 .rodata.blanks.7370
                0x806092b4       0x10 f:/2023-12-29desktop/github/ml307a/tools/toolchain/gcc-arm-none-eabi/bin/../lib/gcc/arm-none-eabi/8.3.1/../../../../arm-none-eabi/lib/thumb/v7/nofp\libc.a(lib_a-vfprintf.o)
 .rodata.zeroes.7371
                0x806092c4       0x10 f:/2023-12-29desktop/github/ml307a/tools/toolchain/gcc-arm-none-eabi/bin/../lib/gcc/arm-none-eabi/8.3.1/../../../../arm-none-eabi/lib/thumb/v7/nofp\libc.a(lib_a-vfprintf.o)
 .rodata._dtoa_r.str1.4
                0x806092d4        0xd f:/2023-12-29desktop/github/ml307a/tools/toolchain/gcc-arm-none-eabi/bin/../lib/gcc/arm-none-eabi/8.3.1/../../../../arm-none-eabi/lib/thumb/v7/nofp\libc.a(lib_a-dtoa.o)
                                 0x12 (size before relaxing)
 *fill*         0x806092e1        0x3 
 .rodata.__hexdig
                0x806092e4      0x100 f:/2023-12-29desktop/github/ml307a/tools/toolchain/gcc-arm-none-eabi/bin/../lib/gcc/arm-none-eabi/8.3.1/../../../../arm-none-eabi/lib/thumb/v7/nofp\libc.a(lib_a-gdtoa-gethex.o)
                0x806092e4                __hexdig
 .rodata._C_numeric_locale
                0x806093e4        0xc f:/2023-12-29desktop/github/ml307a/tools/toolchain/gcc-arm-none-eabi/bin/../lib/gcc/arm-none-eabi/8.3.1/../../../../arm-none-eabi/lib/thumb/v7/nofp\libc.a(lib_a-lnumeric.o)
                0x806093e4                _C_numeric_locale
 .rodata.str1.4
                0x806093f0        0x2 f:/2023-12-29desktop/github/ml307a/tools/toolchain/gcc-arm-none-eabi/bin/../lib/gcc/arm-none-eabi/8.3.1/../../../../arm-none-eabi/lib/thumb/v7/nofp\libc.a(lib_a-lnumeric.o)
                                  0x5 (size before relaxing)
 *fill*         0x806093f2        0x2 
 .rodata._setlocale_r.str1.4
                0x806093f4        0xc f:/2023-12-29desktop/github/ml307a/tools/toolchain/gcc-arm-none-eabi/bin/../lib/gcc/arm-none-eabi/8.3.1/../../../../arm-none-eabi/lib/thumb/v7/nofp\libc.a(lib_a-locale.o)
                                  0xd (size before relaxing)
 .rodata.str1.4
                0x80609400        0x2 f:/2023-12-29desktop/github/ml307a/tools/toolchain/gcc-arm-none-eabi/bin/../lib/gcc/arm-none-eabi/8.3.1/../../../../arm-none-eabi/lib/thumb/v7/nofp\libc.a(lib_a-locale.o)
 .rodata.__mprec_bigtens
                0x80609400       0x28 f:/2023-12-29desktop/github/ml307a/tools/toolchain/gcc-arm-none-eabi/bin/../lib/gcc/arm-none-eabi/8.3.1/../../../../arm-none-eabi/lib/thumb/v7/nofp\libc.a(lib_a-mprec.o)
                0x80609400                __mprec_bigtens
 .rodata.__mprec_tens
                0x80609428       0xc8 f:/2023-12-29desktop/github/ml307a/tools/toolchain/gcc-arm-none-eabi/bin/../lib/gcc/arm-none-eabi/8.3.1/../../../../arm-none-eabi/lib/thumb/v7/nofp\libc.a(lib_a-mprec.o)
                0x80609428                __mprec_tens
 .rodata.p05.6125
                0x806094f0        0xc f:/2023-12-29desktop/github/ml307a/tools/toolchain/gcc-arm-none-eabi/bin/../lib/gcc/arm-none-eabi/8.3.1/../../../../arm-none-eabi/lib/thumb/v7/nofp\libc.a(lib_a-mprec.o)
                0x806094fc                __rodata_vma_end = .
                0x80609500                . = ALIGN (0x8)
 *fill*         0x806094fc        0x4 
                0x806082d8                __rodata_lma_start = LOADADDR (.rodata)

.ARM.exidx      0x80609500        0x8
 .ARM.exidx     0x80609500        0x8 f:/2023-12-29desktop/github/ml307a/tools/toolchain/gcc-arm-none-eabi/bin/../lib/gcc/arm-none-eabi/8.3.1/thumb/v7/nofp\libgcc.a(_udivmoddi4.o)
                0x7e380000                . = ORIGIN (ram)
                0x7e380000                __ram_start = .

.sramtext       0x7e380000      0xa30 load address 0x80609508
                0x7e380000                __sramtext_vma_start = .
 *cm_stub_DSLN.o(.text .text.* .gnu.linkonce.t.* .glue_7 .glue_7t .vfp11_veneer .v4_bx)
 .text          0x7e380000      0xa30 prebuild/objs/ML307A/DSLN/cm_stub_DSLN.o
                0x7e380000                osDelay
                0x7e380004                osThreadNew
                0x7e380008                osThreadExit
                0x7e38000c                osThreadGetName
                0x7e380010                osThreadGetId
                0x7e380014                osThreadGetStackSpace
                0x7e380018                osTimerGetName
                0x7e38001c                osThreadTerminate
                0x7e380020                osKernelGetTickFreq
                0x7e380024                osKernelGetTickCount
                0x7e380028                osKernelLock
                0x7e38002c                osKernelUnlock
                0x7e380030                osThreadGetState
                0x7e380034                osThreadGetStackSize
                0x7e380038                osThreadSetPriority
                0x7e38003c                osThreadGetPriority
                0x7e380040                osThreadSuspend
                0x7e380044                osThreadResume
                0x7e380048                osThreadYield
                0x7e38004c                osThreadGetCount
                0x7e380050                osTimerNew
                0x7e380054                osTimerStart
                0x7e380058                osTimerStop
                0x7e38005c                osTimerIsRunning
                0x7e380060                osTimerDelete
                0x7e380064                osEventFlagsGet
                0x7e380068                osEventFlagsClear
                0x7e38006c                osMutexGetOwner
                0x7e380070                osSemaphoreGetCount
                0x7e380074                osSemaphoreDelete
                0x7e380078                osMessageQueueGetCapacity
                0x7e38007c                osMessageQueueGetMsgSize
                0x7e380080                osMessageQueueGetCount
                0x7e380084                osMessageQueueGetSpace
                0x7e380088                osMessageQueueReset
                0x7e38008c                osMessageQueueDelete
                0x7e380090                cm_printf
                0x7e380094                RTI_LOG
                0x7e380098                cm_uart_open
                0x7e38009c                cm_uart_register_event
                0x7e3800a0                cm_uart_close
                0x7e3800a4                cm_uart_write
                0x7e3800a8                cm_uart_read
                0x7e3800ac                osSemaphoreNew
                0x7e3800b0                osSemaphoreRelease
                0x7e3800b4                cm_log_printf
                0x7e3800b8                cm_sys_get_imei
                0x7e3800bc                cm_sys_get_sn
                0x7e3800c0                cm_sys_get_cm_ver
                0x7e3800c4                cm_sim_get_imsi
                0x7e3800c8                osSemaphoreAcquire
                0x7e3800cc                osEventFlagsNew
                0x7e3800d0                osEventFlagsWait
                0x7e3800d4                osEventFlagsSet
                0x7e3800d8                osMessageQueueGet
                0x7e3800dc                osMessageQueueNew
                0x7e3800e0                osMessageQueuePut
                0x7e3800e4                cm_malloc
                0x7e3800e8                cm_realloc
                0x7e3800ec                cm_calloc
                0x7e3800f0                cm_free
                0x7e3800f4                cm_asocket_eloop
                0x7e3800f8                cm_asocket_open
                0x7e3800fc                cm_asocket_connect
                0x7e380100                cm_asocket_close
                0x7e380104                cm_asocket_init
                0x7e380108                cm_async_dns_set_priority
                0x7e38010c                cm_async_dns_eloop
                0x7e380110                cm_async_dns_init
                0x7e380114                cm_async_dns_request_ex
                0x7e380118                cm_eloop_create
                0x7e38011c                cm_eloop_delete
                0x7e380120                cm_eloop_wait_event
                0x7e380124                cm_eloop_register_event
                0x7e380128                cm_eloop_unregister_event
                0x7e38012c                cm_eloop_post_event
                0x7e380130                cm_eloop_default
                0x7e380134                lwip_socket_init
                0x7e380138                lwip_accept
                0x7e38013c                lwip_bind
                0x7e380140                lwip_shutdown
                0x7e380144                lwip_shutdown2
                0x7e380148                lwip_getsockname
                0x7e38014c                lwip_getpeername
                0x7e380150                lwip_setsockopt
                0x7e380154                lwip_getsockopt
                0x7e380158                lwip_close
                0x7e38015c                lwip_close2
                0x7e380160                lwip_connect
                0x7e380164                lwip_listen
                0x7e380168                lwip_recv
                0x7e38016c                lwip_read
                0x7e380170                lwip_recvfrom
                0x7e380174                lwip_send
                0x7e380178                lwip_sendto
                0x7e38017c                lwip_socket
                0x7e380180                lwip_socket_with_callback
                0x7e380184                lwip_write
                0x7e380188                lwip_select
                0x7e38018c                lwip_ioctl
                0x7e380190                lwip_fcntl
                0x7e380194                lwip_eventfd
                0x7e380198                lwip_getthreaderrno
                0x7e38019c                lwip_getsockvalid
                0x7e3801a0                lwip_getsockerrno
                0x7e3801a4                lwip_getsocktype
                0x7e3801a8                lwip_getsocknetconn
                0x7e3801ac                lwip_getsocktcppcb
                0x7e3801b0                lwip_getsockudppcb
                0x7e3801b4                lwip_get_sock_localport
                0x7e3801b8                lwip_get_sock_remoteport
                0x7e3801bc                lwip_get_sock_isipv6
                0x7e3801c0                lwip_get_sock_pdu_offset
                0x7e3801c4                lwip_trigger_process
                0x7e3801c8                lwip_get_sock_localipXaddr
                0x7e3801cc                lwip_get_sock_remoteipXaddr
                0x7e3801d0                lwip_get_sock_vlanid
                0x7e3801d4                readn
                0x7e3801d8                writen
                0x7e3801dc                readline
                0x7e3801e0                lwip_readv
                0x7e3801e4                lwip_writev
                0x7e3801e8                lwip_recvmsg
                0x7e3801ec                lwip_sendmsg
                0x7e3801f0                ipaddr_addr
                0x7e3801f4                ipaddr_aton
                0x7e3801f8                ipaddr_ntoa
                0x7e3801fc                ip6addr_aton
                0x7e380200                ip6addr_ntoa
                0x7e380204                inet_ntop
                0x7e380208                inet_pton
                0x7e38020c                lwip_gethostbyname
                0x7e380210                lwip_getaddrinfo
                0x7e380214                lwip_freeaddrinfo
                0x7e380218                dns_gethostbyname
                0x7e38021c                get_lwip_errno
                0x7e380220                get_tx_byte_all
                0x7e380224                get_rx_byte_all
                0x7e380228                osEventFlagsDelete
                0x7e38022c                osMutexDelete
                0x7e380230                osMutexNew
                0x7e380234                osMutexAcquire
                0x7e380238                osMutexRelease
                0x7e38023c                cm_mem_get_heap_stats
                0x7e380240                cm_gpio_init
                0x7e380244                cm_gpio_deinit
                0x7e380248                cm_gpio_set_level
                0x7e38024c                cm_gpio_get_level
                0x7e380250                cm_gpio_set_pull
                0x7e380254                cm_gpio_get_pull
                0x7e380258                cm_gpio_set_direction
                0x7e38025c                cm_gpio_get_direction
                0x7e380260                cm_gpio_interrupt_register
                0x7e380264                cm_gpio_interrupt_enable
                0x7e380268                cm_gpio_interrupt_disable
                0x7e38026c                cm_gpio_ioctl
                0x7e380270                cm_iomux_set_pin_func
                0x7e380274                cm_iomux_get_pin_func
                0x7e380278                cm_iomux_set_pin_cmd
                0x7e38027c                cm_pm_reboot
                0x7e380280                cm_pm_poweroff
                0x7e380284                cm_pm_get_power_on_reason
                0x7e380288                cm_pm_set_mode
                0x7e38028c                cm_pm_get_mode
                0x7e380290                cm_pm_work_lock
                0x7e380294                cm_pm_work_unlock
                0x7e380298                cm_pm_init
                0x7e38029c                cm_pm_powerkey_regist_callback
                0x7e3802a0                cm_keypad_config
                0x7e3802a4                cm_keypad_init
                0x7e3802a8                cm_keypad_register
                0x7e3802ac                cm_keypad_unregister
                0x7e3802b0                cm_keypad_deinit
                0x7e3802b4                cm_pwm_open_ns
                0x7e3802b8                cm_pwm_close
                0x7e3802bc                cm_lbs_init
                0x7e3802c0                cm_lbs_deinit
                0x7e3802c4                cm_lbs_location
                0x7e3802c8                cm_lbs_get_attr
                0x7e3802cc                cm_fs_open
                0x7e3802d0                cm_fs_close
                0x7e3802d4                cm_fs_read
                0x7e3802d8                cm_fs_write
                0x7e3802dc                cm_fs_sync
                0x7e3802e0                cm_fs_seek
                0x7e3802e4                cm_fs_delete
                0x7e3802e8                cm_fs_move
                0x7e3802ec                cm_fs_exist
                0x7e3802f0                cm_fs_filesize
                0x7e3802f4                cm_fs_getinfo
                0x7e3802f8                cm_ssl_setopt
                0x7e3802fc                cm_ssl_conn
                0x7e380300                cm_ssl_close
                0x7e380304                cm_ssl_write
                0x7e380308                cm_ssl_read
                0x7e38030c                cm_ssl_check_pending
                0x7e380310                cm_ssl_get_bytes_avail
                0x7e380314                cm_httpclient_uri_encode
                0x7e380318                cm_httpclient_uri_encode_component
                0x7e38031c                cm_httpclient_create
                0x7e380320                cm_httpclient_delete
                0x7e380324                cm_httpclient_is_busy
                0x7e380328                cm_httpclient_set_cfg
                0x7e38032c                cm_httpclient_terminate
                0x7e380330                cm_httpclient_custom_header_set
                0x7e380334                cm_httpclient_custom_header_free
                0x7e380338                cm_httpclient_specific_header_set
                0x7e38033c                cm_httpclient_specific_header_free
                0x7e380340                cm_httpclient_get_response_code
                0x7e380344                cm_httpclient_parse_header
                0x7e380348                cm_httpclient_sync_request
                0x7e38034c                cm_httpclient_sync_free_data
                0x7e380350                cm_httpclient_request_start
                0x7e380354                cm_httpclient_request_send
                0x7e380358                cm_httpclient_request_end
                0x7e38035c                cm_virt_at_init
                0x7e380360                cm_virt_at_send
                0x7e380364                cm_virt_at_get
                0x7e380368                cm_virt_at_deinit
                0x7e38036c                cm_virt_at_urc_reg
                0x7e380370                cm_virt_at_sms_send
                0x7e380374                cm_virt_at_msg_memory
                0x7e380378                cm_modem_info_cell
                0x7e38037c                cm_modem_info_radio
                0x7e380380                cm_rtc_set_timezone
                0x7e380384                cm_rtc_get_timezone
                0x7e380388                cm_rtc_set_current_time
                0x7e38038c                cm_rtc_get_current_time
                0x7e380390                cm_ntp_sync
                0x7e380394                cm_ntp_set_cfg
                0x7e380398                cm_i2c_open
                0x7e38039c                cm_i2c_close
                0x7e3803a0                cm_i2c_write
                0x7e3803a4                cm_i2c_read
                0x7e3803a8                cm_adc_read
                0x7e3803ac                cm_spi_open
                0x7e3803b0                cm_spi_close
                0x7e3803b4                cm_spi_write
                0x7e3803b8                cm_spi_read
                0x7e3803bc                cm_spi_write_then_read
                0x7e3803c0                cm_mqtt_client_create
                0x7e3803c4                cm_mqtt_client_destroy
                0x7e3803c8                cm_mqtt_client_connect
                0x7e3803cc                cm_mqtt_client_publish
                0x7e3803d0                cm_mqtt_client_subscribe
                0x7e3803d4                cm_mqtt_client_unsubscribe
                0x7e3803d8                cm_mqtt_client_disconnect
                0x7e3803dc                cm_mqtt_client_set_opt
                0x7e3803e0                cm_mqtt_client_get_msgid
                0x7e3803e4                cm_mqtt_client_get_state
                0x7e3803e8                cm_mqtt_client_get_sub_topics
                0x7e3803ec                linklist_next_element
                0x7e3803f0                cm_audio_play_set_cfg
                0x7e3803f4                cm_audio_play_get_cfg
                0x7e3803f8                cm_audio_play_file
                0x7e3803fc                cm_audio_player_pause
                0x7e380400                cm_audio_player_resume
                0x7e380404                cm_audio_player_stop
                0x7e380408                cm_audio_player_stream_open
                0x7e38040c                cm_audio_player_stream_push
                0x7e380410                cm_audio_player_stream_close
                0x7e380414                cm_audio_record_set_cfg
                0x7e380418                cm_audio_record_get_cfg
                0x7e38041c                cm_audio_recorder_start
                0x7e380420                cm_audio_recorder_stop
                0x7e380424                cm_fota_init
                0x7e380428                cm_fota_set_url
                0x7e38042c                cm_fota_set_auth
                0x7e380430                cm_fota_read_config
                0x7e380434                cm_fota_exec_upgrade
                0x7e380438                cm_fota_set_reboot_time
                0x7e38043c                cm_fota_set_ota_plan
                0x7e380440                cm_fota_get_ota_plan
                0x7e380444                cm_fota_res_callback_register
                0x7e380448                cm_tts_init
                0x7e38044c                cm_tts_deinit
                0x7e380450                cm_tts_play
                0x7e380454                cm_tts_play_stop
                0x7e380458                cm_tts_synth
                0x7e38045c                cm_tts_get_state
                0x7e380460                cm_write_tts_encrypt
                0x7e380464                cm_read_tts_encrypt
                0x7e380468                cm_cert_imei
                0x7e38046c                cm_get_ipv4v6_local_addr
                0x7e380470                cm_async_dns_get_type_by_priority
                0x7e380474                cm_sd_is_formatted
                0x7e380478                cm_sd_format
                0x7e38047c                cm_sd_fopen
                0x7e380480                cm_sd_fclose
                0x7e380484                cm_sd_fread
                0x7e380488                cm_sd_fwrite
                0x7e38048c                cm_sd_fseek
                0x7e380490                cm_sd_fdelete
                0x7e380494                cm_sd_fmove
                0x7e380498                cm_sd_exist
                0x7e38049c                cm_sd_filesize
                0x7e3804a0                cm_sd_mkdir
                0x7e3804a4                cm_sd_rmdir
                0x7e3804a8                cm_sd_set_currentdir
                0x7e3804ac                cm_sd_get_currentdir
                0x7e3804b0                cm_sd_getinfo
                0x7e3804b4                FAT_findfirst
                0x7e3804b8                FAT_findnext
                0x7e3804bc                FAT_findfileclose
                0x7e3804c0                cm_lcd_write_cmd
                0x7e3804c4                cm_lcd_write_data
                0x7e3804c8                cm_lcd_write_buf
                0x7e3804cc                cm_lcd_init
                0x7e3804d0                cm_lcd_deinit
                0x7e3804d4                cm_wifiscan_cfg
                0x7e3804d8                cm_wifiscan_start
                0x7e3804dc                cm_wifiscan_stop
                0x7e3804e0                cm_wifiscan_query
                0x7e3804e4                cm_camera_sensor_set_mclk
                0x7e3804e8                cm_camera_sensor_set_data
                0x7e3804ec                cm_camera_get_info
                0x7e3804f0                cm_camera_open
                0x7e3804f4                cm_camera_close
                0x7e3804f8                cm_camera_preview_start
                0x7e3804fc                cm_camera_preview_stop
                0x7e380500                cm_camera_capture_take
                0x7e380504                cm_camera_sensor_i2c_read
                0x7e380508                cm_camera_sensor_i2c_write
                0x7e38050c                cm_camera_sensor_i2c_write_single
                0x7e380510                time
                0x7e380514                gettimeofday
 *.sram.o(.text .text.* .gnu.linkonce.t.* .glue_7 .glue_7t .vfp11_veneer .v4_bx)
 *lib_tts.a:(.text .text.* .gnu.linkonce.t.* .glue_7 .glue_7t .vfp11_veneer .v4_bx)
 *(.sramtext)
                0x7e380a30                __sramtext_vma_end = .
                0x7e380a30                . = ALIGN (0x8)
                0x80609508                __sramtext_lma_start = LOADADDR (.sramtext)

.rel.dyn        0x80609f38        0x0
 .rel.iplt      0x80609f38        0x0 out/build/src/cm_lib/modem/cm_modem.o

.data           0x7e380a30      0x9e0 load address 0x80609f38
                0x7e380a30                __data_vma_start = .
 *(.data .data.* .gnu.linkonce.d.*)
 .data.delimiter1
                0x7e380a30        0x4 out/build/custom/custom_main/src/uart.o
                0x7e380a30                delimiter1
 .data.SERVER_PORT
                0x7e380a34        0x4 out/build/custom/custom_main/src/tcp.o
                0x7e380a34                SERVER_PORT
 .data.x_PI     0x7e380a38        0x8 out/build/custom/custom_main/src/gps.o
                0x7e380a38                x_PI
 .data.PI       0x7e380a40        0x8 out/build/custom/custom_main/src/gps.o
                0x7e380a40                PI
 .data.ee       0x7e380a48        0x8 out/build/custom/custom_main/src/gps.o
                0x7e380a48                ee
 .data.a        0x7e380a50        0x8 out/build/custom/custom_main/src/gps.o
                0x7e380a50                a
 .data.__fdlib_version
                0x7e380a58        0x1 f:/2023-12-29desktop/github/ml307a/tools/toolchain/gcc-arm-none-eabi/bin/../lib/gcc/arm-none-eabi/8.3.1/../../../../arm-none-eabi/lib/thumb/v7/nofp\libm.a(lib_a-s_lib_ver.o)
                0x7e380a58                __fdlib_version
 *fill*         0x7e380a59        0x3 
 .data._impure_ptr
                0x7e380a5c        0x4 f:/2023-12-29desktop/github/ml307a/tools/toolchain/gcc-arm-none-eabi/bin/../lib/gcc/arm-none-eabi/8.3.1/../../../../arm-none-eabi/lib/thumb/v7/nofp\libc.a(lib_a-impure.o)
                0x7e380a5c                _impure_ptr
 .data.impure_data
                0x7e380a60      0x428 f:/2023-12-29desktop/github/ml307a/tools/toolchain/gcc-arm-none-eabi/bin/../lib/gcc/arm-none-eabi/8.3.1/../../../../arm-none-eabi/lib/thumb/v7/nofp\libc.a(lib_a-impure.o)
 .data.__malloc_av_
                0x7e380e88      0x408 f:/2023-12-29desktop/github/ml307a/tools/toolchain/gcc-arm-none-eabi/bin/../lib/gcc/arm-none-eabi/8.3.1/../../../../arm-none-eabi/lib/thumb/v7/nofp\libc.a(lib_a-mallocr.o)
                0x7e380e88                __malloc_av_
 .data.__malloc_sbrk_base
                0x7e381290        0x4 f:/2023-12-29desktop/github/ml307a/tools/toolchain/gcc-arm-none-eabi/bin/../lib/gcc/arm-none-eabi/8.3.1/../../../../arm-none-eabi/lib/thumb/v7/nofp\libc.a(lib_a-mallocr.o)
                0x7e381290                __malloc_sbrk_base
 .data.__malloc_trim_threshold
                0x7e381294        0x4 f:/2023-12-29desktop/github/ml307a/tools/toolchain/gcc-arm-none-eabi/bin/../lib/gcc/arm-none-eabi/8.3.1/../../../../arm-none-eabi/lib/thumb/v7/nofp\libc.a(lib_a-mallocr.o)
                0x7e381294                __malloc_trim_threshold
 .data.__atexit_recursive_mutex
                0x7e381298        0x4 f:/2023-12-29desktop/github/ml307a/tools/toolchain/gcc-arm-none-eabi/bin/../lib/gcc/arm-none-eabi/8.3.1/../../../../arm-none-eabi/lib/thumb/v7/nofp\libc.a(lib_a-__call_atexit.o)
                0x7e381298                __atexit_recursive_mutex
 .data.numempty
                0x7e38129c        0x2 f:/2023-12-29desktop/github/ml307a/tools/toolchain/gcc-arm-none-eabi/bin/../lib/gcc/arm-none-eabi/8.3.1/../../../../arm-none-eabi/lib/thumb/v7/nofp\libc.a(lib_a-lnumeric.o)
 *fill*         0x7e38129e        0x2 
 .data.__global_locale
                0x7e3812a0      0x16c f:/2023-12-29desktop/github/ml307a/tools/toolchain/gcc-arm-none-eabi/bin/../lib/gcc/arm-none-eabi/8.3.1/../../../../arm-none-eabi/lib/thumb/v7/nofp\libc.a(lib_a-locale.o)
                0x7e3812a0                __global_locale
                0x7e38140c                __data_vma_end = .
                0x7e381410                . = ALIGN (0x8)
 *fill*         0x7e38140c        0x4 
                0x80609f38                __data_lma_start = LOADADDR (.data)

.igot.plt       0x8060a918        0x0
 .igot.plt      0x8060a918        0x0 out/build/src/cm_lib/modem/cm_modem.o

.bss            0x7e381410     0x2850
                0x7e381410                __bss_vma_start = .
 *(.bss .bss.* COMMON .scommon .sbss .sbss.* .sbss2 .sbss2.* .gnu.linkonce.b.*)
 .bss.modem_mq  0x7e381410        0x4 out/build/src/cm_lib/modem/cm_modem.o
                0x7e381410                modem_mq
 *fill*         0x7e381414        0x4 
 COMMON         0x7e381418     0x115f out/build/custom/custom_main/src/custom_main.o
                0x7e381418                GPRMC_Struct
                0x7e38156c                rxBuff1
                0x7e38188c                cmd_task_flag
                0x7e381890                SLAVE_Struct
                0x7e381954                OC_APP_TaskHandle
                0x7e381958                rxBuff2
                0x7e381c78                txBuff1
                0x7e381ed0                gcj_pos
                0x7e381ee0                bd_pos
                0x7e381ef0                CORS_Struct
                0x7e381fbc                txBuff0
                0x7e382214                rxBuff0
                0x7e382470                GPGGA_Struct
                0x7e382510                MOTOR_Struct
 *fill*         0x7e382577        0x1 
 .bss.u0_uart_sem
                0x7e382578        0x4 out/build/custom/custom_main/src/uart.o
                0x7e382578                u0_uart_sem
 .bss.u1_uart_sem
                0x7e38257c        0x4 out/build/custom/custom_main/src/uart.o
                0x7e38257c                u1_uart_sem
 COMMON         0x7e382580      0x190 out/build/custom/custom_main/src/uart.o
                0x7e382580                inf1
                0x7e3825e4                inf3
                0x7e382648                inf2
                0x7e3826ac                corsString
 .bss.timeout   0x7e382710        0x4 out/build/custom/custom_main/src/tcp.o
                0x7e382710                timeout
 .bss.timeout1  0x7e382714        0x4 out/build/custom/custom_main/src/tcp.o
                0x7e382714                timeout1
 .bss.wgs84_lon
                0x7e382718        0x8 out/build/custom/custom_main/src/tcp.o
                0x7e382718                wgs84_lon
 .bss.wgs84_lat
                0x7e382720        0x8 out/build/custom/custom_main/src/tcp.o
                0x7e382720                wgs84_lat
 .bss.gcj02_lon
                0x7e382728        0x8 out/build/custom/custom_main/src/tcp.o
                0x7e382728                gcj02_lon
 .bss.gcj02_lat
                0x7e382730        0x8 out/build/custom/custom_main/src/tcp.o
                0x7e382730                gcj02_lat
 .bss.bd09_lon  0x7e382738        0x8 out/build/custom/custom_main/src/tcp.o
                0x7e382738                bd09_lon
 .bss.bd09_lat  0x7e382740        0x8 out/build/custom/custom_main/src/tcp.o
                0x7e382740                bd09_lat
 .bss.count1    0x7e382748        0x4 out/build/custom/custom_main/src/tcp.o
                0x7e382748                count1
 .bss.count2    0x7e38274c        0x4 out/build/custom/custom_main/src/tcp.o
                0x7e38274c                count2
 COMMON         0x7e382750     0x12b8 out/build/custom/custom_main/src/tcp.o
                0x7e382750                hints
                0x7e382770                p
                0x7e382774                sockfd
                0x7e382778                part1
                0x7e38278c                strx1
                0x7e382854                TCPrxBuf2
                0x7e382d04                Corsserv_addr
                0x7e382d14                ipstr
                0x7e382d28                TCPrxBuff
                0x7e383114                tcp1serv_addr
                0x7e383124                CORSport
                0x7e383128                info2
                0x7e38318c                part4
                0x7e38331c                CORSaccpass
                0x7e383380                TCPrxBuf1
                0x7e383510                CORScount
                0x7e383524                info3
                0x7e383588                tcp1sockfd
                0x7e38358c                part3
                0x7e383598                Corsipstr
                0x7e3835ac                baiduipstr
                0x7e3835c0                info1
                0x7e383624                TCPrxBuf3
                0x7e3837b4                ipstr1
                0x7e3837c4                part2
                0x7e38385c                res
                0x7e383860                serv_addr
                0x7e383870                Corssockfd
                0x7e383874                tempString
                0x7e38393c                strx2
                0x7e383a04                status
 COMMON         0x7e383a08      0x1f4 out/build/custom/custom_main/src/gps.o
                0x7e383a08                GGAString1
                0x7e383ad0                GGAString
                0x7e383b34                GSVString
                0x7e383b98                RMCString
 .bss.__malloc_current_mallinfo
                0x7e383bfc       0x28 f:/2023-12-29desktop/github/ml307a/tools/toolchain/gcc-arm-none-eabi/bin/../lib/gcc/arm-none-eabi/8.3.1/../../../../arm-none-eabi/lib/thumb/v7/nofp\libc.a(lib_a-mallocr.o)
                0x7e383bfc                __malloc_current_mallinfo
 .bss.__malloc_max_sbrked_mem
                0x7e383c24        0x4 f:/2023-12-29desktop/github/ml307a/tools/toolchain/gcc-arm-none-eabi/bin/../lib/gcc/arm-none-eabi/8.3.1/../../../../arm-none-eabi/lib/thumb/v7/nofp\libc.a(lib_a-mallocr.o)
                0x7e383c24                __malloc_max_sbrked_mem
 .bss.__malloc_max_total_mem
                0x7e383c28        0x4 f:/2023-12-29desktop/github/ml307a/tools/toolchain/gcc-arm-none-eabi/bin/../lib/gcc/arm-none-eabi/8.3.1/../../../../arm-none-eabi/lib/thumb/v7/nofp\libc.a(lib_a-mallocr.o)
                0x7e383c28                __malloc_max_total_mem
 .bss.__malloc_top_pad
                0x7e383c2c        0x4 f:/2023-12-29desktop/github/ml307a/tools/toolchain/gcc-arm-none-eabi/bin/../lib/gcc/arm-none-eabi/8.3.1/../../../../arm-none-eabi/lib/thumb/v7/nofp\libc.a(lib_a-mallocr.o)
                0x7e383c2c                __malloc_top_pad
 COMMON         0x7e383c30       0x21 f:/2023-12-29desktop/github/ml307a/tools/toolchain/gcc-arm-none-eabi/bin/../lib/gcc/arm-none-eabi/8.3.1/../../../../arm-none-eabi/lib/thumb/v7/nofp\libc.a(lib_a-lock.o)
                0x7e383c30                __lock___atexit_recursive_mutex
                0x7e383c34                __lock___arc4random_mutex
                0x7e383c38                __lock___env_recursive_mutex
                0x7e383c3c                __lock___sinit_recursive_mutex
                0x7e383c40                __lock___malloc_recursive_mutex
                0x7e383c44                __lock___at_quick_exit_mutex
                0x7e383c48                __lock___dd_hash_mutex
                0x7e383c4c                __lock___tz_mutex
                0x7e383c50                __lock___sfp_recursive_mutex
 *fill*         0x7e383c51        0x3 
 COMMON         0x7e383c54        0x4 f:/2023-12-29desktop/github/ml307a/tools/toolchain/gcc-arm-none-eabi/bin/../lib/gcc/arm-none-eabi/8.3.1/../../../../arm-none-eabi/lib/thumb/v7/nofp\libc.a(lib_a-reent.o)
                0x7e383c54                errno
 .bss.heap_end.4194
                0x7e383c58        0x4 f:/2023-12-29desktop/github/ml307a/tools/toolchain/gcc-arm-none-eabi/bin/../lib/gcc/arm-none-eabi/8.3.1/../../../../arm-none-eabi/lib/thumb/v7/nofp\libnosys.a(sbrk.o)
                0x7e383c5c                __bss_vma_end = .
                0x7e383c60                . = ALIGN (0x8)
 *fill*         0x7e383c5c        0x4 
                0x7e381410                __bss_lma_start = LOADADDR (.bss)
                0x8060a918                __flash_end = (LOADADDR (.data) + SIZEOF (.data))
                0x7e383c60                __ram_end = (ADDR (.bss) + SIZEOF (.bss))
                0x7e383c60                end = __ram_end
                0x0007c3a0                __ram_reserve = ((ORIGIN (ram) + LENGTH (ram)) - __ram_end)
                0x000ed6e8                __flash_reserve = ((ORIGIN (flash) + LENGTH (flash)) - __flash_end)
                0x00000001                ASSERT ((__flash_end <= (ORIGIN (flash) + LENGTH (flash))), FLASH overflow)
                0x00000001                ASSERT ((__ram_end <= (ORIGIN (ram) + LENGTH (ram))), RAM overflow)
OUTPUT(out/images/ML307A/DSLN/ML307A_DSLN_APP.elf elf32-littlearm)

.debug_info     0x00000000     0x9778
 .debug_info    0x00000000     0x189e out/build/src/cm_lib/modem/cm_modem.o
 .debug_info    0x0000189e     0x1b13 out/build/custom/custom_main/src/custom_main.o